---
source: compiler/driver/tests/fixtures.rs
expression: snapshot
---
== ast ==
SourceFile
  interface Continuation<in T>
    fun resume
    fun resumeWithException
  interface SuspendTask<out T>
    suspend fun run
  interface SuspendRegistration<out T>
    fun register
  struct FunctionSuspendTask<T> : SuspendTask<T>
    field task: suspend () -> T
    suspend fun run
  struct FunctionSuspendRegistration<T> : SuspendRegistration<T>
    field registration: (Continuation<T>) -> Unit
    fun register
    @Intrinsic("coroutine_start")
  fun startCoroutine<T>(task: SuspendTask<T>, completion: Continuation<T>)
    @Intrinsic("coroutine_suspend")
  suspend fun suspendCoroutine<T>(registration: SuspendRegistration<T>): T
  fun startCoroutine<T>(task: suspend () -> T, completion: Continuation<T>)
    Call startCoroutine
      Call FunctionSuspendTask
        Var task
      Var completion
  suspend fun suspendCoroutine<T>(registration: (Continuation<T>) -> Unit): T
    =
      Call suspendCoroutine
        Call FunctionSuspendRegistration
          Var registration
SourceFile
  struct Ptr<T : value>
    field _rawPointer: UInt
    operator fun equals
    fun toUInt
    fun cast
    fun load
    fun load
    fun store
    fun store
    fun plus
    fun minus
  struct FunPtr<F>
    field _rawPointer: UInt
    @Unsafe
    @Intrinsic("address_of")
  fun addressOf<T : value>(value: T): Ptr<T>
    @NoGC
    @Intrinsic("size_of")
  fun sizeOf<T : value>(): UInt
    @NoGC
    @Intrinsic("align_of")
  fun alignOf<T : value>(): UInt
SourceFile
  enum ForeignCallbackMode
    Reusable
    OneShot
  enum ForeignCallbackState
    Registered
    Active
    Completed
    Failed
  struct ForeignCallback<F>
    field function: FunPtr<F>
    field context: Ptr<Unit>
    @Unsafe
    @Intrinsic("foreign_callback_register")
  fun foreignCallback<F>(callback: Any, contextIndex: Int, mode: ForeignCallbackMode): ForeignCallback<F>
    @Unsafe
    @Intrinsic("foreign_callback_retain")
  fun retainForeignCallback<F>(callback: ForeignCallback<F>): ForeignCallback<F>
    @Unsafe
    @Intrinsic("foreign_callback_release")
  fun releaseForeignCallback<F>(callback: ForeignCallback<F>)
    @Unsafe
    @Intrinsic("foreign_callback_state")
  fun foreignCallbackState<F>(callback: ForeignCallback<F>): ForeignCallbackState
    @Unsafe
    @Intrinsic("foreign_callback_failure")
  fun foreignCallbackFailure<F>(callback: ForeignCallback<F>): Throwable?
SourceFile
  struct PinnedPtr<T : ref>
    field raw: UInt
  struct GcHandle<T : ref>
    field raw: UInt
    @Unsafe
    @Intrinsic("gc_pin_raw")
  fun _pin<T : ref>(v: T): UInt
    @Unsafe
    @Intrinsic("gc_unpin_raw")
  fun _unpin<T : ref>(raw: UInt): T
    @Unsafe
    @Intrinsic("gc_get_handle_raw")
  fun _getGcHandle<T : ref>(v: T): UInt
    @Unsafe
    @Intrinsic("gc_release_handle_raw")
  fun _releaseGcHandle<T : ref>(raw: UInt): T
    @Unsafe
  fun pin<T : ref>(v: T): PinnedPtr<T>
    =
      Call PinnedPtr<T>
        Call _pin
          Var v
    @Unsafe
  fun unpin<T : ref>(p: PinnedPtr<T>): T
    =
      Call _unpin<T>
        FieldAccess raw
          Var p
    @Unsafe
  fun getGcHandle<T : ref>(v: T): GcHandle<T>
    =
      Call GcHandle<T>
        Call _getGcHandle
          Var v
    @Unsafe
  fun releaseGcHandle<T : ref>(h: GcHandle<T>): T
    =
      Call _releaseGcHandle<T>
        FieldAccess raw
          Var h
    @Intrinsic("rt_gc_collect")
  fun gcCollect()
    @Intrinsic("rt_gc_stats")
  fun gcStats(): UInt
SourceFile
    @Extern(name = "scoop_rt_write", abi = "scoop")
  fun write(message: String)
  fun print<T : ToString>(value: T)
    =
      Call write
        MethodCall toString
          Var value
  fun println<T : ToString>(value: T)
    Call write
      MethodCall toString
        Var value
    Call write
      StringLiteral "\n"
SourceFile
  enum Option<T>
    Some(T)
    None
SourceFile
  open class Throwable()
  open class Exception(val message: String?) : Throwable(<0 args>)
  class UnwrapException() : Exception(<1 args>)
  class ClassCastException() : Exception(<1 args>)
  class ArithmeticException() : Exception(<1 args>)
  class IndexOutOfBoundsException() : Exception(<1 args>)
  class IllegalStateException() : Exception(<1 args>)
SourceFile
  interface ToString
    fun toString
  interface Hash
    fun hash
    @Intrinsic("core_int")
  struct Int <representation omitted> : ToString, Hash
    operator fun equals
    fun toString
    fun hash
    @Intrinsic("core_uint")
  struct UInt <representation omitted> : ToString, Hash
    operator fun equals
    fun toString
    fun hash
    @Intrinsic("core_boolean")
  struct Boolean <representation omitted> : ToString, Hash
    operator fun equals
    fun toString
    fun hash
    @Intrinsic("core_string")
  class String(), ToString, Hash
    operator fun equals
    fun toString
    fun hash
    @Intrinsic("core_array")
  class Array<T>()
    fun toMutableArray
    @Intrinsic("core_mutable_array")
  class MutableArray<T>()
    fun toArray
    @Extern(name = "scoop_rt_int_equals", abi = "scoop")
  fun coreIntEquals(left: Int, right: Int): Boolean
    @Extern(name = "scoop_rt_uint_equals", abi = "scoop")
  fun coreUIntEquals(left: UInt, right: UInt): Boolean
    @Extern(name = "scoop_rt_bool_equals", abi = "scoop")
  fun coreBooleanEquals(left: Boolean, right: Boolean): Boolean
    @Extern(name = "scoop_rt_string_eq", abi = "scoop")
  fun coreStringEquals(left: String, right: String): Boolean
    @Extern(name = "scoop_rt_int_to_string", abi = "scoop")
  fun coreIntToString(value: Int): String
    @Extern(name = "scoop_rt_uint_to_string", abi = "scoop")
  fun coreUIntToString(value: UInt): String
    @Extern(name = "scoop_rt_bool_to_string", abi = "scoop")
  fun coreBooleanToString(value: Boolean): String
    @Extern(name = "scoop_rt_int_hash", abi = "scoop")
  fun coreIntHash(value: Int): Int
    @Extern(name = "scoop_rt_uint_hash", abi = "scoop")
  fun coreUIntHash(value: UInt): Int
    @Extern(name = "scoop_rt_bool_hash", abi = "scoop")
  fun coreBooleanHash(value: Boolean): Int
    @Extern(name = "scoop_rt_string_hash", abi = "scoop")
  fun coreStringHash(value: String): Int
SourceFile
  class GenericError<T>() : Exception(<1 args>)
  fun failInt()
    throw
      Call GenericError<Int>
  fun failString()
    throw
      Call GenericError<String>
  fun main()
    try
      Call failInt
    catch error: GenericError<Int>
      Call println
        StringLiteral "int"
    try
      Call failString
    catch error: GenericError<Int>
      Call println
        StringLiteral "wrong"
    catch error: Exception
      Call println
        StringLiteral "base"

== hir ==
Module
  struct FunctionSuspendTask<T> : SuspendTask<T0>
    field task: suspend () -> T0
  struct FunctionSuspendRegistration<T> : SuspendRegistration<T0>
    field registration: (Continuation<T0>) -> Unit
  enum Option<T>
    Some(_1: T0)
    None()
  open class Throwable()
  open class Exception(message: Option<String>)
  class UnwrapException()
  class ClassCastException()
  class ArithmeticException()
  class IndexOutOfBoundsException()
  class IllegalStateException()
  class GenericError<T>()
  interface Continuation<in T>
    fun resume(value: T0): Unit
    fun resumeWithException(exception: Throwable): Unit
  interface SuspendTask<out T>
    suspend fun run(): T0
  interface SuspendRegistration<out T>
    fun register(continuation: Continuation<T0>): Unit
  interface ToString
    fun toString(): String
  interface Hash
    fun hash(): Int
  fun startCoroutine<T>(): Unit <intrinsic coroutine_start>
  suspend fun suspendCoroutine<T>(): T0 <intrinsic coroutine_suspend>
  fun startCoroutine<T>(task: suspend () -> T0, completion: Continuation<T0>): Unit
    Call startCoroutine<T0> : Unit
      Box : SuspendTask<T0>
        StructInit FunctionSuspendTask : FunctionSuspendTask<T0>
          Local task : suspend () -> T0
      Local completion : Continuation<T0>
  suspend fun suspendCoroutine<T>(registration: (Continuation<T0>) -> Unit): T0
    return
      Call suspendCoroutine<T0> : T0
        Box : SuspendRegistration<T0>
          StructInit FunctionSuspendRegistration : FunctionSuspendRegistration<T0>
            Local registration : (Continuation<T0>) -> Unit
  fun pin<T : ref>(v: T0): PinnedPtr<T0> <unsafe>
    return
      StructInit PinnedPtr : PinnedPtr<T0>
        Call _pin<T0> : UInt
          Local v : T0
  fun unpin<T : ref>(p: PinnedPtr<T0>): T0 <unsafe>
    return
      Call _unpin<T0> : T0
        FieldAccess field 0 : UInt
          Local p : PinnedPtr<T0>
  fun getGcHandle<T : ref>(v: T0): GcHandle<T0> <unsafe>
    return
      StructInit GcHandle : GcHandle<T0>
        Call _getGcHandle<T0> : UInt
          Local v : T0
  fun releaseGcHandle<T : ref>(h: GcHandle<T0>): T0 <unsafe>
    return
      Call _releaseGcHandle<T0> : T0
        FieldAccess field 0 : UInt
          Local h : GcHandle<T0>
  fun gcCollect(): Unit <intrinsic rt_gc_collect>
  fun gcStats(): UInt <intrinsic rt_gc_stats>
  fun write(arg1: String): Unit <extern0 abi=scoop symbol=scoop_rt_write>
  fun print<T : ToString>(value: T0): Unit
    Call write : Unit
      MethodCall bound T0 via ToString -> ToString.toString : String
        Local value : T0
    return
  fun println<T : ToString>(value: T0): Unit
    Call write : Unit
      MethodCall bound T0 via ToString -> ToString.toString : String
        Local value : T0
    Call write : Unit
      StringLiteral "\n" : String
  fun coreIntEquals(arg1: Int, arg2: Int): Boolean <extern1 abi=scoop symbol=scoop_rt_int_equals>
  fun coreUIntEquals(arg1: UInt, arg2: UInt): Boolean <extern2 abi=scoop symbol=scoop_rt_uint_equals>
  fun coreBooleanEquals(arg1: Boolean, arg2: Boolean): Boolean <extern3 abi=scoop symbol=scoop_rt_bool_equals>
  fun coreStringEquals(arg1: String, arg2: String): Boolean <extern4 abi=scoop symbol=scoop_rt_string_eq>
  fun coreIntToString(arg1: Int): String <extern5 abi=scoop symbol=scoop_rt_int_to_string>
  fun coreUIntToString(arg1: UInt): String <extern6 abi=scoop symbol=scoop_rt_uint_to_string>
  fun coreBooleanToString(arg1: Boolean): String <extern7 abi=scoop symbol=scoop_rt_bool_to_string>
  fun coreIntHash(arg1: Int): Int <extern8 abi=scoop symbol=scoop_rt_int_hash>
  fun coreUIntHash(arg1: UInt): Int <extern9 abi=scoop symbol=scoop_rt_uint_hash>
  fun coreBooleanHash(arg1: Boolean): Int <extern10 abi=scoop symbol=scoop_rt_bool_hash>
  fun coreStringHash(arg1: String): Int <extern11 abi=scoop symbol=scoop_rt_string_hash>
  fun failInt(): Unit
    throw
      ClassInit GenericError<Int> : GenericError<Int>
  fun failString(): Unit
    throw
      ClassInit GenericError<String> : GenericError<String>
  fun main(): Unit
    try
      Call failInt : Unit
    catch error: GenericError<Int>
      Call println<String> : Unit
        StringLiteral "int" : String
    try
      Call failString : Unit
    catch error: GenericError<Int>
      Call println<String> : Unit
        StringLiteral "wrong" : String
    catch error: Exception
      Call println<String> : Unit
        StringLiteral "base" : String
  entry main
  instance startCoroutine<T0>
  instance suspendCoroutine<T0>
  instance println<String>

== mir ==
Module
  extern ef0 write @scoop_rt_write(String) -> Unit <abi=scoop managed>
  extern ef1 coreIntEquals @scoop_rt_int_equals(Int, Int) -> Boolean <abi=scoop managed>
  extern ef2 coreUIntEquals @scoop_rt_uint_equals(UInt, UInt) -> Boolean <abi=scoop managed>
  extern ef3 coreBooleanEquals @scoop_rt_bool_equals(Boolean, Boolean) -> Boolean <abi=scoop managed>
  extern ef4 coreStringEquals @scoop_rt_string_eq(String, String) -> Boolean <abi=scoop managed>
  extern ef5 coreIntToString @scoop_rt_int_to_string(Int) -> String <abi=scoop managed>
  extern ef6 coreUIntToString @scoop_rt_uint_to_string(UInt) -> String <abi=scoop managed>
  extern ef7 coreBooleanToString @scoop_rt_bool_to_string(Boolean) -> String <abi=scoop managed>
  extern ef8 coreIntHash @scoop_rt_int_hash(Int) -> Int <abi=scoop managed>
  extern ef9 coreUIntHash @scoop_rt_uint_hash(UInt) -> Int <abi=scoop managed>
  extern ef10 coreBooleanHash @scoop_rt_bool_hash(Boolean) -> Int <abi=scoop managed>
  extern ef11 coreStringHash @scoop_rt_string_hash(String) -> Int <abi=scoop managed>
  enum Option$S
    Some(_1: String)
    None()
  class Throwable vtable=0 itables=0
  class Exception vtable=0 itables=0
  class UnwrapException vtable=0 itables=0
  class ClassCastException vtable=0 itables=0
  class ArithmeticException vtable=0 itables=0
  class IndexOutOfBoundsException vtable=0 itables=0
  class IllegalStateException vtable=0 itables=0
  class GenericError$I vtable=0 itables=0
  class GenericError$S vtable=0 itables=0
  interface ToString
  interface Hash
  fun Int.equals @scoop.Int.equals(this: Int, other: Int) -> Boolean
    bb0 entry
      call $call.1: Boolean = extern1 @scoop_rt_int_equals direct
        Type Int
        Local this
        Type Int
        Local other
      return
        Type Boolean
        Local $call.1
  fun Int.toString @scoop.Int.toString(this: Int) -> String
    bb0 entry
      call $call.1: String = extern5 @scoop_rt_int_to_string direct
        Type Int
        Local this
      return
        Type String
        Local $call.1
  fun Int.hash @scoop.Int.hash(this: Int) -> Int
    bb0 entry
      call $call.1: Int = extern8 @scoop_rt_int_hash direct
        Type Int
        Local this
      return
        Type Int
        Local $call.1
  fun UInt.equals @scoop.UInt.equals(this: UInt, other: UInt) -> Boolean
    bb0 entry
      call $call.1: Boolean = extern2 @scoop_rt_uint_equals direct
        Type UInt
        Local this
        Type UInt
        Local other
      return
        Type Boolean
        Local $call.1
  fun UInt.toString @scoop.UInt.toString(this: UInt) -> String
    bb0 entry
      call $call.1: String = extern6 @scoop_rt_uint_to_string direct
        Type UInt
        Local this
      return
        Type String
        Local $call.1
  fun UInt.hash @scoop.UInt.hash(this: UInt) -> Int
    bb0 entry
      call $call.1: Int = extern9 @scoop_rt_uint_hash direct
        Type UInt
        Local this
      return
        Type Int
        Local $call.1
  fun Boolean.equals @scoop.Boolean.equals(this: Boolean, other: Boolean) -> Boolean
    bb0 entry
      call $call.1: Boolean = extern3 @scoop_rt_bool_equals direct
        Type Boolean
        Local this
        Type Boolean
        Local other
      return
        Type Boolean
        Local $call.1
  fun Boolean.toString @scoop.Boolean.toString(this: Boolean) -> String
    bb0 entry
      call $call.1: String = extern7 @scoop_rt_bool_to_string direct
        Type Boolean
        Local this
      return
        Type String
        Local $call.1
  fun Boolean.hash @scoop.Boolean.hash(this: Boolean) -> Int
    bb0 entry
      call $call.1: Int = extern10 @scoop_rt_bool_hash direct
        Type Boolean
        Local this
      return
        Type Int
        Local $call.1
  fun String.equals @scoop.String.equals(this: String, other: String) -> Boolean
    bb0 entry
      call $call.1: Boolean = extern4 @scoop_rt_string_eq direct
        Type String
        Local this
        Type String
        Local other
      return
        Type Boolean
        Local $call.1
  fun String.toString @scoop.String.toString(this: String) -> String
    bb0 entry
      return
        Type String
        Local this
  fun String.hash @scoop.String.hash(this: String) -> Int
    bb0 entry
      call $call.1: Int = extern11 @scoop_rt_string_hash direct
        Type String
        Local this
      return
        Type Int
        Local $call.1
  fun failInt @scoop.failInt() -> Unit
    bb0 entry
      call $call.1: GenericError$I = @scoop.ctor.GenericError$I direct
      throw
        Type GenericError$I
        Local $call.1
  fun failString @scoop.failString() -> Unit
    bb0 entry
      call $call.1: GenericError$S = @scoop.ctor.GenericError$S direct
      throw
        Type GenericError$S
        Local $call.1
  fun main @scoop_main() -> Unit
    bb0 entry
      goto bb8
    bb1 try.unwind.1
      landing_pad cleanup=false
      goto bb2
    bb2 try.dispatch.2
      begin_catch
      branch bb10 bb11
        Type Boolean
        IsInstance GenericError$I
          Type Any
          CaughtException
    bb3 try.handler_pad.3
      landing_pad cleanup=true
      goto bb4
    bb4 try.handler_cleanup.4
      end_catch
      resume
    bb5 try.exit_pad.5
      landing_pad cleanup=true
      goto bb6
    bb6 try.exit_cleanup.6
      end_catch
      resume
    bb7 try.end.7
      goto bb21
    bb8 try.body.8 unwind bb1
      call @scoop.failInt direct
      goto bb9
    bb9 scope.9
      goto bb7
    bb10 try.catch.10
      val error: GenericError$I
        Type GenericError$I
        Retype GenericError$I
          Type Any
          CaughtException
      goto bb12
    bb11 try.next.11
      rethrow unwind bb5
    bb12 scope.12 unwind bb3
      call @scoop.println$S direct
        Type String
        StringConst @scoop.str.0
      goto bb13
    bb13 scope.13
      end_catch
      goto bb7
    bb14 try.unwind.14
      landing_pad cleanup=false
      goto bb15
    bb15 try.dispatch.15
      begin_catch
      branch bb23 bb24
        Type Boolean
        IsInstance GenericError$I
          Type Any
          CaughtException
    bb16 try.handler_pad.16
      landing_pad cleanup=true
      goto bb17
    bb17 try.handler_cleanup.17
      end_catch
      resume
    bb18 try.exit_pad.18
      landing_pad cleanup=true
      goto bb19
    bb19 try.exit_cleanup.19
      end_catch
      resume
    bb20 try.end.20
      return
    bb21 try.body.21 unwind bb14
      call @scoop.failString direct
      goto bb22
    bb22 scope.22
      goto bb20
    bb23 try.catch.23
      val error: GenericError$I
        Type GenericError$I
        Retype GenericError$I
          Type Any
          CaughtException
      goto bb25
    bb24 try.next.24
      branch bb27 bb28
        Type Boolean
        IsInstance Exception
          Type Any
          CaughtException
    bb25 scope.25 unwind bb16
      call @scoop.println$S direct
        Type String
        StringConst @scoop.str.1
      goto bb26
    bb26 scope.26
      end_catch
      goto bb20
    bb27 try.catch.27
      val error: Exception
        Type Exception
        Retype Exception
          Type Any
          CaughtException
      goto bb29
    bb28 try.next.28
      rethrow unwind bb18
    bb29 scope.29 unwind bb16
      call @scoop.println$S direct
        Type String
        StringConst @scoop.str.2
      goto bb30
    bb30 scope.30
      end_catch
      goto bb20
  fun println @scoop.println$S(value: String) -> Unit
    bb0 entry
      call $call.1: String = @scoop.String.toString direct
        Type String
        Local value
      call extern0 @scoop_rt_write direct
        Type String
        Local $call.1
      call extern0 @scoop_rt_write direct
        Type String
        StringConst @scoop.str.3
      return
  fun ctor.Throwable @scoop.ctor.Throwable() -> Throwable
    bb0 entry
      return
        Type Throwable
        ClassInit Throwable
  fun ctor.Exception @scoop.ctor.Exception(message: Option$S<String>) -> Exception
    bb0 entry
      return
        Type Exception
        ClassInit Exception
          Type Option$S<String>
          Local message
  fun ctor.UnwrapException @scoop.ctor.UnwrapException() -> UnwrapException
    bb0 entry
      val $argument.0: Option$S<String>
        Type Option$S<String>
        VariantConstruct Option$S<String> v0
          Type String
          StringConst @scoop.str.4
      val $parameter.message: Option$S<String>
        Type Option$S<String>
        Local $argument.0
      return
        Type UnwrapException
        ClassInit UnwrapException
          Type Option$S<String>
          Local $parameter.message
  fun ctor.ClassCastException @scoop.ctor.ClassCastException() -> ClassCastException
    bb0 entry
      val $argument.0: Option$S<String>
        Type Option$S<String>
        VariantConstruct Option$S<String> v0
          Type String
          StringConst @scoop.str.5
      val $parameter.message: Option$S<String>
        Type Option$S<String>
        Local $argument.0
      return
        Type ClassCastException
        ClassInit ClassCastException
          Type Option$S<String>
          Local $parameter.message
  fun ctor.ArithmeticException @scoop.ctor.ArithmeticException() -> ArithmeticException
    bb0 entry
      val $argument.0: Option$S<String>
        Type Option$S<String>
        VariantConstruct Option$S<String> v0
          Type String
          StringConst @scoop.str.6
      val $parameter.message: Option$S<String>
        Type Option$S<String>
        Local $argument.0
      return
        Type ArithmeticException
        ClassInit ArithmeticException
          Type Option$S<String>
          Local $parameter.message
  fun ctor.IndexOutOfBoundsException @scoop.ctor.IndexOutOfBoundsException() -> IndexOutOfBoundsException
    bb0 entry
      val $argument.0: Option$S<String>
        Type Option$S<String>
        VariantConstruct Option$S<String> v0
          Type String
          StringConst @scoop.str.7
      val $parameter.message: Option$S<String>
        Type Option$S<String>
        Local $argument.0
      return
        Type IndexOutOfBoundsException
        ClassInit IndexOutOfBoundsException
          Type Option$S<String>
          Local $parameter.message
  fun ctor.IllegalStateException @scoop.ctor.IllegalStateException() -> IllegalStateException
    bb0 entry
      val $argument.0: Option$S<String>
        Type Option$S<String>
        VariantConstruct Option$S<String> v0
          Type String
          StringConst @scoop.str.8
      val $parameter.message: Option$S<String>
        Type Option$S<String>
        Local $argument.0
      return
        Type IllegalStateException
        ClassInit IllegalStateException
          Type Option$S<String>
          Local $parameter.message
  fun ctor.GenericError$I @scoop.ctor.GenericError$I() -> GenericError$I
    bb0 entry
      val $argument.0: Option$S<String>
        Type Option$S<String>
        VariantConstruct Option$S<String> v1
      val $parameter.message: Option$S<String>
        Type Option$S<String>
        Local $argument.0
      return
        Type GenericError$I
        ClassInit GenericError$I
          Type Option$S<String>
          Local $parameter.message
  fun ctor.GenericError$S @scoop.ctor.GenericError$S() -> GenericError$S
    bb0 entry
      val $argument.0: Option$S<String>
        Type Option$S<String>
        VariantConstruct Option$S<String> v1
      val $parameter.message: Option$S<String>
        Type Option$S<String>
        Local $argument.0
      return
        Type GenericError$S
        ClassInit GenericError$S
          Type Option$S<String>
          Local $parameter.message
  instance @scoop.println$S <- println
  str @scoop.str.0 "int"
  str @scoop.str.1 "wrong"
  str @scoop.str.2 "base"
  str @scoop.str.3 "\n"
  str @scoop.str.4 "unwrap on None"
  str @scoop.str.5 "invalid cast"
  str @scoop.str.6 "arithmetic error"
  str @scoop.str.7 "array index out of bounds"
  str @scoop.str.8 "illegal state"
  entry @scoop_main

== lir ==
Module
  global @scoop.str.0 = "int"
  global @scoop.str.1 = "wrong"
  global @scoop.str.2 = "base"
  global @scoop.str.3 = "\n"
  global @scoop.str.4 = "unwrap on None"
  global @scoop.str.5 = "invalid cast"
  global @scoop.str.6 = "arithmetic error"
  global @scoop.str.7 = "array index out of bounds"
  global @scoop.str.8 = "illegal state"
  enum Option$S niche(payload_variant=0)
  extern ef0 write @scoop_rt_write(ptr<managed>) -> {} <scoop managed nounwind>
  extern ef1 coreIntEquals @scoop_rt_int_equals(i64, i64) -> i1 <scoop managed nounwind>
  extern ef2 coreUIntEquals @scoop_rt_uint_equals(i64, i64) -> i1 <scoop managed nounwind>
  extern ef3 coreBooleanEquals @scoop_rt_bool_equals(i1, i1) -> i1 <scoop managed nounwind>
  extern ef4 coreStringEquals @scoop_rt_string_eq(ptr<managed>, ptr<managed>) -> i1 <scoop managed nounwind>
  extern ef5 coreIntToString @scoop_rt_int_to_string(i64) -> ptr<managed> <scoop managed nounwind>
  extern ef6 coreUIntToString @scoop_rt_uint_to_string(i64) -> ptr<managed> <scoop managed nounwind>
  extern ef7 coreBooleanToString @scoop_rt_bool_to_string(i1) -> ptr<managed> <scoop managed nounwind>
  extern ef8 coreIntHash @scoop_rt_int_hash(i64) -> i64 <scoop managed nounwind>
  extern ef9 coreUIntHash @scoop_rt_uint_hash(i64) -> i64 <scoop managed nounwind>
  extern ef10 coreBooleanHash @scoop_rt_bool_hash(i1) -> i64 <scoop managed nounwind>
  extern ef11 coreStringHash @scoop_rt_string_hash(ptr<managed>) -> i64 <scoop managed nounwind>
  fun @scoop.Int.equals(i64, i64) -> i1
    local %0 $call.1: i1
  block entry
    poll managed-void-target0 sp31 live=[]
    call native-borrowed-direct-target0 sp1 roots=[] t0 = sig=direct0 (i64, i64) -> i1 extern1(param0, param1)
    store t0 -> local0
    ret local0
  fun @scoop.Int.toString(i64) -> ptr<managed>
    local %0 $call.1: ptr<managed>
    local %1 $sc.1: ptr<managed>
  block entry
    poll managed-void-target0 sp32 live=[]
    call native-borrowed-direct-target0 sp2 roots=[] result-root=local1:refs[0] t0 = sig=direct0 (i64) -> ptr<managed> extern5(param0)
    store t0 -> local0
    ret local0
  fun @scoop.Int.hash(i64) -> i64
    local %0 $call.1: i64
  block entry
    poll managed-void-target0 sp33 live=[]
    call native-borrowed-direct-target0 sp3 roots=[] t0 = sig=direct0 (i64) -> i64 extern8(param0)
    store t0 -> local0
    ret local0
  fun @scoop.UInt.equals(i64, i64) -> i1
    local %0 $call.1: i1
  block entry
    poll managed-void-target0 sp34 live=[]
    call native-borrowed-direct-target0 sp4 roots=[] t0 = sig=direct0 (i64, i64) -> i1 extern2(param0, param1)
    store t0 -> local0
    ret local0
  fun @scoop.UInt.toString(i64) -> ptr<managed>
    local %0 $call.1: ptr<managed>
    local %1 $sc.1: ptr<managed>
  block entry
    poll managed-void-target0 sp35 live=[]
    call native-borrowed-direct-target0 sp5 roots=[] result-root=local1:refs[0] t0 = sig=direct0 (i64) -> ptr<managed> extern6(param0)
    store t0 -> local0
    ret local0
  fun @scoop.UInt.hash(i64) -> i64
    local %0 $call.1: i64
  block entry
    poll managed-void-target0 sp36 live=[]
    call native-borrowed-direct-target0 sp6 roots=[] t0 = sig=direct0 (i64) -> i64 extern9(param0)
    store t0 -> local0
    ret local0
  fun @scoop.Boolean.equals(i1, i1) -> i1
    local %0 $call.1: i1
  block entry
    poll managed-void-target0 sp37 live=[]
    call native-borrowed-direct-target0 sp7 roots=[] t0 = sig=direct0 (i1, i1) -> i1 extern3(param0, param1)
    store t0 -> local0
    ret local0
  fun @scoop.Boolean.toString(i1) -> ptr<managed>
    local %0 $call.1: ptr<managed>
    local %1 $sc.1: ptr<managed>
  block entry
    poll managed-void-target0 sp38 live=[]
    call native-borrowed-direct-target0 sp8 roots=[] result-root=local1:refs[0] t0 = sig=direct0 (i1) -> ptr<managed> extern7(param0)
    store t0 -> local0
    ret local0
  fun @scoop.Boolean.hash(i1) -> i64
    local %0 $call.1: i64
  block entry
    poll managed-void-target0 sp39 live=[]
    call native-borrowed-direct-target0 sp9 roots=[] t0 = sig=direct0 (i1) -> i64 extern10(param0)
    store t0 -> local0
    ret local0
  fun @scoop.String.equals(ptr<managed>, ptr<managed>) -> i1
    local %0 $call.1: i1
  block entry
    poll managed-void-target0 sp40 live=[param0:ptr<managed>@0, param1:ptr<managed>@0]
    call native-borrowed-direct-target0 sp10 roots=[param0, param1] t0 = sig=direct0 (ptr<managed>, ptr<managed>) -> i1 extern4(param0, param1)
    store t0 -> local0
    ret local0
  fun @scoop.String.toString(ptr<managed>) -> ptr<managed>
  block entry
    poll managed-void-target0 sp41 live=[param0:ptr<managed>@0]
    ret param0
  fun @scoop.String.hash(ptr<managed>) -> i64
    local %0 $call.1: i64
  block entry
    poll managed-void-target0 sp42 live=[param0:ptr<managed>@0]
    call native-borrowed-direct-target0 sp11 roots=[param0] t0 = sig=direct0 (ptr<managed>) -> i64 extern11(param0)
    store t0 -> local0
    ret local0
  fun @scoop.failInt() -> void
    local %0 $call.1: ptr<managed>
  block entry
    poll managed-void-target0 sp43 live=[]
    call managed-direct-target0 sp12 live=[] t0 = sig=direct0 () -> ptr<managed> local-fn23()
    store t0 -> local0
    throw local0
    unreachable
  fun @scoop.failString() -> void
    local %0 $call.1: ptr<managed>
  block entry
    poll managed-void-target0 sp44 live=[]
    call managed-direct-target0 sp13 live=[] t0 = sig=direct0 () -> ptr<managed> local-fn24()
    store t0 -> local0
    throw local0
    unreachable
  fun @scoop_main() -> void
    local %0 error: ptr<managed>
    local %1 error: ptr<managed>
    local %2 error: ptr<managed>
    local %3 $sc.1: exception_record
    local %4 $sc.2: ptr<raw>
    local %5 $sc.3: ptr<managed>
  block entry
    poll managed-void-target5 sp45 live=[]
    br @try.body.8
  block try.unwind.1
    (t0, t1) = landingpad : (exception_record, ptr<raw>)
    store t0 -> local3
    store t1 -> local4
    br @try.dispatch.2
  block try.dispatch.2
    t2 = begin_catch local4 : ptr<managed>
    store t2 -> local5
    call no-gc-direct-target0 t3 = sig=direct0 (ptr<managed>, ptr<metadata>) -> i1 runtime @scoop_rt_is_instance(local5, td10)
    cbr t3 then @try.catch.10 else @try.next.11
  block try.handler_pad.3
    (t4, t5) = cleanup_pad : (exception_record, ptr<raw>)
    store t4 -> local3
    store t5 -> local4
    br @try.handler_cleanup.4
  block try.handler_cleanup.4
    end_catch
    resume local3
  block try.exit_pad.5
    (t6, t7) = cleanup_pad : (exception_record, ptr<raw>)
    store t6 -> local3
    store t7 -> local4
    br @try.exit_cleanup.6
  block try.exit_cleanup.6
    end_catch
    resume local3
  block try.end.7
    br @try.body.21
  block try.body.8
    invoke managed-void-target0 sp14 roots=[] sig=void0 () local-fn12() normal @invoke.normal.1 unwind @try.unwind.1
    br @invoke.normal.1
  block scope.9
    br @try.end.7
  block try.catch.10
    store local5 -> local0
    br @scope.12
  block try.next.11
    invoke no-gc-void-target0 sig=void1 () runtime @scoop_rt_rethrow() normal @rethrow.normal.2 unwind @try.exit_pad.5
    br @rethrow.normal.2
  block scope.12
    invoke managed-void-target1 sp15 roots=[] sig=void2 (ptr<managed>) local-fn15(global0) normal @invoke.normal.3 unwind @try.handler_pad.3
    br @invoke.normal.3
  block scope.13
    end_catch
    br @try.end.7
  block try.unwind.14
    (t10, t11) = landingpad : (exception_record, ptr<raw>)
    store t10 -> local3
    store t11 -> local4
    br @try.dispatch.15
  block try.dispatch.15
    t12 = begin_catch local4 : ptr<managed>
    store t12 -> local5
    call no-gc-direct-target1 t13 = sig=direct1 (ptr<managed>, ptr<metadata>) -> i1 runtime @scoop_rt_is_instance(local5, td10)
    cbr t13 then @try.catch.23 else @try.next.24
  block try.handler_pad.16
    (t14, t15) = cleanup_pad : (exception_record, ptr<raw>)
    store t14 -> local3
    store t15 -> local4
    br @try.handler_cleanup.17
  block try.handler_cleanup.17
    end_catch
    resume local3
  block try.exit_pad.18
    (t16, t17) = cleanup_pad : (exception_record, ptr<raw>)
    store t16 -> local3
    store t17 -> local4
    br @try.exit_cleanup.19
  block try.exit_cleanup.19
    end_catch
    resume local3
  block try.end.20
    ret
  block try.body.21
    invoke managed-void-target2 sp16 roots=[] sig=void3 () local-fn13() normal @invoke.normal.4 unwind @try.unwind.14
    br @invoke.normal.4
  block scope.22
    br @try.end.20
  block try.catch.23
    store local5 -> local1
    br @scope.25
  block try.next.24
    call no-gc-direct-target2 t19 = sig=direct2 (ptr<managed>, ptr<metadata>) -> i1 runtime @scoop_rt_is_instance(local5, td4)
    cbr t19 then @try.catch.27 else @try.next.28
  block scope.25
    invoke managed-void-target3 sp17 roots=[] sig=void4 (ptr<managed>) local-fn15(global1) normal @invoke.normal.5 unwind @try.handler_pad.16
    br @invoke.normal.5
  block scope.26
    end_catch
    br @try.end.20
  block try.catch.27
    store local5 -> local2
    br @scope.29
  block try.next.28
    invoke no-gc-void-target1 sig=void5 () runtime @scoop_rt_rethrow() normal @rethrow.normal.6 unwind @try.exit_pad.18
    br @rethrow.normal.6
  block scope.29
    invoke managed-void-target4 sp18 roots=[] sig=void6 (ptr<managed>) local-fn15(global2) normal @invoke.normal.7 unwind @try.handler_pad.16
    br @invoke.normal.7
  block scope.30
    end_catch
    br @try.end.20
  block invoke.normal.1
    t8 = aggregate () : {}
    br @scope.9
  block rethrow.normal.2
    unreachable
  block invoke.normal.3
    t9 = aggregate () : {}
    br @scope.13
  block invoke.normal.4
    t18 = aggregate () : {}
    br @scope.22
  block invoke.normal.5
    t20 = aggregate () : {}
    br @scope.26
  block rethrow.normal.6
    unreachable
  block invoke.normal.7
    t21 = aggregate () : {}
    br @scope.30
  fun @scoop.println$S(ptr<managed>) -> void
    local %0 $call.1: ptr<managed>
  block entry
    poll managed-void-target0 sp46 live=[param0:ptr<managed>@0]
    call managed-direct-target0 sp19 live=[param0:ptr<managed>@0] t0 = sig=direct0 (ptr<managed>) -> ptr<managed> local-fn10(param0)
    store t0 -> local0
    call native-borrowed-void-target0 sp20 roots=[local0] sig=void0 (ptr<managed>) extern0(local0)
    t1 = aggregate () : {}
    call native-borrowed-void-target1 sp21 roots=[] sig=void1 (ptr<managed>) extern0(global3)
    t2 = aggregate () : {}
    ret
  fun @scoop.ctor.Throwable() -> ptr<managed>
  block entry
    poll managed-void-target0 sp47 live=[]
    call managed-direct-target0 sp22 live=[] t0 = sig=direct0 (ptr<metadata>, i64) -> ptr<managed> runtime @scoop_rt_alloc(td2, 16)
    ret t0
  fun @scoop.ctor.Exception(enum0) -> ptr<managed>
  block entry
    poll managed-void-target0 sp48 live=[param0:enum0@0]
    call managed-direct-target0 sp23 live=[param0:enum0@0] t0 = sig=direct0 (ptr<metadata>, i64) -> ptr<managed> runtime @scoop_rt_alloc(td4, 24)
    heap_store t0 +16 param0
    ret t0
  fun @scoop.ctor.UnwrapException() -> ptr<managed>
    local %0 $argument.0: enum0
    local %1 $parameter.message: enum0
  block entry
    poll managed-void-target0 sp49 live=[]
    t0 = enum_wrap e0 v0 (global4) : enum0
    store t0 -> local0
    store local0 -> local1
    call managed-direct-target0 sp24 live=[local1:enum0@0] t1 = sig=direct0 (ptr<metadata>, i64) -> ptr<managed> runtime @scoop_rt_alloc(td5, 24)
    heap_store t1 +16 local1
    ret t1
  fun @scoop.ctor.ClassCastException() -> ptr<managed>
    local %0 $argument.0: enum0
    local %1 $parameter.message: enum0
  block entry
    poll managed-void-target0 sp50 live=[]
    t0 = enum_wrap e0 v0 (global5) : enum0
    store t0 -> local0
    store local0 -> local1
    call managed-direct-target0 sp25 live=[local1:enum0@0] t1 = sig=direct0 (ptr<metadata>, i64) -> ptr<managed> runtime @scoop_rt_alloc(td6, 24)
    heap_store t1 +16 local1
    ret t1
  fun @scoop.ctor.ArithmeticException() -> ptr<managed>
    local %0 $argument.0: enum0
    local %1 $parameter.message: enum0
  block entry
    poll managed-void-target0 sp51 live=[]
    t0 = enum_wrap e0 v0 (global6) : enum0
    store t0 -> local0
    store local0 -> local1
    call managed-direct-target0 sp26 live=[local1:enum0@0] t1 = sig=direct0 (ptr<metadata>, i64) -> ptr<managed> runtime @scoop_rt_alloc(td7, 24)
    heap_store t1 +16 local1
    ret t1
  fun @scoop.ctor.IndexOutOfBoundsException() -> ptr<managed>
    local %0 $argument.0: enum0
    local %1 $parameter.message: enum0
  block entry
    poll managed-void-target0 sp52 live=[]
    t0 = enum_wrap e0 v0 (global7) : enum0
    store t0 -> local0
    store local0 -> local1
    call managed-direct-target0 sp27 live=[local1:enum0@0] t1 = sig=direct0 (ptr<metadata>, i64) -> ptr<managed> runtime @scoop_rt_alloc(td8, 24)
    heap_store t1 +16 local1
    ret t1
  fun @scoop.ctor.IllegalStateException() -> ptr<managed>
    local %0 $argument.0: enum0
    local %1 $parameter.message: enum0
  block entry
    poll managed-void-target0 sp53 live=[]
    t0 = enum_wrap e0 v0 (global8) : enum0
    store t0 -> local0
    store local0 -> local1
    call managed-direct-target0 sp28 live=[local1:enum0@0] t1 = sig=direct0 (ptr<metadata>, i64) -> ptr<managed> runtime @scoop_rt_alloc(td9, 24)
    heap_store t1 +16 local1
    ret t1
  fun @scoop.ctor.GenericError$I() -> ptr<managed>
    local %0 $argument.0: enum0
    local %1 $parameter.message: enum0
  block entry
    poll managed-void-target0 sp54 live=[]
    t0 = enum_wrap e0 v1 () : enum0
    store t0 -> local0
    store local0 -> local1
    call managed-direct-target0 sp29 live=[local1:enum0@0] t1 = sig=direct0 (ptr<metadata>, i64) -> ptr<managed> runtime @scoop_rt_alloc(td10, 24)
    heap_store t1 +16 local1
    ret t1
  fun @scoop.ctor.GenericError$S() -> ptr<managed>
    local %0 $argument.0: enum0
    local %1 $parameter.message: enum0
  block entry
    poll managed-void-target0 sp55 live=[]
    t0 = enum_wrap e0 v1 () : enum0
    store t0 -> local0
    store local0 -> local1
    call managed-direct-target0 sp30 live=[local1:enum0@0] t1 = sig=direct0 (ptr<metadata>, i64) -> ptr<managed> runtime @scoop_rt_alloc(td11, 24)
    heap_store t1 +16 local1
    ret t1
  td td0 ToString @scoop_td_ToString type-id=2 size=0 parent=none vtable=[] itables=[]
  td td1 Hash @scoop_td_Hash type-id=3 size=0 parent=none vtable=[] itables=[]
  td td2 Throwable @scoop_td_Throwable type-id=4 size=16 parent=none vtable=[] itables=[]
  td td4 Exception @scoop_td_Exception type-id=5 size=24 parent=td2 vtable=[] itables=[]
  td td5 UnwrapException @scoop_td_UnwrapException type-id=6 size=24 parent=td4 vtable=[] itables=[]
  td td6 ClassCastException @scoop_td_ClassCastException type-id=7 size=24 parent=td4 vtable=[] itables=[]
  td td7 ArithmeticException @scoop_td_ArithmeticException type-id=8 size=24 parent=td4 vtable=[] itables=[]
  td td8 IndexOutOfBoundsException @scoop_td_IndexOutOfBoundsException type-id=9 size=24 parent=td4 vtable=[] itables=[]
  td td9 IllegalStateException @scoop_td_IllegalStateException type-id=10 size=24 parent=td4 vtable=[] itables=[]
  td td10 GenericError$I @scoop_td_GenericError$I type-id=11 size=24 parent=td4 vtable=[] itables=[]
  td td11 GenericError$S @scoop_td_GenericError$S type-id=12 size=24 parent=td4 vtable=[] itables=[]
  layout String size=24 align=8 refs=[]
  layout Int size=8 align=8 refs=[]
  layout Boolean size=1 align=1 refs=[]
  layout Option$S size=8 align=8 enum-scan=refs[0]
  layout Throwable size=16 align=8 refs=[]
  layout Exception size=24 align=8 refs=[16]
  layout UnwrapException size=24 align=8 refs=[16]
  layout ClassCastException size=24 align=8 refs=[16]
  layout ArithmeticException size=24 align=8 refs=[16]
  layout IndexOutOfBoundsException size=24 align=8 refs=[16]
  layout IllegalStateException size=24 align=8 refs=[16]
  layout GenericError$I size=24 align=8 refs=[16]
  layout GenericError$S size=24 align=8 refs=[16]
  entry @scoop_main

== run ==
int
base
