Module
  class Box<Int> vtable=0 itables=0
  closure cc0 $Closure$lambda0 type=function_type0 invoke=@fn3 captures=0
  closure cc1 $Closure$lambda1 type=function_type0 invoke=@fn10 captures=0
  closure cc2 $Closure$lambda2 type=function_type0 invoke=@fn12 captures=0
  closure cc3 $Closure$lambda3 type=function_type1 invoke=@fn20 captures=3
  closure cc4 $Closure$lambda4 type=function_type1 invoke=@fn23 captures=3
  closure cc5 $Closure$reference0 type=function_type0 invoke=@fn24 captures=1
  closure cc6 $Closure$reference1 type=function_type1 invoke=@fn25 captures=0
  closure cc7 $Closure$reference2 type=function_type0 invoke=@fn26 captures=0
  closure cc8 $Closure$reference3 type=function_type1 invoke=@fn27 captures=1
  closure cc9 $Closure$reference4 type=function_type0 invoke=@fn28 captures=0
  closure cc10 $Closure$reference5 type=function_type1 invoke=@fn29 captures=1
  closure cc11 $Closure$reference6 type=function_type2 invoke=@fn30 captures=1
  closure cc12 $Closure$reference7 type=function_type0 invoke=@fn31 captures=2
  closure cc13 $Closure$reference8 type=function_type0 invoke=@fn32 captures=2
  closure cc14 $Closure$reference9 type=function_type3 invoke=@fn33 captures=2
  closure cc15 $Closure$reference10 type=function_type0 invoke=@fn34 captures=2
  closure cc16 $Closure$reference11 type=function_type0 invoke=@fn35 captures=2
  closure cc17 $Closure$reference12 type=function_type3 invoke=@fn36 captures=2
  closure cc18 $Closure$reference13 type=function_type4 invoke=@fn37 captures=2
  closure cc19 $Closure$reference14 type=function_type5 invoke=@fn38 captures=2
  closure cc20 $Closure$reference15 type=function_type1 invoke=@fn39 captures=1
  generated_exact_type get0 location=closure8 nominal_id=17fc36c594ea1646342e0b93f76c33aa704be91c23db9ec96ef9ca40413d26e9 exact_id=11ec050b890a5c7a6eb48ab185493ab74662d3223652ba6cc300952f32895bee
  generated_exact_type get1 location=closure7 nominal_id=1b959725dc41f4d722c863a471073b4914c81d9fc4fe481232e55dc70171a963 exact_id=3261f3540e83b5bc9ae54b1680a02228f8a383798886e8c2e1ca1c8ec57a3cc1
  generated_exact_type get2 location=closure14 nominal_id=af12cb3c1faebaaea5fa99987b1fb3f0d290ce9cc9ae08cdc72e194890f53b7b exact_id=37dc1865817c5b3a2a6078420dd7a9f13f3a0f04975764eed5460a9179598b25
  generated_exact_type get3 location=closure18 nominal_id=149d20a1aabd8250794167dcc86986e34caa6834e49444d846c0e19833d217f9 exact_id=3ba7aa963ff5d9976684ff7966497c71c63f954aa1dbb66531c81ffef4e818c5
  generated_exact_type get4 location=closure0 nominal_id=d4b849348413d87ee692662d3140491bf130eba1d4070bdb18bcb85dadc8f17c exact_id=4340730aaf4b0d89e197515ddf679fe405ac39630e3f80c944b9a01e7b2bab61
  generated_exact_type get5 location=closure9 nominal_id=82c7b00118c7e250b297d6d379087c2e041defe57ebbe4d019cb3db049ee6346 exact_id=5156b4a0d973477e55b0f6ef096e9a4026b2266d6ce9373e0595ae83b3267e02
  generated_exact_type get6 location=closure19 nominal_id=f8b516ff13b1b99cd45d876ed9426ee17c0843e68aec814639eb6f86200637df exact_id=59b3ec5bbdcf2f379d87a08bc6c3d29dbf6f3da7dbe6aa4c31f29ff7ee5a1f12
  generated_exact_type get7 location=closure10 nominal_id=7a921299f72d751dd8320c1d57615d4dca8166fb6bc456137e5b7faa5a95c437 exact_id=7c2421f72ff6ac5c9e8e34c37a68fc7c3c56e570a646c77e534872f7e97ac2bc
  generated_exact_type get8 location=closure4 nominal_id=0a2714dea00def43504f3b46cd2aa67acc7298fdd15e25c9c8e739fe1b2c73ce exact_id=7f801e8bbfa49af4f3590d726577d43281d67e200c6695db0a1eec4835a33ff5
  generated_exact_type get9 location=closure13 nominal_id=9d05dd19c56458a38e87d4a84aae66b1c3d0051570d4caa9a989cdd04fd3c86a exact_id=9255aa81c097436611e52fa4cf406ea417b3af2e327acd733c2ff9a087027281
  generated_exact_type get10 location=closure16 nominal_id=f40764e90139d3ef07a8580154083b3687f6842595a5015f01b876f458891c03 exact_id=93714b73f8c21f34f5449dcb04a3927bc728169c6e2161b354194f870ec37b6d
  generated_exact_type get11 location=closure6 nominal_id=2e64cb4a0691111533b91eb5c22cf2b0bd45954213ff1d21257280514ff421e4 exact_id=94c5592b9f1605a6b7723df5017cf09bfc92eb0f24acbdf9b28f829a1c19cadc
  generated_exact_type get12 location=closure12 nominal_id=04c4018a90acd20389dbcc5f23af3324568b7720c147ebd5dbd0b7405e5e6a0d exact_id=a7a23130614dd194a00938a1269f15d3f30a827e661627123a4e90805226ff0b
  generated_exact_type get13 location=closure20 nominal_id=349132bada669ac33367d5dcb293d17737e645c3985b08999f906872617c2c81 exact_id=af2b7f5439266c447f9826754b641565a118720c96f971682d48d9115ec9f5fc
  generated_exact_type get14 location=closure3 nominal_id=67823c933452af375ce12a19df9a13438c47cbe01c6be754b744e8ed4c50d1e8 exact_id=b7a99b19ff3ee7da52a48b44abfbbcbc1c64f3d80b58310158f2a8c75fe6a65e
  generated_exact_type get15 location=closure2 nominal_id=24e968427983dc085884bf1f88d5ce4d52b7cdbb29dd29f201ef8ccc68668b72 exact_id=cee3b89db9aba8d34dc1661137125cd6207833eb5ae7a85c3e9adea5472dea7d
  generated_exact_type get16 location=closure1 nominal_id=ec097db91e05de76b531e2bdb6e8cb8eb47cd1ec73f115b0fc2f2b153c37bb52 exact_id=d0f7f9ed5faaf092574fc3febd6495c27c189c6314c193632e343e84337d2a10
  generated_exact_type get17 location=closure15 nominal_id=3f77af2e0c118772e509b8f08acfc4b3d9c2afc17053bdac228055493afb424f exact_id=d7bf1afe254d6fcd408cc6785a7c4868b117f7fd5c9bee526cb9395304f056a3
  generated_exact_type get18 location=closure5 nominal_id=91a772abaab45e2deb72f4ed323bbb746243536289f0cf47233ad0aab3430db7 exact_id=ed567aac4d558262177898d9e2ded01596741b5650910ff02b451d05cbdcfefc
  generated_exact_type get19 location=closure17 nominal_id=2e65a33888818ccf97972b00a635d97f441efb8cc109a73eff84034a9993515a exact_id=f5bf8de5fd8331237990d91f068e747a314ff2b6a4d259a064b85c4b33f4ef42
  generated_exact_type get20 location=closure11 nominal_id=1a1714d6c104be57595eead0b9b3eb4136cfc942ecefaf9cdf057042887063e1 exact_id=f98ca66ccbef8fa677dc58650586aee1181b51e4c0281a9f380ca462e31b4a39
  fun localSelfReference @fn0(seed: Int) -> Int
    bb0 entry
      val $argument.0: Int
        Type Int
        IntegerLiteral Int value=2 bits=0x00000002
      val $parameter.depth: Int
        Type Int
        Local $argument.0
      call $call.1: Int = @fn2 direct
        Type Int
        Local seed
        Type Int
        Local $parameter.depth
      return
        Type Int
        Local $call.1
  fun result @fn1() -> Int
    bb0 entry
      val $argument.0: Int
        Type Int
        IntegerLiteral Int value=42 bits=0x0000002a
      val $argument.1: (Int) -> Int
        Type (Int) -> Int
        ClosureAlloc cc0 $Closure$lambda0
      val $parameter.seed: Int
        Type Int
        Local $argument.0
      val $parameter.inspect: (Int) -> Int
        Type (Int) -> Int
        Local $argument.1
      call $call.1: Int = @fn4 direct
        Type Int
        Local $parameter.seed
        Type (Int) -> Int
        Local $parameter.inspect
      return
        Type Int
        Local $call.1
  fun $local.2.recur @fn2($capture.seed: Int, depth: Int) -> Int
    bb0 entry
      val $dependency.receiver: Int
        Type Int
        Local depth
      val $dependency.argument.0: Int
        Type Int
        IntegerLiteral Int value=0 bits=0x00000000
      val $dependency.parameter.other: Int
        Type Int
        Local $dependency.argument.0
      branch bb1 bb2
        Type Boolean
        IntegerCompare greater-than operands=Long result=Boolean
          Type Long
          IntegerCompareTo operands=Int result=Long
            Type Int
            Local $dependency.receiver
            Type Int
            Local $dependency.parameter.other
          Type Long
          IntegerLiteral Long value=0 bits=0x0000000000000000
    bb1 if.then.1
      val next: (Int) -> Int
        Type (Int) -> Int
        ClosureAlloc cc5 $Closure$reference0
          CaptureInit field=0
            Type Int
            Local $capture.seed
      val $dependency.receiver: Int
        Type Int
        Local depth
      val $dependency.argument.0: Int
        Type Int
        IntegerLiteral Int value=1 bits=0x00000001
      val $dependency.parameter.other: Int
        Type Int
        Local $dependency.argument.0
      call $call.1: Int = <closure:function_type0> closure[function_type0]
        Type (Int) -> Int
        Local next
        Type Int
        IntegerBinary subtract kind=Int
          Type Int
          Local $dependency.receiver
          Type Int
          Local $dependency.parameter.other
      return
        Type Int
        Local $call.1
    bb2 if.merge.2
      return
        Type Int
        Local $capture.seed
  fun $lambda.3 @fn3($closure: (Int) -> Int, value: Int) -> Int
    bb0 entry
      return
        Type Int
        Local value
  fun exercise @fn4(seed: Int, inspect: (Int) -> Int) -> Int
    bb0 entry
      val $argument.0: Int
        Type Int
        IntegerLiteral Int value=42 bits=0x0000002a
      val $parameter.seed: Int
        Type Int
        Local $argument.0
      call $dependency.receiver: Int = @fn0 direct
        Type Int
        Local $parameter.seed
      val $dependency.argument.0: Int
        Type Int
        IntegerLiteral Int value=42 bits=0x0000002a
      val $dependency.parameter.other: Int
        Type Int
        Local $dependency.argument.0
      branch bb1 bb2
        Type Boolean
        Unary BoolNot
          Type Boolean
          IntegerCompare equal operands=Int result=Boolean
            Type Int
            Local $dependency.receiver
            Type Int
            Local $dependency.parameter.other
    bb1 if.then.1
      return
        Type Int
        IntegerLiteral Int value=7 bits=0x00000007
    bb2 if.merge.2
      val $argument.0: Int
        Type Int
        Local seed
      val $argument.1: (Int) -> Int
        Type (Int) -> Int
        Local inspect
      val $parameter.seed: Int
        Type Int
        Local $argument.0
      val $parameter.inspect: (Int) -> Int
        Type (Int) -> Int
        Local $argument.1
      call $dependency.receiver: Int = @fn5 direct
        Type Int
        Local $parameter.seed
        Type (Int) -> Int
        Local $parameter.inspect
      call $dependency.argument.0: Int = <closure:function_type0> closure[function_type0]
        Type (Int) -> Int
        Local inspect
        Type Int
        Local seed
      val $dependency.parameter.other: Int
        Type Int
        Local $dependency.argument.0
      branch bb3 bb4
        Type Boolean
        Unary BoolNot
          Type Boolean
          IntegerCompare equal operands=Int result=Boolean
            Type Int
            Local $dependency.receiver
            Type Int
            Local $dependency.parameter.other
    bb3 if.then.3
      return
        Type Int
        IntegerLiteral Int value=8 bits=0x00000008
    bb4 if.merge.4
      val $argument.0: Int
        Type Int
        Local seed
      val $argument.1: (Int) -> Int
        Type (Int) -> Int
        Local inspect
      val $parameter.seed: Int
        Type Int
        Local $argument.0
      val $parameter.inspect: (Int) -> Int
        Type (Int) -> Int
        Local $argument.1
      call $dependency.receiver: Int = @fn6 direct
        Type Int
        Local $parameter.seed
        Type (Int) -> Int
        Local $parameter.inspect
      call $dependency.argument.0: Int = <closure:function_type0> closure[function_type0]
        Type (Int) -> Int
        Local inspect
        Type Int
        Local seed
      val $dependency.parameter.other: Int
        Type Int
        Local $dependency.argument.0
      branch bb5 bb6
        Type Boolean
        Unary BoolNot
          Type Boolean
          IntegerCompare equal operands=Int result=Boolean
            Type Int
            Local $dependency.receiver
            Type Int
            Local $dependency.parameter.other
    bb5 if.then.5
      return
        Type Int
        IntegerLiteral Int value=6 bits=0x00000006
    bb6 if.merge.6
      val plain: () -> Int
        Type () -> Int
        ClosureAlloc cc6 $Closure$reference1
      val copy: (Int) -> Int
        Type (Int) -> Int
        ClosureAlloc cc7 $Closure$reference2
      val bound: () -> Int
        Type () -> Int
        ClosureAlloc cc8 $Closure$reference3
          CaptureInit field=0
            Type Int
            Local seed
      val unbound: (Int) -> Int
        Type (Int) -> Int
        ClosureAlloc cc9 $Closure$reference4
      val $dependency.argument.0: Int
        Type Int
        Local seed
      val $dependency.parameter.value: Int
        Type Int
        Local $dependency.argument.0
      assign $new.1
        Type Box<Int>
        ClassAlloc Box<Int>
      call @fn40 direct
        Type Box<Int>
        Local $new.1
        Type Int
        Local $dependency.parameter.value
      val member: () -> Int
        Type () -> Int
        ClosureAlloc cc10 $Closure$reference5
          CaptureInit field=0
            Type Box<Int>
            Local $new.1
      val intrinsic: (Int) -> Boolean
        Type (Int) -> Boolean
        ClosureAlloc cc11 $Closure$reference6
          CaptureInit field=0
            Type Int
            IntegerLiteral Int value=42 bits=0x0000002a
      call $dependency.receiver: Int = <closure:function_type1> closure[function_type1]
        Type () -> Int
        Local plain
      val $dependency.argument.0: Int
        Type Int
        IntegerLiteral Int value=42 bits=0x0000002a
      val $dependency.parameter.other: Int
        Type Int
        Local $dependency.argument.0
      branch bb7 bb8
        Type Boolean
        Unary BoolNot
          Type Boolean
          IntegerCompare equal operands=Int result=Boolean
            Type Int
            Local $dependency.receiver
            Type Int
            Local $dependency.parameter.other
    bb7 if.then.7
      val $shortCircuit.0: Boolean
        Type Boolean
        BoolLiteral true
      goto bb9
    bb8 if.else.8
      call $dependency.receiver: Boolean = <closure:function_type2> closure[function_type2]
        Type (Int) -> Boolean
        Local intrinsic
        Type Int
        IntegerLiteral Int value=42 bits=0x0000002a
      val $shortCircuit.0: Boolean
        Type Boolean
        Unary BoolNot
          Type Boolean
          Local $dependency.receiver
      goto bb9
    bb9 if.merge.9
      branch bb11 bb10
        Type Boolean
        Local $shortCircuit.0
    bb10 logic.rhs.10
      call $call.3: Boolean = <closure:function_type2> closure[function_type2]
        Type (Int) -> Boolean
        Local intrinsic
        Type Int
        IntegerLiteral Int value=1 bits=0x00000001
      assign $logic.2
        Type Boolean
        Local $call.3
      goto bb12
    bb11 logic.short.11
      assign $logic.2
        Type Boolean
        BoolLiteral true
      goto bb12
    bb12 logic.merge.12
      branch bb13 bb14
        Type Boolean
        Local $logic.2
    bb13 if.then.13
      return
        Type Int
        IntegerLiteral Int value=1 bits=0x00000001
    bb14 if.merge.14
      call $call.4: Int = <closure:function_type0> closure[function_type0]
        Type (Int) -> Int
        Local copy
        Type Int
        Local seed
      call $dependency.receiver: Int = <closure:function_type0> closure[function_type0]
        Type (Int) -> Int
        Local inspect
        Type Int
        Local $call.4
      call $call.5: Int = <closure:function_type1> closure[function_type1]
        Type () -> Int
        Local bound
      call $dependency.argument.0: Int = <closure:function_type0> closure[function_type0]
        Type (Int) -> Int
        Local inspect
        Type Int
        Local $call.5
      val $dependency.parameter.other: Int
        Type Int
        Local $dependency.argument.0
      branch bb15 bb16
        Type Boolean
        Unary BoolNot
          Type Boolean
          IntegerCompare equal operands=Int result=Boolean
            Type Int
            Local $dependency.receiver
            Type Int
            Local $dependency.parameter.other
    bb15 if.then.15
      return
        Type Int
        IntegerLiteral Int value=2 bits=0x00000002
    bb16 if.merge.16
      call $call.6: Int = <closure:function_type0> closure[function_type0]
        Type (Int) -> Int
        Local unbound
        Type Int
        Local seed
      call $dependency.receiver: Int = <closure:function_type0> closure[function_type0]
        Type (Int) -> Int
        Local inspect
        Type Int
        Local $call.6
      call $call.7: Int = <closure:function_type1> closure[function_type1]
        Type () -> Int
        Local member
      call $dependency.argument.0: Int = <closure:function_type0> closure[function_type0]
        Type (Int) -> Int
        Local inspect
        Type Int
        Local $call.7
      val $dependency.parameter.other: Int
        Type Int
        Local $dependency.argument.0
      branch bb17 bb18
        Type Boolean
        Unary BoolNot
          Type Boolean
          IntegerCompare equal operands=Int result=Boolean
            Type Int
            Local $dependency.receiver
            Type Int
            Local $dependency.parameter.other
    bb17 if.then.17
      return
        Type Int
        IntegerLiteral Int value=3 bits=0x00000003
    bb18 if.merge.18
      val $argument.0: Int
        Type Int
        IntegerLiteral Int value=42 bits=0x0000002a
      val $argument.1: (Int) -> Int
        Type (Int) -> Int
        ClosureAlloc cc1 $Closure$lambda1
      val $parameter.seed: Int
        Type Int
        Local $argument.0
      val $parameter.inspect: (Int) -> Int
        Type (Int) -> Int
        Local $argument.1
      call first: () -> Int = @fn11 direct
        Type Int
        Local $parameter.seed
        Type (Int) -> Int
        Local $parameter.inspect
      val $argument.0: Int
        Type Int
        IntegerLiteral Int value=43 bits=0x0000002b
      val $argument.1: (Int) -> Int
        Type (Int) -> Int
        ClosureAlloc cc2 $Closure$lambda2
      val $parameter.seed: Int
        Type Int
        Local $argument.0
      val $parameter.inspect: (Int) -> Int
        Type (Int) -> Int
        Local $argument.1
      call second: () -> Int = @fn11 direct
        Type Int
        Local $parameter.seed
        Type (Int) -> Int
        Local $parameter.inspect
      call $dependency.receiver: Int = <closure:function_type1> closure[function_type1]
        Type () -> Int
        Local first
      val $dependency.argument.0: Int
        Type Int
        IntegerLiteral Int value=42 bits=0x0000002a
      val $dependency.parameter.other: Int
        Type Int
        Local $dependency.argument.0
      branch bb19 bb20
        Type Boolean
        Unary BoolNot
          Type Boolean
          IntegerCompare equal operands=Int result=Boolean
            Type Int
            Local $dependency.receiver
            Type Int
            Local $dependency.parameter.other
    bb19 if.then.19
      val $shortCircuit.1: Boolean
        Type Boolean
        BoolLiteral true
      goto bb21
    bb20 if.else.20
      call $dependency.receiver: Int = <closure:function_type1> closure[function_type1]
        Type () -> Int
        Local second
      val $dependency.argument.0: Int
        Type Int
        IntegerLiteral Int value=45 bits=0x0000002d
      val $dependency.parameter.other: Int
        Type Int
        Local $dependency.argument.0
      val $shortCircuit.1: Boolean
        Type Boolean
        Unary BoolNot
          Type Boolean
          IntegerCompare equal operands=Int result=Boolean
            Type Int
            Local $dependency.receiver
            Type Int
            Local $dependency.parameter.other
      goto bb21
    bb21 if.merge.21
      branch bb22 bb23
        Type Boolean
        Local $shortCircuit.1
    bb22 if.then.22
      return
        Type Int
        IntegerLiteral Int value=4 bits=0x00000004
    bb23 if.merge.23
      val $argument.0: Int
        Type Int
        Local seed
      val $argument.1: (Int) -> Int
        Type (Int) -> Int
        Local inspect
      val $parameter.seed: Int
        Type Int
        Local $argument.0
      val $parameter.inspect: (Int) -> Int
        Type (Int) -> Int
        Local $argument.1
      call inherited: () -> Int = @fn11 direct
        Type Int
        Local $parameter.seed
        Type (Int) -> Int
        Local $parameter.inspect
      val $argument.0: Int
        Type Int
        Local seed
      val $argument.1: (Int) -> Int
        Type (Int) -> Int
        Local inspect
      val $parameter.seed: Int
        Type Int
        Local $argument.0
      val $parameter.inspect: (Int) -> Int
        Type (Int) -> Int
        Local $argument.1
      call distinct: () -> Int = @fn13 direct
        Type Int
        Local $parameter.seed
        Type (Int) -> Int
        Local $parameter.inspect
      call $dependency.receiver: Int = <closure:function_type1> closure[function_type1]
        Type () -> Int
        Local inherited
      call $dependency.argument.0: Int = <closure:function_type1> closure[function_type1]
        Type () -> Int
        Local distinct
      val $dependency.parameter.other: Int
        Type Int
        Local $dependency.argument.0
      branch bb24 bb25
        Type Boolean
        Unary BoolNot
          Type Boolean
          IntegerCompare equal operands=Int result=Boolean
            Type Int
            Local $dependency.receiver
            Type Int
            Local $dependency.parameter.other
    bb24 if.then.24
      return
        Type Int
        IntegerLiteral Int value=5 bits=0x00000005
    bb25 if.merge.25
      call $call.8: Int = <closure:function_type1> closure[function_type1]
        Type () -> Int
        Local inherited
      return
        Type Int
        Local $call.8
  fun localGenericSelfReference @fn5(seed: Int, inspect: (Int) -> Int) -> Int
    bb0 entry
      val limit: Int
        Type Int
        IntegerLiteral Int value=0 bits=0x00000000
      val $argument.0: Unit
        Type Unit
        UnitLiteral
      val $argument.1: Int
        Type Int
        IntegerLiteral Int value=2 bits=0x00000002
      val $parameter.ignored: Unit
        Type Unit
        Local $argument.0
      val $parameter.depth: Int
        Type Int
        Local $argument.1
      call $call.1: Int = @fn14 direct
        Type Int
        Local limit
        Type Int
        Local seed
        Type Unit
        Local $parameter.ignored
        Type Int
        Local $parameter.depth
      call $dependency.receiver: Int = <closure:function_type0> closure[function_type0]
        Type (Int) -> Int
        Local inspect
        Type Int
        Local $call.1
      val $argument.0: Int
        Type Int
        IntegerLiteral Int value=0 bits=0x00000000
      val $argument.1: Int
        Type Int
        IntegerLiteral Int value=2 bits=0x00000002
      val $parameter.ignored: Int
        Type Int
        Local $argument.0
      val $parameter.depth: Int
        Type Int
        Local $argument.1
      call $call.2: Int = @fn15 direct
        Type Int
        Local limit
        Type Int
        Local seed
        Type Int
        Local $parameter.ignored
        Type Int
        Local $parameter.depth
      call $dependency.argument.0: Int = <closure:function_type0> closure[function_type0]
        Type (Int) -> Int
        Local inspect
        Type Int
        Local $call.2
      val $dependency.parameter.other: Int
        Type Int
        Local $dependency.argument.0
      val $dependency.receiver: Int
        Type Int
        IntegerBinary add kind=Int
          Type Int
          Local $dependency.receiver
          Type Int
          Local $dependency.parameter.other
      call $dependency.argument.0: Int = <closure:function_type0> closure[function_type0]
        Type (Int) -> Int
        Local inspect
        Type Int
        Local seed
      val $dependency.parameter.other: Int
        Type Int
        Local $dependency.argument.0
      return
        Type Int
        IntegerBinary subtract kind=Int
          Type Int
          Local $dependency.receiver
          Type Int
          Local $dependency.parameter.other
  fun localRecursiveReference @fn6(seed: Int, inspect: (Int) -> Int) -> Int
    bb0 entry
      val $argument.0: Int
        Type Int
        IntegerLiteral Int value=2 bits=0x00000002
      val $parameter.depth: Int
        Type Int
        Local $argument.0
      call $dependency.receiver: Box<Int> = @fn16 direct
        Type Int
        Local seed
        Type Int
        Local $parameter.depth
      call $call.1: Int = @fn9 direct
        Type Box<Int>
        Local $dependency.receiver
      call $call.2: Int = <closure:function_type0> closure[function_type0]
        Type (Int) -> Int
        Local inspect
        Type Int
        Local $call.1
      return
        Type Int
        Local $call.2
  fun identity @fn7(value: Int) -> Int
    bb0 entry
      return
        Type Int
        Local value
  fun $extension.retain @fn8(this: Int) -> Int
    bb0 entry
      return
        Type Int
        Local this
  fun read @fn9(this: Box<Int>) -> Int
    bb0 entry
      call $call.1: Int = @fn17 direct
        Type Box<Int>
        Local this
      return
        Type Int
        Local $call.1
  fun $lambda.1 @fn10($closure: (Int) -> Int, value: Int) -> Int
    bb0 entry
      return
        Type Int
        Local value
  fun localCaptured @fn11(seed: Int, inspect: (Int) -> Int) -> () -> Int
    bb0 entry
      val first: (Int) -> Int
        Type (Int) -> Int
        ClosureAlloc cc12 $Closure$reference7
          CaptureInit field=0
            Type (Int) -> Int
            Local inspect
          CaptureInit field=1
            Type Int
            Local seed
      val repeated: (Int) -> Int
        Type (Int) -> Int
        ClosureAlloc cc13 $Closure$reference8
          CaptureInit field=0
            Type (Int) -> Int
            Local inspect
          CaptureInit field=1
            Type Int
            Local seed
      val alternate: (Unit) -> Int
        Type (Unit) -> Int
        ClosureAlloc cc14 $Closure$reference9
          CaptureInit field=0
            Type (Int) -> Int
            Local inspect
          CaptureInit field=1
            Type Int
            Local seed
      return
        Type () -> Int
        ClosureAlloc cc3 $Closure$lambda3
          CaptureInit field=0
            Type (Int) -> Int
            Local first
          CaptureInit field=1
            Type (Int) -> Int
            Local repeated
          CaptureInit field=2
            Type (Unit) -> Int
            Local alternate
  fun $lambda.2 @fn12($closure: (Int) -> Int, value: Int) -> Int
    bb0 entry
      return
        Type Int
        Local value
  fun localCaptured @fn13(seed: Int, inspect: (Int) -> Int) -> () -> Int
    bb0 entry
      val first: (Int) -> Int
        Type (Int) -> Int
        ClosureAlloc cc15 $Closure$reference10
          CaptureInit field=0
            Type (Int) -> Int
            Local inspect
          CaptureInit field=1
            Type Int
            Local seed
      val repeated: (Int) -> Int
        Type (Int) -> Int
        ClosureAlloc cc16 $Closure$reference11
          CaptureInit field=0
            Type (Int) -> Int
            Local inspect
          CaptureInit field=1
            Type Int
            Local seed
      val alternate: (Unit) -> Int
        Type (Unit) -> Int
        ClosureAlloc cc17 $Closure$reference12
          CaptureInit field=0
            Type (Int) -> Int
            Local inspect
          CaptureInit field=1
            Type Int
            Local seed
      return
        Type () -> Int
        ClosureAlloc cc4 $Closure$lambda4
          CaptureInit field=1
            Type (Int) -> Int
            Local first
          CaptureInit field=2
            Type (Int) -> Int
            Local repeated
          CaptureInit field=0
            Type (Unit) -> Int
            Local alternate
  fun $local.3.recur @fn14($capture.limit: Int, $capture.seed: Int, ignored: Unit, depth: Int) -> Int
    bb0 entry
      val $dependency.receiver: Int
        Type Int
        Local depth
      val $dependency.argument.0: Int
        Type Int
        Local $capture.limit
      val $dependency.parameter.other: Int
        Type Int
        Local $dependency.argument.0
      branch bb1 bb2
        Type Boolean
        IntegerCompare greater-than operands=Long result=Boolean
          Type Long
          IntegerCompareTo operands=Int result=Long
            Type Int
            Local $dependency.receiver
            Type Int
            Local $dependency.parameter.other
          Type Long
          IntegerLiteral Long value=0 bits=0x0000000000000000
    bb1 if.then.1
      val next: (Unit, Int) -> Int
        Type (Unit, Int) -> Int
        ClosureAlloc cc18 $Closure$reference13
          CaptureInit field=1
            Type Int
            Local $capture.limit
          CaptureInit field=0
            Type Int
            Local $capture.seed
      val $dependency.receiver: Int
        Type Int
        Local depth
      val $dependency.argument.0: Int
        Type Int
        IntegerLiteral Int value=1 bits=0x00000001
      val $dependency.parameter.other: Int
        Type Int
        Local $dependency.argument.0
      call $call.1: Int = <closure:function_type4> closure[function_type4]
        Type (Unit, Int) -> Int
        Local next
        Type Unit
        Local ignored
        Type Int
        IntegerBinary subtract kind=Int
          Type Int
          Local $dependency.receiver
          Type Int
          Local $dependency.parameter.other
      return
        Type Int
        Local $call.1
    bb2 if.merge.2
      return
        Type Int
        Local $capture.seed
  fun $local.3.recur @fn15($capture.limit: Int, $capture.seed: Int, ignored: Int, depth: Int) -> Int
    bb0 entry
      val $dependency.receiver: Int
        Type Int
        Local depth
      val $dependency.argument.0: Int
        Type Int
        Local $capture.limit
      val $dependency.parameter.other: Int
        Type Int
        Local $dependency.argument.0
      branch bb1 bb2
        Type Boolean
        IntegerCompare greater-than operands=Long result=Boolean
          Type Long
          IntegerCompareTo operands=Int result=Long
            Type Int
            Local $dependency.receiver
            Type Int
            Local $dependency.parameter.other
          Type Long
          IntegerLiteral Long value=0 bits=0x0000000000000000
    bb1 if.then.1
      val next: (Int, Int) -> Int
        Type (Int, Int) -> Int
        ClosureAlloc cc19 $Closure$reference14
          CaptureInit field=1
            Type Int
            Local $capture.limit
          CaptureInit field=0
            Type Int
            Local $capture.seed
      val $dependency.receiver: Int
        Type Int
        Local depth
      val $dependency.argument.0: Int
        Type Int
        IntegerLiteral Int value=1 bits=0x00000001
      val $dependency.parameter.other: Int
        Type Int
        Local $dependency.argument.0
      call $call.1: Int = <closure:function_type5> closure[function_type5]
        Type (Int, Int) -> Int
        Local next
        Type Int
        Local ignored
        Type Int
        IntegerBinary subtract kind=Int
          Type Int
          Local $dependency.receiver
          Type Int
          Local $dependency.parameter.other
      return
        Type Int
        Local $call.1
    bb2 if.merge.2
      return
        Type Int
        Local $capture.seed
  fun $local.1.descend @fn16($capture.seed: Int, depth: Int) -> Box<Int>
    bb0 entry
      val $dependency.receiver: Int
        Type Int
        Local depth
      val $dependency.argument.0: Int
        Type Int
        IntegerLiteral Int value=0 bits=0x00000000
      val $dependency.parameter.other: Int
        Type Int
        Local $dependency.argument.0
      branch bb1 bb2
        Type Boolean
        IntegerCompare greater-than operands=Long result=Boolean
          Type Long
          IntegerCompareTo operands=Int result=Long
            Type Int
            Local $dependency.receiver
            Type Int
            Local $dependency.parameter.other
          Type Long
          IntegerLiteral Long value=0 bits=0x0000000000000000
    bb1 if.then.1
      val $dependency.receiver: Int
        Type Int
        Local depth
      val $dependency.argument.0: Int
        Type Int
        IntegerLiteral Int value=1 bits=0x00000001
      val $dependency.parameter.other: Int
        Type Int
        Local $dependency.argument.0
      val $argument.0: Int
        Type Int
        IntegerBinary subtract kind=Int
          Type Int
          Local $dependency.receiver
          Type Int
          Local $dependency.parameter.other
      val $parameter.depth: Int
        Type Int
        Local $argument.0
      call $call.1: Box<Int> = @fn16 direct
        Type Int
        Local $capture.seed
        Type Int
        Local $parameter.depth
      val read: () -> Int
        Type () -> Int
        ClosureAlloc cc20 $Closure$reference15
          CaptureInit field=0
            Type Box<Int>
            Local $call.1
      call $dependency.argument.0: Int = <closure:function_type1> closure[function_type1]
        Type () -> Int
        Local read
      val $dependency.parameter.value: Int
        Type Int
        Local $dependency.argument.0
      assign $new.2
        Type Box<Int>
        ClassAlloc Box<Int>
      call @fn40 direct
        Type Box<Int>
        Local $new.2
        Type Int
        Local $dependency.parameter.value
      return
        Type Box<Int>
        Local $new.2
    bb2 if.merge.2
      val $dependency.argument.0: Int
        Type Int
        Local $capture.seed
      val $dependency.parameter.value: Int
        Type Int
        Local $dependency.argument.0
      assign $new.3
        Type Box<Int>
        ClassAlloc Box<Int>
      call @fn40 direct
        Type Box<Int>
        Local $new.3
        Type Int
        Local $dependency.parameter.value
      return
        Type Box<Int>
        Local $new.3
  fun value @fn17(this: Box<Int>) -> Int
    bb0 entry
      return
        Type Int
        FieldAccess 0
          Type Box<Int>
          Local this
  fun $local.0.value @fn18($capture.inspect: (Int) -> Int, $capture.seed: Int, ignored: Int) -> Int
    bb0 entry
      call $call.1: Int = <closure:function_type0> closure[function_type0]
        Type (Int) -> Int
        Local $capture.inspect
        Type Int
        Local $capture.seed
      return
        Type Int
        Local $call.1
  fun $local.0.value @fn19($capture.inspect: (Int) -> Int, $capture.seed: Int, ignored: Unit) -> Int
    bb0 entry
      call $call.1: Int = <closure:function_type0> closure[function_type0]
        Type (Int) -> Int
        Local $capture.inspect
        Type Int
        Local $capture.seed
      return
        Type Int
        Local $call.1
  fun $lambda.0 @fn20($closure: () -> Int) -> Int
    bb0 entry
      call $dependency.receiver: Int = <closure:function_type0> closure[function_type0]
        Type (Int) -> Int
        ClosureCapture cc3 0
          Type () -> Int
          Local $closure
        Type Int
        IntegerLiteral Int value=0 bits=0x00000000
      call $dependency.argument.0: Int = <closure:function_type0> closure[function_type0]
        Type (Int) -> Int
        ClosureCapture cc3 1
          Type () -> Int
          Local $closure
        Type Int
        IntegerLiteral Int value=0 bits=0x00000000
      val $dependency.parameter.other: Int
        Type Int
        Local $dependency.argument.0
      val $dependency.receiver: Int
        Type Int
        IntegerBinary add kind=Int
          Type Int
          Local $dependency.receiver
          Type Int
          Local $dependency.parameter.other
      call $dependency.argument.0: Int = <closure:function_type3> closure[function_type3]
        Type (Unit) -> Int
        ClosureCapture cc3 2
          Type () -> Int
          Local $closure
        Type Unit
        UnitLiteral
      val $dependency.parameter.other: Int
        Type Int
        Local $dependency.argument.0
      val $dependency.receiver: Int
        Type Int
        IntegerBinary add kind=Int
          Type Int
          Local $dependency.receiver
          Type Int
          Local $dependency.parameter.other
      val $dependency.argument.0: Int
        Type Int
        IntegerLiteral Int value=84 bits=0x00000054
      val $dependency.parameter.other: Int
        Type Int
        Local $dependency.argument.0
      return
        Type Int
        IntegerBinary subtract kind=Int
          Type Int
          Local $dependency.receiver
          Type Int
          Local $dependency.parameter.other
  fun $local.0.value @fn21($capture.inspect: (Int) -> Int, $capture.seed: Int, ignored: Int) -> Int
    bb0 entry
      call $call.1: Int = <closure:function_type0> closure[function_type0]
        Type (Int) -> Int
        Local $capture.inspect
        Type Int
        Local $capture.seed
      return
        Type Int
        Local $call.1
  fun $local.0.value @fn22($capture.inspect: (Int) -> Int, $capture.seed: Int, ignored: Unit) -> Int
    bb0 entry
      call $call.1: Int = <closure:function_type0> closure[function_type0]
        Type (Int) -> Int
        Local $capture.inspect
        Type Int
        Local $capture.seed
      return
        Type Int
        Local $call.1
  fun $lambda.0 @fn23($closure: () -> Int) -> Int
    bb0 entry
      call $dependency.receiver: Int = <closure:function_type0> closure[function_type0]
        Type (Int) -> Int
        ClosureCapture cc4 1
          Type () -> Int
          Local $closure
        Type Int
        IntegerLiteral Int value=0 bits=0x00000000
      call $dependency.argument.0: Int = <closure:function_type0> closure[function_type0]
        Type (Int) -> Int
        ClosureCapture cc4 2
          Type () -> Int
          Local $closure
        Type Int
        IntegerLiteral Int value=0 bits=0x00000000
      val $dependency.parameter.other: Int
        Type Int
        Local $dependency.argument.0
      val $dependency.receiver: Int
        Type Int
        IntegerBinary add kind=Int
          Type Int
          Local $dependency.receiver
          Type Int
          Local $dependency.parameter.other
      call $dependency.argument.0: Int = <closure:function_type3> closure[function_type3]
        Type (Unit) -> Int
        ClosureCapture cc4 0
          Type () -> Int
          Local $closure
        Type Unit
        UnitLiteral
      val $dependency.parameter.other: Int
        Type Int
        Local $dependency.argument.0
      val $dependency.receiver: Int
        Type Int
        IntegerBinary add kind=Int
          Type Int
          Local $dependency.receiver
          Type Int
          Local $dependency.parameter.other
      val $dependency.argument.0: Int
        Type Int
        IntegerLiteral Int value=84 bits=0x00000054
      val $dependency.parameter.other: Int
        Type Int
        Local $dependency.argument.0
      return
        Type Int
        IntegerBinary subtract kind=Int
          Type Int
          Local $dependency.receiver
          Type Int
          Local $dependency.parameter.other
  fun $reference.0 @fn24($closure: (Int) -> Int, arg0: Int) -> Int
    bb0 entry
      call $call.1: Int = @fn2 direct
        Type Int
        ClosureCapture cc5 0
          Type (Int) -> Int
          Local $closure
        Type Int
        Local arg0
      return
        Type Int
        Local $call.1
  fun $reference.1 @fn25($closure: () -> Int) -> Int
    bb0 entry
      call $call.1: Int = external0 direct
      return
        Type Int
        Local $call.1
  fun $reference.2 @fn26($closure: (Int) -> Int, arg0: Int) -> Int
    bb0 entry
      call $call.1: Int = @fn7 direct
        Type Int
        Local arg0
      return
        Type Int
        Local $call.1
  fun $reference.3 @fn27($closure: () -> Int) -> Int
    bb0 entry
      call $call.1: Int = @fn8 direct
        Type Int
        ClosureCapture cc8 0
          Type () -> Int
          Local $closure
      return
        Type Int
        Local $call.1
  fun $reference.4 @fn28($closure: (Int) -> Int, arg0: Int) -> Int
    bb0 entry
      call $call.1: Int = @fn8 direct
        Type Int
        Local arg0
      return
        Type Int
        Local $call.1
  fun $reference.5 @fn29($closure: () -> Int) -> Int
    bb0 entry
      call $call.1: Int = @fn9 direct
        Type Box<Int>
        ClosureCapture cc10 0
          Type () -> Int
          Local $closure
      return
        Type Int
        Local $call.1
  fun $reference.6 @fn30($closure: (Int) -> Boolean, arg0: Int) -> Boolean
    bb0 entry
      return
        Type Boolean
        IntegerCompare equal operands=Int result=Boolean
          Type Int
          ClosureCapture cc11 0
            Type (Int) -> Boolean
            Local $closure
          Type Int
          Local arg0
  fun $reference.7 @fn31($closure: (Int) -> Int, arg0: Int) -> Int
    bb0 entry
      call $call.1: Int = @fn18 direct
        Type (Int) -> Int
        ClosureCapture cc12 0
          Type (Int) -> Int
          Local $closure
        Type Int
        ClosureCapture cc12 1
          Type (Int) -> Int
          Local $closure
        Type Int
        Local arg0
      return
        Type Int
        Local $call.1
  fun $reference.8 @fn32($closure: (Int) -> Int, arg0: Int) -> Int
    bb0 entry
      call $call.1: Int = @fn18 direct
        Type (Int) -> Int
        ClosureCapture cc13 0
          Type (Int) -> Int
          Local $closure
        Type Int
        ClosureCapture cc13 1
          Type (Int) -> Int
          Local $closure
        Type Int
        Local arg0
      return
        Type Int
        Local $call.1
  fun $reference.9 @fn33($closure: (Unit) -> Int, arg0: Unit) -> Int
    bb0 entry
      call $call.1: Int = @fn19 direct
        Type (Int) -> Int
        ClosureCapture cc14 0
          Type (Unit) -> Int
          Local $closure
        Type Int
        ClosureCapture cc14 1
          Type (Unit) -> Int
          Local $closure
        Type Unit
        Local arg0
      return
        Type Int
        Local $call.1
  fun $reference.10 @fn34($closure: (Int) -> Int, arg0: Int) -> Int
    bb0 entry
      call $call.1: Int = @fn21 direct
        Type (Int) -> Int
        ClosureCapture cc15 0
          Type (Int) -> Int
          Local $closure
        Type Int
        ClosureCapture cc15 1
          Type (Int) -> Int
          Local $closure
        Type Int
        Local arg0
      return
        Type Int
        Local $call.1
  fun $reference.11 @fn35($closure: (Int) -> Int, arg0: Int) -> Int
    bb0 entry
      call $call.1: Int = @fn21 direct
        Type (Int) -> Int
        ClosureCapture cc16 0
          Type (Int) -> Int
          Local $closure
        Type Int
        ClosureCapture cc16 1
          Type (Int) -> Int
          Local $closure
        Type Int
        Local arg0
      return
        Type Int
        Local $call.1
  fun $reference.12 @fn36($closure: (Unit) -> Int, arg0: Unit) -> Int
    bb0 entry
      call $call.1: Int = @fn22 direct
        Type (Int) -> Int
        ClosureCapture cc17 0
          Type (Unit) -> Int
          Local $closure
        Type Int
        ClosureCapture cc17 1
          Type (Unit) -> Int
          Local $closure
        Type Unit
        Local arg0
      return
        Type Int
        Local $call.1
  fun $reference.13 @fn37($closure: (Unit, Int) -> Int, arg0: Unit, arg1: Int) -> Int
    bb0 entry
      call $call.1: Int = @fn14 direct
        Type Int
        ClosureCapture cc18 1
          Type (Unit, Int) -> Int
          Local $closure
        Type Int
        ClosureCapture cc18 0
          Type (Unit, Int) -> Int
          Local $closure
        Type Unit
        Local arg0
        Type Int
        Local arg1
      return
        Type Int
        Local $call.1
  fun $reference.14 @fn38($closure: (Int, Int) -> Int, arg0: Int, arg1: Int) -> Int
    bb0 entry
      call $call.1: Int = @fn15 direct
        Type Int
        ClosureCapture cc19 1
          Type (Int, Int) -> Int
          Local $closure
        Type Int
        ClosureCapture cc19 0
          Type (Int, Int) -> Int
          Local $closure
        Type Int
        Local arg0
        Type Int
        Local arg1
      return
        Type Int
        Local $call.1
  fun $reference.15 @fn39($closure: () -> Int) -> Int
    bb0 entry
      call $call.1: Int = @fn9 direct
        Type Box<Int>
        ClosureCapture cc20 0
          Type () -> Int
          Local $closure
      return
        Type Int
        Local $call.1
  fun init.Box.$c0 @fn40(this: Box<Int>, value: Int) -> Unit
    bb0 entry
      field_set 0
        Type Box<Int>
        Local this
        Type Int
        Local value
      return
  instance mi0 function=@fn4 <- exercise
  instance mi1 function=@fn5 <- localGenericSelfReference
  instance mi2 function=@fn6 <- localRecursiveReference
  instance mi3 function=@fn7 <- identity
  instance mi4 function=@fn8 <- $extension.retain
  instance mi5 function=@fn9 <- read
  instance mi6 function=@fn10 <- $lambda.1
  instance mi7 function=@fn11 <- localCaptured
  instance mi8 function=@fn12 <- $lambda.2
  instance mi9 function=@fn13 <- localCaptured
  instance mi10 function=@fn14 <- $local.3.recur
  instance mi11 function=@fn15 <- $local.3.recur
  instance mi12 function=@fn16 <- $local.1.descend
  instance mi13 function=@fn17 <- value
  instance mi14 function=@fn18 <- $local.0.value
  instance mi15 function=@fn19 <- $local.0.value
  instance mi16 function=@fn20 <- $lambda.0
  instance mi17 function=@fn21 <- $local.0.value
  instance mi18 function=@fn22 <- $local.0.value
  instance mi19 function=@fn23 <- $lambda.0
  output library
