Module
  extern ef0 write @scoop_rt_write(String) -> Unit <abi=scoop managed>
  extern ef1 coreLongToString @scoop_rt_long_to_string(Long) -> String <abi=scoop managed>
  enum ForeignCallbackMode
    Reusable()
    OneShot()
  enum ForeignCallbackState
    Registered()
    Active()
    Completed()
    Failed()
  enum Option<Int>
    Some(_1: Int)
    None()
  enum CoroutineStep<String>
    Completed(value: String)
    Suspended()
  enum CoroutineSlot<String>
    Empty()
    Value(value: String)
  enum CoroutineStep<Int>
    Completed(value: Int)
    Suspended()
  enum CoroutineStep<_ThrowableProtocol>
    Completed(value: _ThrowableProtocol)
    Suspended()
  interface Continuation<Int>
  interface SuspendTask<Int>
  interface SuspendRegistration<Int>
  interface Continuation<String>
  interface SuspendTask<String>
  interface SuspendRegistration<String>
  interface Continuation<_ThrowableProtocol>
  interface SuspendTask<_ThrowableProtocol>
  interface SuspendRegistration<_ThrowableProtocol>
  generated_exact_type get0 location=enum5 nominal_id=81c6af0325c73a53905483b41fa478a6369101eb7a537db06f25b4d327746d88 exact_id=0ce6f8100b904f939745b95ff56343abff122e3b14e16066ce396bf9bac5f054
  generated_exact_type get1 location=enum3 nominal_id=2b41b14d885fa38a57063f4b172f305c10201de466a744b67467d982b9b03e4d exact_id=54f75c5f7a246468d3b9a26b12b55f3682e8d4c3461904f2d2dad148dd1d3381
  generated_exact_type get2 location=enum6 nominal_id=8e87ab1c9f058e3887edda4f3cde4d268fef049633fba16135d0005daf2c41ee exact_id=c0236e13108a9f5c89384a703596acaa990c03af369ff70ae9e62fd31d66196c
  generated_exact_type get3 location=enum4 nominal_id=97de422daaa5f55d61a1aa042f57df4b345a1c739e7c8cdb9828340e5643c8de exact_id=c6dfe2e2b19c7e12085f2e1cfcac8c2868bd073baad4765dd757d63390b273e4
  generated_callable gc0 function=@fn23 id=a020ce69f3231d812b6b787bad8fb55b72f0db205594f6525ff0f35a32343007
  fun write @fn0(arg0: String) -> Unit
    bb0 entry
      call extern0 @scoop_rt_write direct
        Type String
        Local arg0
      return
  fun coreLongToString @fn1(arg0: Long) -> String
    bb0 entry
      call $call.1: String = extern1 @scoop_rt_long_to_string direct
        Type Long
        Local arg0
      return
        Type String
        Local $call.1
  fun print @fn2(message: Int) -> Unit
    bb0 entry
      call $call.1: String = extern1 @scoop_rt_long_to_string direct
        Type Long
        IntegerConversion Int -> Long
          Type Int
          Local message
      call extern0 @scoop_rt_write direct
        Type String
        Local $call.1
      return
  fun println @fn3(message: String) -> Unit
    bb0 entry
      call extern0 @scoop_rt_write direct
        Type String
        Local message
      call extern0 @scoop_rt_write direct
        Type String
        StringConst @str0
      return
  fun main @fn4() -> Unit
    bb0 entry
      val $when.1: Option<Int>
        Type Option<Int>
        Local o
      val $pattern.subject.2: Option<Int>
        Type Option<Int>
        Local $when.1
      branch bb1 bb2
        Type Boolean
        VariantTest Option<Int> v0
          Type Option<Int>
          Local $pattern.subject.2
    bb1 pattern.pass.1
      val x: Int
        Type Int
        VariantPayloadProject Option<Int> v0 f0
          Type Option<Int>
          Local $pattern.subject.2
      val threshold: Int
        Type Int
        IntegerLiteral Int value=0 bits=0x00000000
      branch bb4 bb5
        Type Boolean
        IntegerCompare greater-than operands=Long result=Boolean
          Type Long
          IntegerCompareTo operands=Int result=Long
            Type Int
            Local x
            Type Int
            Local threshold
          Type Long
          IntegerLiteral Long value=0 bits=0x0000000000000000
    bb2 pattern.else.2
      call @fn3 direct
        Type String
        StringConst @str2
      goto bb3
    bb3 pattern.merge.3
      return
    bb4 if.then.4
      call @fn2 direct
        Type Int
        Local x
      goto bb6
    bb5 if.else.5
      call @fn3 direct
        Type String
        StringConst @str1
      goto bb6
    bb6 if.merge.6
      goto bb3
  fun Continuation.resume @fn5(this: Continuation<Int>, value: Int) -> Unit
    bb0 entry
      trap "call to abstract method `Continuation.resume`"
  fun Continuation.resumeWithException @fn6(this: Continuation<Int>, exception: _ThrowableProtocol) -> Unit
    bb0 entry
      trap "call to abstract method `Continuation.resumeWithException`"
  fun SuspendTask.run @fn7(this: SuspendTask<Int>, $completion: Continuation<Int>) -> CoroutineStep<Int>
    bb0 entry
      trap "call to abstract method `SuspendTask.run`"
  fun SuspendRegistration.register @fn8(this: SuspendRegistration<Int>) -> Unit
    bb0 entry
      trap "call to abstract method `SuspendRegistration.register`"
  fun Continuation.resume @fn9(this: Continuation<String>, value: String) -> Unit
    bb0 entry
      trap "call to abstract method `Continuation.resume`"
  fun Continuation.resumeWithException @fn10(this: Continuation<String>, exception: _ThrowableProtocol) -> Unit
    bb0 entry
      trap "call to abstract method `Continuation.resumeWithException`"
  fun SuspendTask.run @fn11(this: SuspendTask<String>, $completion: Continuation<String>) -> CoroutineStep<String>
    bb0 entry
      trap "call to abstract method `SuspendTask.run`"
  fun SuspendRegistration.register @fn12(this: SuspendRegistration<String>) -> Unit
    bb0 entry
      trap "call to abstract method `SuspendRegistration.register`"
  fun Continuation.resume @fn13(this: Continuation<_ThrowableProtocol>, value: _ThrowableProtocol) -> Unit
    bb0 entry
      trap "call to abstract method `Continuation.resume`"
  fun Continuation.resumeWithException @fn14(this: Continuation<_ThrowableProtocol>, exception: _ThrowableProtocol) -> Unit
    bb0 entry
      trap "call to abstract method `Continuation.resumeWithException`"
  fun SuspendTask.run @fn15(this: SuspendTask<_ThrowableProtocol>, $completion: Continuation<_ThrowableProtocol>) -> CoroutineStep<_ThrowableProtocol>
    bb0 entry
      trap "call to abstract method `SuspendTask.run`"
  fun SuspendRegistration.register @fn16(this: SuspendRegistration<_ThrowableProtocol>) -> Unit
    bb0 entry
      trap "call to abstract method `SuspendRegistration.register`"
  fun startCoroutine<String> @fn23(task: SuspendTask<String>, completion: Continuation<String>) -> Unit
    bb0 suspended
      return
    bb1 completed
      call @fn9 interface Continuation<String>[0]
        Type Continuation<String>
        Local completion
        Type String
        EnumField v0 f0
          Type CoroutineStep<String>
          Local $step
      return
    bb2 failed
      call @fn10 interface Continuation<String>[1]
        Type Continuation<String>
        Local completion
        Type _ThrowableProtocol
        Local $exception
      return
    bb3 body_failure
      landing_pad cleanup=false
      begin_catch
      call $exception: _ThrowableProtocol = @scoop_rt_materialize_exception direct
        Type Any
        CaughtException
      end_catch
      goto bb2
    bb4 entry unwind bb3
      call $step: CoroutineStep<String> = @fn11 interface SuspendTask<String>[0]
        Type SuspendTask<String>
        Local task
        Type Continuation<String>
        Local completion
      branch bb1 bb0
        Type Boolean
        Binary MachineEq(EnumTag)
          Type machine<enum-tag>
          EnumTag
            Type CoroutineStep<String>
            Local $step
          Type machine<enum-tag>
          MachineScalarLiteral EnumTag(0)
  coroutine_step cs0 CoroutineStep<String> result=String
  coroutine_step cs1 CoroutineStep<Int> result=Int
  coroutine_step cs2 CoroutineStep<_ThrowableProtocol> result=_ThrowableProtocol
  coroutine_slot cl0 CoroutineSlot<String> value=String
  coroutine_start ct0 result=String function=fn23
  coroutine_fn cf0 @fn7 source_return=Int step=cs1 immediate
  coroutine_fn cf1 @fn11 source_return=String step=cs0 immediate
  coroutine_fn cf2 @fn15 source_return=_ThrowableProtocol step=cs2 immediate
  instance mi0 function=@fn5 <- Continuation.resume
  instance mi1 function=@fn6 <- Continuation.resumeWithException
  instance mi2 function=@fn7 <- SuspendTask.run
  instance mi3 function=@fn8 <- SuspendRegistration.register
  instance mi4 function=@fn9 <- Continuation.resume
  instance mi5 function=@fn10 <- Continuation.resumeWithException
  instance mi6 function=@fn11 <- SuspendTask.run
  instance mi7 function=@fn12 <- SuspendRegistration.register
  instance mi8 function=@fn13 <- Continuation.resume
  instance mi9 function=@fn14 <- Continuation.resumeWithException
  instance mi10 function=@fn15 <- SuspendTask.run
  instance mi11 function=@fn16 <- SuspendRegistration.register
  str @str0 "\n"
  str @str1 "neg"
  str @str2 "neg"
  output executable @fn4
