Cache Protected constructors=0 protected=0 slots=1
Choice Protected constructors=0 protected=0 slots=0
ConcreteChild Protected constructors=0 protected=0 slots=1
Derived Public constructors=0 protected=0 slots=0
Entry Protected constructors=1 protected=4 slots=5
Envelope Public constructors=0 protected=6 slots=0
GenericChild Protected generic binders=1
GenericOuter Public generic binders=1
HiddenBase Protected constructors=1 protected=1 slots=1
Leaf Protected constructors=1 protected=0 slots=5
Pair Protected constructors=1 protected=0 slots=1
Role Public constructors=0 protected=0 slots=1
Unrelated Private constructors=0 protected=0 slots=0
