code=99f4b02608c775f107181fa09683b5495642ba4bbfa8486043ef0775c628b51c native=10 libraries=0
code=50566d305e1279afa3ac1bbf58c6de7c783865deffacc89d65b7fe1e722a9d93 native=1 libraries=0
reject current Distribution
reject current OutputBranch
reject current ManifestCode
reject current OuterCode
reject current MatchingWrongCode
reject current NativeContractExtra
reject current NativeLibraryExtra
reject current NativeContractMissing
reject current NativeContractDuplicate
reject current NativeContractFingerprint
reject dependency Distribution
reject dependency OutputBranch
reject dependency ManifestCode
reject dependency OuterCode
reject dependency MatchingWrongCode
reject dependency NativeContractExtra
reject dependency NativeLibraryExtra
reject dependency NativeContractMissing
reject dependency NativeContractDuplicate
reject dependency NativeContractFingerprint
reject dependency NativeContractOrder
