code=e773a9457c185b7b18e4b5f893374230c39882baedd5f88566c6fb90a772de3d native=10 libraries=0
code=7107ed80ea5b75790e1d040d3a3187ef7e2905d0ca93198e63537472e5d38ff0 native=1 libraries=0
reject current Distribution
reject current OutputBranch
reject current ManifestCode
reject current OuterCode
reject current MatchingWrongCode
reject current NativeContractExtra
reject current NativeLibraryExtra
reject current NativeContractMissing
reject current NativeContractDuplicate
reject current NativeContractFingerprint
reject dependency Distribution
reject dependency OutputBranch
reject dependency ManifestCode
reject dependency OuterCode
reject dependency MatchingWrongCode
reject dependency NativeContractExtra
reject dependency NativeLibraryExtra
reject dependency NativeContractMissing
reject dependency NativeContractDuplicate
reject dependency NativeContractFingerprint
reject dependency NativeContractOrder
