dependency: owners=3549 uses=504 ordinary=0 shape=0 native=10 categories=[243, 0, 21, 234, 6, 0]
current: owners=197 uses=74 ordinary=3 shape=4 native=1 categories=[31, 1, 1, 31, 3, 0]
reject DefinedMissing
reject DefinedDuplicate
reject DefinedMember
reject LegacyMissing
reject LegacyWidth
reject OrdinaryMissing
reject OrdinaryDuplicate
reject OrdinaryIndex
reject ShapeMissing
reject ShapeDuplicate
reject ShapeIndex
reject UnknownRuntime
reject WrongNativeSymbol
reject DependencyDefinedMember
reject CompileView
reject MixedView
