---
source: compiler/driver/tests/fixtures.rs
expression: snapshot
---
== ast ==
SourceFile
  interface Continuation<in T>
    fun resume
    fun resumeWithException
  interface SuspendTask<out T>
    suspend fun run
  interface SuspendRegistration<out T>
    fun register
  struct FunctionSuspendTask<T> : SuspendTask<T>
    field task: suspend () -> T
    suspend fun run
  struct FunctionSuspendRegistration<T> : SuspendRegistration<T>
    field registration: (Continuation<T>) -> Unit
    fun register
    @Intrinsic("coroutine_start")
  fun startCoroutine<T>(task: SuspendTask<T>, completion: Continuation<T>)
    @Intrinsic("coroutine_suspend")
  suspend fun suspendCoroutine<T>(registration: SuspendRegistration<T>): T
  fun startCoroutine<T>(task: suspend () -> T, completion: Continuation<T>)
    Call startCoroutine
      Call FunctionSuspendTask
        Var task
      Var completion
  suspend fun suspendCoroutine<T>(registration: (Continuation<T>) -> Unit): T
    =
      Call suspendCoroutine
        Call FunctionSuspendRegistration
          Var registration
SourceFile
  struct Ptr<T : value>
    field _rawPointer: UInt
    operator fun equals
    fun toUInt
    fun cast
    fun load
    fun load
    fun store
    fun store
    fun plus
    fun minus
  struct FunPtr<F>
    field _rawPointer: UInt
    @Unsafe
    @Intrinsic("address_of")
  fun addressOf<T : value>(value: T): Ptr<T>
    @NoGC
    @Intrinsic("size_of")
  fun sizeOf<T : value>(): UInt
    @NoGC
    @Intrinsic("align_of")
  fun alignOf<T : value>(): UInt
SourceFile
  enum ForeignCallbackMode
    Reusable
    OneShot
  enum ForeignCallbackState
    Registered
    Active
    Completed
    Failed
  struct ForeignCallback<F>
    field function: FunPtr<F>
    field context: Ptr<Unit>
    @Unsafe
    @Intrinsic("foreign_callback_register")
  fun foreignCallback<F>(callback: Any, contextIndex: Int, mode: ForeignCallbackMode): ForeignCallback<F>
    @Unsafe
    @Intrinsic("foreign_callback_retain")
  fun retainForeignCallback<F>(callback: ForeignCallback<F>): ForeignCallback<F>
    @Unsafe
    @Intrinsic("foreign_callback_release")
  fun releaseForeignCallback<F>(callback: ForeignCallback<F>)
    @Unsafe
    @Intrinsic("foreign_callback_state")
  fun foreignCallbackState<F>(callback: ForeignCallback<F>): ForeignCallbackState
    @Unsafe
    @Intrinsic("foreign_callback_failure")
  fun foreignCallbackFailure<F>(callback: ForeignCallback<F>): Throwable?
SourceFile
  struct PinnedPtr<T : ref>
    field raw: UInt
  struct GcHandle<T : ref>
    field raw: UInt
    @Unsafe
    @Intrinsic("gc_pin_raw")
  fun _pin<T : ref>(v: T): UInt
    @Unsafe
    @Intrinsic("gc_unpin_raw")
  fun _unpin<T : ref>(raw: UInt): T
    @Unsafe
    @Intrinsic("gc_get_handle_raw")
  fun _getGcHandle<T : ref>(v: T): UInt
    @Unsafe
    @Intrinsic("gc_release_handle_raw")
  fun _releaseGcHandle<T : ref>(raw: UInt): T
    @Unsafe
  fun pin<T : ref>(v: T): PinnedPtr<T>
    =
      Call PinnedPtr<T>
        Call _pin
          Var v
    @Unsafe
  fun unpin<T : ref>(p: PinnedPtr<T>): T
    =
      Call _unpin<T>
        FieldAccess raw
          Var p
    @Unsafe
  fun getGcHandle<T : ref>(v: T): GcHandle<T>
    =
      Call GcHandle<T>
        Call _getGcHandle
          Var v
    @Unsafe
  fun releaseGcHandle<T : ref>(h: GcHandle<T>): T
    =
      Call _releaseGcHandle<T>
        FieldAccess raw
          Var h
    @Intrinsic("rt_gc_collect")
  fun gcCollect()
    @Intrinsic("rt_gc_stats")
  fun gcStats(): UInt
SourceFile
    @Extern(name = "scoop_rt_write", abi = "scoop")
  fun write(message: String)
  fun print<T : ToString>(value: T)
    =
      Call write
        MethodCall toString
          Var value
  fun println<T : ToString>(value: T)
    Call write
      MethodCall toString
        Var value
    Call write
      StringLiteral "\n"
SourceFile
  enum Option<T>
    Some(T)
    None
SourceFile
  open class Throwable()
  open class Exception(val message: String?) : Throwable(<0 args>)
  class UnwrapException() : Exception(<1 args>)
  class ClassCastException() : Exception(<1 args>)
  class ArithmeticException() : Exception(<1 args>)
  class IndexOutOfBoundsException() : Exception(<1 args>)
  class IllegalStateException() : Exception(<1 args>)
SourceFile
  interface ToString
    fun toString
  interface Hash
    fun hash
    @Intrinsic("core_int")
  struct Int <representation omitted> : ToString, Hash
    operator fun equals
    fun toString
    fun hash
    @Intrinsic("core_uint")
  struct UInt <representation omitted> : ToString, Hash
    operator fun equals
    fun toString
    fun hash
    @Intrinsic("core_boolean")
  struct Boolean <representation omitted> : ToString, Hash
    operator fun equals
    fun toString
    fun hash
    @Intrinsic("core_string")
  class String(), ToString, Hash
    operator fun equals
    fun toString
    fun hash
    @Intrinsic("core_array")
  class Array<T>()
    fun toMutableArray
    @Intrinsic("core_mutable_array")
  class MutableArray<T>()
    fun toArray
    @Extern(name = "scoop_rt_int_equals", abi = "scoop")
  fun coreIntEquals(left: Int, right: Int): Boolean
    @Extern(name = "scoop_rt_uint_equals", abi = "scoop")
  fun coreUIntEquals(left: UInt, right: UInt): Boolean
    @Extern(name = "scoop_rt_bool_equals", abi = "scoop")
  fun coreBooleanEquals(left: Boolean, right: Boolean): Boolean
    @Extern(name = "scoop_rt_string_eq", abi = "scoop")
  fun coreStringEquals(left: String, right: String): Boolean
    @Extern(name = "scoop_rt_int_to_string", abi = "scoop")
  fun coreIntToString(value: Int): String
    @Extern(name = "scoop_rt_uint_to_string", abi = "scoop")
  fun coreUIntToString(value: UInt): String
    @Extern(name = "scoop_rt_bool_to_string", abi = "scoop")
  fun coreBooleanToString(value: Boolean): String
    @Extern(name = "scoop_rt_int_hash", abi = "scoop")
  fun coreIntHash(value: Int): Int
    @Extern(name = "scoop_rt_uint_hash", abi = "scoop")
  fun coreUIntHash(value: UInt): Int
    @Extern(name = "scoop_rt_bool_hash", abi = "scoop")
  fun coreBooleanHash(value: Boolean): Int
    @Extern(name = "scoop_rt_string_hash", abi = "scoop")
  fun coreStringHash(value: String): Int
SourceFile
    @CLayout
  struct NativePair
    field left: Int
    field right: Int
    @CLayout(aligned = 8, packed = 1)
  struct NativePacked
    field flag: Boolean
    field value: Int
    @CLayout(aligned = 16)
  struct NativeEnvelope
    field tag: Boolean
    field packed: NativePacked
    field tail: UInt
    @Extern(lib = "fixture_native", name = "native_add")
  fun nativeAdd(left: Int, right: Int): Int
    @Extern(lib = "fixture_native", name = "native_add_unsigned")
  fun nativeAddUnsigned(left: UInt, right: UInt): UInt
    @Extern(lib = "fixture_native")
  fun nativeDefault(value: UInt): UInt
    @Extern(lib = "fixture_extra", name = "extra_delta")
  fun extraDelta(value: Int): Int
    @Extern(lib = "fixture_native", name = "native_not")
  fun nativeNot(value: Boolean): Boolean
    @Extern(lib = "fixture_native", name = "native_swap")
  fun nativeSwap(value: NativePair): NativePair
    @Extern(lib = "fixture_native", name = "native_sink")
  fun nativeSink(value: Int)
    @Extern(lib = "fixture_native", name = "native_apply")
  fun nativeApply(value: Int, callback: FunPtr<(Int) -> Int>): Int
    @Extern(lib = "fixture_native", name = "native_apply_pair")
  fun nativeApplyPair(value: NativePair, callback: FunPtr<(NativePair) -> NativePair>): NativePair
    @Extern(lib = "fixture_native", name = "native_apply_optional")
  fun nativeApplyOptional(value: Int, callback: FunPtr<(Int) -> Int>?): Int
    @Extern(lib = "fixture_native", name = "native_round_trip_envelope")
  fun nativeRoundTripEnvelope(value: NativeEnvelope, callback: FunPtr<(NativeEnvelope) -> NativeEnvelope>): NativeEnvelope
    @NoGC
  fun transform(value: Int): Int
    =
      Binary Add
        Var value
        IntLiteral 1
    @NoGC
  fun transform(value: NativePair): NativePair
    =
      Call NativePair
        Binary Add
          FieldAccess left
            Var value
          IntLiteral 10
        Binary Add
          FieldAccess right
            Var value
          IntLiteral 20
    @NoGC
  fun transform(value: NativeEnvelope): NativeEnvelope
    =
      Call NativeEnvelope
        Unary Not
          FieldAccess tag
            Var value
        Call NativePacked
          Unary Not
            FieldAccess flag
              FieldAccess packed
                Var value
          Binary Add
            FieldAccess value
              FieldAccess packed
                Var value
            IntLiteral 10
        Binary Add
          FieldAccess tail
            Var value
          Call sizeOf<Int>
  suspend fun nativeInsideSuspend(): Int
    @Unsafe block
      return
        Call nativeAdd
          IntLiteral 20
          IntLiteral 22
  fun main()
    val managed: (Int) -> Int
      CallableReference 0 transform
    val noCallback: FunPtr<(Int) -> Int>?
      Var None
    val someCallback: FunPtr<(Int) -> Int>?
      Call Some
        CallableReference 1 transform
    Call println
      Call managed
        IntLiteral 40
    @Unsafe block
      Call println
        Call nativeAdd
          IntLiteral 19
          IntLiteral 23
      Call println
        Binary Eq
          Call nativeAddUnsigned
            Call sizeOf<Int>
            Call alignOf<Int>
          Call sizeOf<NativePair>
      Call println
        Binary Eq
          Call nativeDefault
            Call sizeOf<Int>
          Call sizeOf<NativePair>
      Call println
        Call extraDelta
          IntLiteral 47
      Call println
        Call nativeNot
          BoolLiteral false
      val swapped
        Call nativeSwap
          Call NativePair
            IntLiteral 7
            IntLiteral 11
      Call println
        FieldAccess left
          Var swapped
      Call println
        FieldAccess right
          Var swapped
      Call nativeSink
        IntLiteral 1
      Call println
        Call nativeApply
          IntLiteral 41
          CallableReference 2 transform
      Call println
        Call nativeApplyOptional
          IntLiteral 7
          Var noCallback
      Call println
        Call nativeApplyOptional
          IntLiteral 8
          Var someCallback
      val shifted
        Call nativeApplyPair
          Call NativePair
            IntLiteral 3
            IntLiteral 4
          CallableReference 3 transform
      Call println
        FieldAccess left
          Var shifted
      Call println
        FieldAccess right
          Var shifted
      val envelope
        Call nativeRoundTripEnvelope
          Call NativeEnvelope
            BoolLiteral true
            Call NativePacked
              BoolLiteral false
              IntLiteral 7
            Call sizeOf<NativeEnvelope>
          CallableReference 4 transform
      Call println
        FieldAccess tag
          Var envelope
      Call println
        FieldAccess flag
          FieldAccess packed
            Var envelope
      Call println
        FieldAccess value
          FieldAccess packed
            Var envelope
      Call println
        Binary Eq
          FieldAccess tail
            Var envelope
          Binary Add
            Call sizeOf<NativeEnvelope>
            Call sizeOf<Int>

== hir ==
Module
  struct FunctionSuspendTask<T> : SuspendTask<T0>
    field task: suspend () -> T0
  struct FunctionSuspendRegistration<T> : SuspendRegistration<T0>
    field registration: (Continuation<T0>) -> Unit
  struct NativePair <c-layout aligned=0 packed=0>
    field left: Int
    field right: Int
  struct NativePacked <c-layout aligned=8 packed=1>
    field flag: Boolean
    field value: Int
  struct NativeEnvelope <c-layout aligned=16 packed=0>
    field tag: Boolean
    field packed: NativePacked
    field tail: UInt
  enum Option<T>
    Some(_1: T0)
    None()
  open class Throwable()
  open class Exception(message: Option<String>)
  class UnwrapException()
  class ClassCastException()
  class ArithmeticException()
  class IndexOutOfBoundsException()
  class IllegalStateException()
  interface Continuation<in T>
    fun resume(value: T0): Unit
    fun resumeWithException(exception: Throwable): Unit
  interface SuspendTask<out T>
    suspend fun run(): T0
  interface SuspendRegistration<out T>
    fun register(continuation: Continuation<T0>): Unit
  interface ToString
    fun toString(): String
  interface Hash
    fun hash(): Int
  fun startCoroutine<T>(): Unit <intrinsic coroutine_start>
  suspend fun suspendCoroutine<T>(): T0 <intrinsic coroutine_suspend>
  fun startCoroutine<T>(task: suspend () -> T0, completion: Continuation<T0>): Unit
    Call startCoroutine<T0> : Unit
      Box : SuspendTask<T0>
        StructInit FunctionSuspendTask : FunctionSuspendTask<T0>
          Local task : suspend () -> T0
      Local completion : Continuation<T0>
  suspend fun suspendCoroutine<T>(registration: (Continuation<T0>) -> Unit): T0
    return
      Call suspendCoroutine<T0> : T0
        Box : SuspendRegistration<T0>
          StructInit FunctionSuspendRegistration : FunctionSuspendRegistration<T0>
            Local registration : (Continuation<T0>) -> Unit
  fun pin<T : ref>(v: T0): PinnedPtr<T0> <unsafe>
    return
      StructInit PinnedPtr : PinnedPtr<T0>
        Call _pin<T0> : UInt
          Local v : T0
  fun unpin<T : ref>(p: PinnedPtr<T0>): T0 <unsafe>
    return
      Call _unpin<T0> : T0
        FieldAccess field 0 : UInt
          Local p : PinnedPtr<T0>
  fun getGcHandle<T : ref>(v: T0): GcHandle<T0> <unsafe>
    return
      StructInit GcHandle : GcHandle<T0>
        Call _getGcHandle<T0> : UInt
          Local v : T0
  fun releaseGcHandle<T : ref>(h: GcHandle<T0>): T0 <unsafe>
    return
      Call _releaseGcHandle<T0> : T0
        FieldAccess field 0 : UInt
          Local h : GcHandle<T0>
  fun gcCollect(): Unit <intrinsic rt_gc_collect>
  fun gcStats(): UInt <intrinsic rt_gc_stats>
  fun write(arg1: String): Unit <extern0 abi=scoop symbol=scoop_rt_write>
  fun print<T : ToString>(value: T0): Unit
    Call write : Unit
      MethodCall bound T0 via ToString -> ToString.toString : String
        Local value : T0
    return
  fun println<T : ToString>(value: T0): Unit
    Call write : Unit
      MethodCall bound T0 via ToString -> ToString.toString : String
        Local value : T0
    Call write : Unit
      StringLiteral "\n" : String
  fun coreIntEquals(arg1: Int, arg2: Int): Boolean <extern1 abi=scoop symbol=scoop_rt_int_equals>
  fun coreUIntEquals(arg1: UInt, arg2: UInt): Boolean <extern2 abi=scoop symbol=scoop_rt_uint_equals>
  fun coreBooleanEquals(arg1: Boolean, arg2: Boolean): Boolean <extern3 abi=scoop symbol=scoop_rt_bool_equals>
  fun coreStringEquals(arg1: String, arg2: String): Boolean <extern4 abi=scoop symbol=scoop_rt_string_eq>
  fun coreIntToString(arg1: Int): String <extern5 abi=scoop symbol=scoop_rt_int_to_string>
  fun coreUIntToString(arg1: UInt): String <extern6 abi=scoop symbol=scoop_rt_uint_to_string>
  fun coreBooleanToString(arg1: Boolean): String <extern7 abi=scoop symbol=scoop_rt_bool_to_string>
  fun coreIntHash(arg1: Int): Int <extern8 abi=scoop symbol=scoop_rt_int_hash>
  fun coreUIntHash(arg1: UInt): Int <extern9 abi=scoop symbol=scoop_rt_uint_hash>
  fun coreBooleanHash(arg1: Boolean): Int <extern10 abi=scoop symbol=scoop_rt_bool_hash>
  fun coreStringHash(arg1: String): Int <extern11 abi=scoop symbol=scoop_rt_string_hash>
  fun nativeAdd(arg1: Int, arg2: Int): Int <unsafe no-gc cdecl> <extern12 abi=c symbol=native_add lib=fixture_native>
  fun nativeAddUnsigned(arg1: UInt, arg2: UInt): UInt <unsafe no-gc cdecl> <extern13 abi=c symbol=native_add_unsigned lib=fixture_native>
  fun nativeDefault(arg1: UInt): UInt <unsafe no-gc cdecl> <extern14 abi=c symbol=nativeDefault lib=fixture_native>
  fun extraDelta(arg1: Int): Int <unsafe no-gc cdecl> <extern15 abi=c symbol=extra_delta lib=fixture_extra>
  fun nativeNot(arg1: Boolean): Boolean <unsafe no-gc cdecl> <extern16 abi=c symbol=native_not lib=fixture_native>
  fun nativeSwap(arg1: NativePair): NativePair <unsafe no-gc cdecl> <extern17 abi=c symbol=native_swap lib=fixture_native>
  fun nativeSink(arg1: Int): Unit <unsafe no-gc cdecl> <extern18 abi=c symbol=native_sink lib=fixture_native>
  fun nativeApply(arg1: Int, arg2: FunPtr<(Int) -> Int>): Int <unsafe no-gc cdecl> <extern19 abi=c symbol=native_apply lib=fixture_native>
  fun nativeApplyPair(arg1: NativePair, arg2: FunPtr<(NativePair) -> NativePair>): NativePair <unsafe no-gc cdecl> <extern20 abi=c symbol=native_apply_pair lib=fixture_native>
  fun nativeApplyOptional(arg1: Int, arg2: Option<FunPtr<(Int) -> Int>>): Int <unsafe no-gc cdecl> <extern21 abi=c symbol=native_apply_optional lib=fixture_native>
  fun nativeRoundTripEnvelope(arg1: NativeEnvelope, arg2: FunPtr<(NativeEnvelope) -> NativeEnvelope>): NativeEnvelope <unsafe no-gc cdecl> <extern22 abi=c symbol=native_round_trip_envelope lib=fixture_native>
  fun transform(value: Int): Int <no-gc cdecl>
    return
      Binary Add : Int
        Local value : Int
        IntLiteral 1 : Int
  fun transform(value: NativePair): NativePair <no-gc cdecl>
    return
      StructInit NativePair : NativePair
        Binary Add : Int
          FieldAccess field 0 : Int
            Local value : NativePair
          IntLiteral 10 : Int
        Binary Add : Int
          FieldAccess field 1 : Int
            Local value : NativePair
          IntLiteral 20 : Int
  fun transform(value: NativeEnvelope): NativeEnvelope <no-gc cdecl>
    return
      StructInit NativeEnvelope : NativeEnvelope
        Unary Not : Boolean
          FieldAccess field 0 : Boolean
            Local value : NativeEnvelope
        StructInit NativePacked : NativePacked
          Unary Not : Boolean
            FieldAccess field 0 : Boolean
              FieldAccess field 1 : NativePacked
                Local value : NativeEnvelope
          Binary Add : Int
            FieldAccess field 1 : Int
              FieldAccess field 1 : NativePacked
                Local value : NativeEnvelope
            IntLiteral 10 : Int
        Binary Add : UInt
          FieldAccess field 2 : UInt
            Local value : NativeEnvelope
          SizeOf Int : UInt
  suspend fun nativeInsideSuspend(): Int
    return
      Call nativeAdd : Int
        IntLiteral 20 : Int
        IntLiteral 22 : Int
  fun main(): Unit
    val local0
      CallableReference reference0 target=transform captures=0 : (Int) -> Int
    val local1
      VariantConstruct Option.None<FunPtr<(Int) -> Int>> : Option<FunPtr<(Int) -> Int>>
    val local2
      VariantConstruct Option.Some<FunPtr<(Int) -> Int>> : Option<FunPtr<(Int) -> Int>>
        FunctionAddress transform : FunPtr<(Int) -> Int>
    Call println<Int> : Unit
      CallableCall function_type4 : Int
        Local managed : (Int) -> Int
        IntLiteral 40 : Int
    Call println<Int> : Unit
      Call nativeAdd : Int
        IntLiteral 19 : Int
        IntLiteral 23 : Int
    Call println<Boolean> : Unit
      MethodCall UInt.equals : Boolean
        Call nativeAddUnsigned : UInt
          SizeOf Int : UInt
          AlignOf Int : UInt
        SizeOf NativePair : UInt
    Call println<Boolean> : Unit
      MethodCall UInt.equals : Boolean
        Call nativeDefault : UInt
          SizeOf Int : UInt
        SizeOf NativePair : UInt
    Call println<Int> : Unit
      Call extraDelta : Int
        IntLiteral 47 : Int
    Call println<Boolean> : Unit
      Call nativeNot : Boolean
        BoolLiteral false : Boolean
    val local3
      Call nativeSwap : NativePair
        StructInit NativePair : NativePair
          IntLiteral 7 : Int
          IntLiteral 11 : Int
    Call println<Int> : Unit
      FieldAccess field 0 : Int
        Local swapped : NativePair
    Call println<Int> : Unit
      FieldAccess field 1 : Int
        Local swapped : NativePair
    Call nativeSink : Unit
      IntLiteral 1 : Int
    Call println<Int> : Unit
      Call nativeApply : Int
        IntLiteral 41 : Int
        FunctionAddress transform : FunPtr<(Int) -> Int>
    Call println<Int> : Unit
      Call nativeApplyOptional : Int
        IntLiteral 7 : Int
        Local noCallback : Option<FunPtr<(Int) -> Int>>
    Call println<Int> : Unit
      Call nativeApplyOptional : Int
        IntLiteral 8 : Int
        Local someCallback : Option<FunPtr<(Int) -> Int>>
    val local4
      Call nativeApplyPair : NativePair
        StructInit NativePair : NativePair
          IntLiteral 3 : Int
          IntLiteral 4 : Int
        FunctionAddress transform : FunPtr<(NativePair) -> NativePair>
    Call println<Int> : Unit
      FieldAccess field 0 : Int
        Local shifted : NativePair
    Call println<Int> : Unit
      FieldAccess field 1 : Int
        Local shifted : NativePair
    val local5
      Call nativeRoundTripEnvelope : NativeEnvelope
        StructInit NativeEnvelope : NativeEnvelope
          BoolLiteral true : Boolean
          StructInit NativePacked : NativePacked
            BoolLiteral false : Boolean
            IntLiteral 7 : Int
          SizeOf NativeEnvelope : UInt
        FunctionAddress transform : FunPtr<(NativeEnvelope) -> NativeEnvelope>
    Call println<Boolean> : Unit
      FieldAccess field 0 : Boolean
        Local envelope : NativeEnvelope
    Call println<Boolean> : Unit
      FieldAccess field 0 : Boolean
        FieldAccess field 1 : NativePacked
          Local envelope : NativeEnvelope
    Call println<Int> : Unit
      FieldAccess field 1 : Int
        FieldAccess field 1 : NativePacked
          Local envelope : NativeEnvelope
    Call println<Boolean> : Unit
      MethodCall UInt.equals : Boolean
        FieldAccess field 2 : UInt
          Local envelope : NativeEnvelope
        Binary Add : UInt
          SizeOf NativeEnvelope : UInt
          SizeOf Int : UInt
  entry main
  instance startCoroutine<T0>
  instance suspendCoroutine<T0>
  instance println<Int>
  instance println<Boolean>

== mir ==
Module
  extern ef0 write @scoop_rt_write(String) -> Unit <abi=scoop managed>
  extern ef1 coreIntEquals @scoop_rt_int_equals(Int, Int) -> Boolean <abi=scoop managed>
  extern ef2 coreUIntEquals @scoop_rt_uint_equals(UInt, UInt) -> Boolean <abi=scoop managed>
  extern ef3 coreBooleanEquals @scoop_rt_bool_equals(Boolean, Boolean) -> Boolean <abi=scoop managed>
  extern ef4 coreStringEquals @scoop_rt_string_eq(String, String) -> Boolean <abi=scoop managed>
  extern ef5 coreIntToString @scoop_rt_int_to_string(Int) -> String <abi=scoop managed>
  extern ef6 coreUIntToString @scoop_rt_uint_to_string(UInt) -> String <abi=scoop managed>
  extern ef7 coreBooleanToString @scoop_rt_bool_to_string(Boolean) -> String <abi=scoop managed>
  extern ef8 coreIntHash @scoop_rt_int_hash(Int) -> Int <abi=scoop managed>
  extern ef9 coreUIntHash @scoop_rt_uint_hash(UInt) -> Int <abi=scoop managed>
  extern ef10 coreBooleanHash @scoop_rt_bool_hash(Boolean) -> Int <abi=scoop managed>
  extern ef11 coreStringHash @scoop_rt_string_hash(String) -> Int <abi=scoop managed>
  extern ef12 nativeAdd @native_add(Int, Int) -> Int <abi=c no-gc lib=fixture_native>
  extern ef13 nativeAddUnsigned @native_add_unsigned(UInt, UInt) -> UInt <abi=c no-gc lib=fixture_native>
  extern ef14 nativeDefault @nativeDefault(UInt) -> UInt <abi=c no-gc lib=fixture_native>
  extern ef15 extraDelta @extra_delta(Int) -> Int <abi=c no-gc lib=fixture_extra>
  extern ef16 nativeNot @native_not(Boolean) -> Boolean <abi=c no-gc lib=fixture_native>
  extern ef17 nativeSwap @native_swap(NativePair) -> NativePair <abi=c no-gc lib=fixture_native>
  extern ef18 nativeSink @native_sink(Int) -> Unit <abi=c no-gc lib=fixture_native>
  extern ef19 nativeApply @native_apply(Int, FunPtr<(Int) -> Int>) -> Int <abi=c no-gc lib=fixture_native>
  extern ef20 nativeApplyPair @native_apply_pair(NativePair, FunPtr<(NativePair) -> NativePair>) -> NativePair <abi=c no-gc lib=fixture_native>
  extern ef21 nativeApplyOptional @native_apply_optional(Int, Option$NIRIX<FunPtr<(Int) -> Int>>) -> Int <abi=c no-gc lib=fixture_native>
  extern ef22 nativeRoundTripEnvelope @native_round_trip_envelope(NativeEnvelope, FunPtr<(NativeEnvelope) -> NativeEnvelope>) -> NativeEnvelope <abi=c no-gc lib=fixture_native>
  callback cb0 @scoop.transform.I -> @scoop_callback_bridge_0 function_type0
  callback cb1 @scoop.transform.D10_NativePairX -> @scoop_callback_bridge_1 function_type1
  callback cb2 @scoop.transform.D14_NativeEnvelopeX -> @scoop_callback_bridge_2 function_type2
  struct NativePair (left: Int, right: Int) <c-layout aligned=0 packed=0>
  struct NativeEnvelope (tag: Boolean, packed: NativePacked, tail: UInt) <c-layout aligned=16 packed=0>
  struct NativePacked (flag: Boolean, value: Int) <c-layout aligned=8 packed=1>
  enum Option$S
    Some(_1: String)
    None()
  enum Option$NIRIX
    Some(_1: FunPtr<(Int) -> Int>)
    None()
  enum CoroutineStep$I
    Completed(value: Int)
    Suspended()
  class Throwable vtable=0 itables=0
  class Exception vtable=0 itables=0
  class UnwrapException vtable=0 itables=0
  class ClassCastException vtable=0 itables=0
  class ArithmeticException vtable=0 itables=0
  class IndexOutOfBoundsException vtable=0 itables=0
  class IllegalStateException vtable=0 itables=0
  interface ToString
  interface Hash
  interface Continuation$I
  interface SuspendTask$I
  interface SuspendRegistration$I
  closure cc0 $Closure$reference0 type=function_type0 invoke=@scoop.$reference.0 captures=0
  fun Int.equals @scoop.Int.equals(this: Int, other: Int) -> Boolean
    bb0 entry
      call $call.1: Boolean = extern1 @scoop_rt_int_equals direct
        Type Int
        Local this
        Type Int
        Local other
      return
        Type Boolean
        Local $call.1
  fun Int.toString @scoop.Int.toString(this: Int) -> String
    bb0 entry
      call $call.1: String = extern5 @scoop_rt_int_to_string direct
        Type Int
        Local this
      return
        Type String
        Local $call.1
  fun Int.hash @scoop.Int.hash(this: Int) -> Int
    bb0 entry
      call $call.1: Int = extern8 @scoop_rt_int_hash direct
        Type Int
        Local this
      return
        Type Int
        Local $call.1
  fun UInt.equals @scoop.UInt.equals(this: UInt, other: UInt) -> Boolean
    bb0 entry
      call $call.1: Boolean = extern2 @scoop_rt_uint_equals direct
        Type UInt
        Local this
        Type UInt
        Local other
      return
        Type Boolean
        Local $call.1
  fun UInt.toString @scoop.UInt.toString(this: UInt) -> String
    bb0 entry
      call $call.1: String = extern6 @scoop_rt_uint_to_string direct
        Type UInt
        Local this
      return
        Type String
        Local $call.1
  fun UInt.hash @scoop.UInt.hash(this: UInt) -> Int
    bb0 entry
      call $call.1: Int = extern9 @scoop_rt_uint_hash direct
        Type UInt
        Local this
      return
        Type Int
        Local $call.1
  fun Boolean.equals @scoop.Boolean.equals(this: Boolean, other: Boolean) -> Boolean
    bb0 entry
      call $call.1: Boolean = extern3 @scoop_rt_bool_equals direct
        Type Boolean
        Local this
        Type Boolean
        Local other
      return
        Type Boolean
        Local $call.1
  fun Boolean.toString @scoop.Boolean.toString(this: Boolean) -> String
    bb0 entry
      call $call.1: String = extern7 @scoop_rt_bool_to_string direct
        Type Boolean
        Local this
      return
        Type String
        Local $call.1
  fun Boolean.hash @scoop.Boolean.hash(this: Boolean) -> Int
    bb0 entry
      call $call.1: Int = extern10 @scoop_rt_bool_hash direct
        Type Boolean
        Local this
      return
        Type Int
        Local $call.1
  fun String.equals @scoop.String.equals(this: String, other: String) -> Boolean
    bb0 entry
      call $call.1: Boolean = extern4 @scoop_rt_string_eq direct
        Type String
        Local this
        Type String
        Local other
      return
        Type Boolean
        Local $call.1
  fun String.toString @scoop.String.toString(this: String) -> String
    bb0 entry
      return
        Type String
        Local this
  fun String.hash @scoop.String.hash(this: String) -> Int
    bb0 entry
      call $call.1: Int = extern11 @scoop_rt_string_hash direct
        Type String
        Local this
      return
        Type Int
        Local $call.1
  fun transform @scoop.transform.I(value: Int) -> Int <no-gc>
    bb0 entry
      return
        Type Int
        Binary IntAdd
          Type Int
          Local value
          Type Int
          IntLiteral 1
  fun transform @scoop.transform.D10_NativePairX(value: NativePair) -> NativePair <no-gc>
    bb0 entry
      return
        Type NativePair
        StructInit NativePair
          Type Int
          Binary IntAdd
            Type Int
            FieldAccess 0
              Type NativePair
              Local value
            Type Int
            IntLiteral 10
          Type Int
          Binary IntAdd
            Type Int
            FieldAccess 1
              Type NativePair
              Local value
            Type Int
            IntLiteral 20
  fun transform @scoop.transform.D14_NativeEnvelopeX(value: NativeEnvelope) -> NativeEnvelope <no-gc>
    bb0 entry
      return
        Type NativeEnvelope
        StructInit NativeEnvelope
          Type Boolean
          Unary BoolNot
            Type Boolean
            FieldAccess 0
              Type NativeEnvelope
              Local value
          Type NativePacked
          StructInit NativePacked
            Type Boolean
            Unary BoolNot
              Type Boolean
              FieldAccess 0
                Type NativePacked
                FieldAccess 1
                  Type NativeEnvelope
                  Local value
            Type Int
            Binary IntAdd
              Type Int
              FieldAccess 1
                Type NativePacked
                FieldAccess 1
                  Type NativeEnvelope
                  Local value
              Type Int
              IntLiteral 10
          Type UInt
          Binary IntAdd
            Type UInt
            FieldAccess 2
              Type NativeEnvelope
              Local value
            Type UInt
            SizeOf Int
  fun nativeInsideSuspend @scoop.nativeInsideSuspend$suspend($completion: Continuation$I) -> CoroutineStep$I
    bb0 entry
      call $call.1: Int = extern12 @native_add direct
        Type Int
        IntLiteral 20
        Type Int
        IntLiteral 22
      return
        Type CoroutineStep$I
        VariantConstruct CoroutineStep$I v0
          Type Int
          Local $call.1
  fun main @scoop_main() -> Unit
    bb0 entry
      val managed: (Int) -> Int
        Type (Int) -> Int
        ClosureAlloc cc0 $Closure$reference0
      val noCallback: Option$NIRIX<FunPtr<(Int) -> Int>>
        Type Option$NIRIX<FunPtr<(Int) -> Int>>
        VariantConstruct Option$NIRIX<FunPtr<(Int) -> Int>> v1
      val someCallback: Option$NIRIX<FunPtr<(Int) -> Int>>
        Type Option$NIRIX<FunPtr<(Int) -> Int>>
        VariantConstruct Option$NIRIX<FunPtr<(Int) -> Int>> v0
          Type FunPtr<(Int) -> Int>
          FunctionAddress cb0
      call $call.1: Int = <closure:function_type0> closure[function_type0]
        Type (Int) -> Int
        Local managed
        Type Int
        IntLiteral 40
      call @scoop.println$I direct
        Type Int
        Local $call.1
      call $call.2: Int = extern12 @native_add direct
        Type Int
        IntLiteral 19
        Type Int
        IntLiteral 23
      call @scoop.println$I direct
        Type Int
        Local $call.2
      call $call.3: UInt = extern13 @native_add_unsigned direct
        Type UInt
        SizeOf Int
        Type UInt
        AlignOf Int
      call $call.4: Boolean = @scoop.UInt.equals direct
        Type UInt
        Local $call.3
        Type UInt
        SizeOf NativePair
      call @scoop.println$B direct
        Type Boolean
        Local $call.4
      call $call.5: UInt = extern14 @nativeDefault direct
        Type UInt
        SizeOf Int
      call $call.6: Boolean = @scoop.UInt.equals direct
        Type UInt
        Local $call.5
        Type UInt
        SizeOf NativePair
      call @scoop.println$B direct
        Type Boolean
        Local $call.6
      call $call.7: Int = extern15 @extra_delta direct
        Type Int
        IntLiteral 47
      call @scoop.println$I direct
        Type Int
        Local $call.7
      call $call.8: Boolean = extern16 @native_not direct
        Type Boolean
        BoolLiteral false
      call @scoop.println$B direct
        Type Boolean
        Local $call.8
      call swapped: NativePair = extern17 @native_swap direct
        Type NativePair
        StructInit NativePair
          Type Int
          IntLiteral 7
          Type Int
          IntLiteral 11
      call @scoop.println$I direct
        Type Int
        FieldAccess 0
          Type NativePair
          Local swapped
      call @scoop.println$I direct
        Type Int
        FieldAccess 1
          Type NativePair
          Local swapped
      call extern18 @native_sink direct
        Type Int
        IntLiteral 1
      call $call.9: Int = extern19 @native_apply direct
        Type Int
        IntLiteral 41
        Type FunPtr<(Int) -> Int>
        FunctionAddress cb0
      call @scoop.println$I direct
        Type Int
        Local $call.9
      call $call.10: Int = extern21 @native_apply_optional direct
        Type Int
        IntLiteral 7
        Type Option$NIRIX<FunPtr<(Int) -> Int>>
        Local noCallback
      call @scoop.println$I direct
        Type Int
        Local $call.10
      call $call.11: Int = extern21 @native_apply_optional direct
        Type Int
        IntLiteral 8
        Type Option$NIRIX<FunPtr<(Int) -> Int>>
        Local someCallback
      call @scoop.println$I direct
        Type Int
        Local $call.11
      call shifted: NativePair = extern20 @native_apply_pair direct
        Type NativePair
        StructInit NativePair
          Type Int
          IntLiteral 3
          Type Int
          IntLiteral 4
        Type FunPtr<(NativePair) -> NativePair>
        FunctionAddress cb1
      call @scoop.println$I direct
        Type Int
        FieldAccess 0
          Type NativePair
          Local shifted
      call @scoop.println$I direct
        Type Int
        FieldAccess 1
          Type NativePair
          Local shifted
      call envelope: NativeEnvelope = extern22 @native_round_trip_envelope direct
        Type NativeEnvelope
        StructInit NativeEnvelope
          Type Boolean
          BoolLiteral true
          Type NativePacked
          StructInit NativePacked
            Type Boolean
            BoolLiteral false
            Type Int
            IntLiteral 7
          Type UInt
          SizeOf NativeEnvelope
        Type FunPtr<(NativeEnvelope) -> NativeEnvelope>
        FunctionAddress cb2
      call @scoop.println$B direct
        Type Boolean
        FieldAccess 0
          Type NativeEnvelope
          Local envelope
      call @scoop.println$B direct
        Type Boolean
        FieldAccess 0
          Type NativePacked
          FieldAccess 1
            Type NativeEnvelope
            Local envelope
      call @scoop.println$I direct
        Type Int
        FieldAccess 1
          Type NativePacked
          FieldAccess 1
            Type NativeEnvelope
            Local envelope
      call $call.12: Boolean = @scoop.UInt.equals direct
        Type UInt
        FieldAccess 2
          Type NativeEnvelope
          Local envelope
        Type UInt
        Binary IntAdd
          Type UInt
          SizeOf NativeEnvelope
          Type UInt
          SizeOf Int
      call @scoop.println$B direct
        Type Boolean
        Local $call.12
      return
  fun println @scoop.println$I(value: Int) -> Unit
    bb0 entry
      call $call.1: String = @scoop.Int.toString direct
        Type Int
        Local value
      call extern0 @scoop_rt_write direct
        Type String
        Local $call.1
      call extern0 @scoop_rt_write direct
        Type String
        StringConst @scoop.str.0
      return
  fun println @scoop.println$B(value: Boolean) -> Unit
    bb0 entry
      call $call.1: String = @scoop.Boolean.toString direct
        Type Boolean
        Local value
      call extern0 @scoop_rt_write direct
        Type String
        Local $call.1
      call extern0 @scoop_rt_write direct
        Type String
        StringConst @scoop.str.1
      return
  fun $reference.0 @scoop.$reference.0($closure: (Int) -> Int, arg0: Int) -> Int
    bb0 entry
      call $call.1: Int = @scoop.transform.I direct
        Type Int
        Local arg0
      return
        Type Int
        Local $call.1
  fun ctor.Throwable @scoop.ctor.Throwable() -> Throwable
    bb0 entry
      return
        Type Throwable
        ClassInit Throwable
  fun ctor.Exception @scoop.ctor.Exception(message: Option$S<String>) -> Exception
    bb0 entry
      return
        Type Exception
        ClassInit Exception
          Type Option$S<String>
          Local message
  fun ctor.UnwrapException @scoop.ctor.UnwrapException() -> UnwrapException
    bb0 entry
      val $argument.0: Option$S<String>
        Type Option$S<String>
        VariantConstruct Option$S<String> v0
          Type String
          StringConst @scoop.str.2
      val $parameter.message: Option$S<String>
        Type Option$S<String>
        Local $argument.0
      return
        Type UnwrapException
        ClassInit UnwrapException
          Type Option$S<String>
          Local $parameter.message
  fun ctor.ClassCastException @scoop.ctor.ClassCastException() -> ClassCastException
    bb0 entry
      val $argument.0: Option$S<String>
        Type Option$S<String>
        VariantConstruct Option$S<String> v0
          Type String
          StringConst @scoop.str.3
      val $parameter.message: Option$S<String>
        Type Option$S<String>
        Local $argument.0
      return
        Type ClassCastException
        ClassInit ClassCastException
          Type Option$S<String>
          Local $parameter.message
  fun ctor.ArithmeticException @scoop.ctor.ArithmeticException() -> ArithmeticException
    bb0 entry
      val $argument.0: Option$S<String>
        Type Option$S<String>
        VariantConstruct Option$S<String> v0
          Type String
          StringConst @scoop.str.4
      val $parameter.message: Option$S<String>
        Type Option$S<String>
        Local $argument.0
      return
        Type ArithmeticException
        ClassInit ArithmeticException
          Type Option$S<String>
          Local $parameter.message
  fun ctor.IndexOutOfBoundsException @scoop.ctor.IndexOutOfBoundsException() -> IndexOutOfBoundsException
    bb0 entry
      val $argument.0: Option$S<String>
        Type Option$S<String>
        VariantConstruct Option$S<String> v0
          Type String
          StringConst @scoop.str.5
      val $parameter.message: Option$S<String>
        Type Option$S<String>
        Local $argument.0
      return
        Type IndexOutOfBoundsException
        ClassInit IndexOutOfBoundsException
          Type Option$S<String>
          Local $parameter.message
  fun ctor.IllegalStateException @scoop.ctor.IllegalStateException() -> IllegalStateException
    bb0 entry
      val $argument.0: Option$S<String>
        Type Option$S<String>
        VariantConstruct Option$S<String> v0
          Type String
          StringConst @scoop.str.6
      val $parameter.message: Option$S<String>
        Type Option$S<String>
        Local $argument.0
      return
        Type IllegalStateException
        ClassInit IllegalStateException
          Type Option$S<String>
          Local $parameter.message
  fun callback bridge for transform @scoop_callback_bridge_0($result: Ptr<Int>, $arg0: Ptr<Int>) -> Unit <no-gc>
    bb0 entry
      call $value: Int = @scoop.transform.I direct
        Type Int
        PtrLoad Int
          Type Ptr<Int>
          Local $arg0
      Type Unit
      PtrStore Int
        Type Ptr<Int>
        Local $result
        Type Int
        Local $value
      return
  fun callback bridge for transform @scoop_callback_bridge_1($result: Ptr<NativePair>, $arg0: Ptr<NativePair>) -> Unit <no-gc>
    bb0 entry
      call $value: NativePair = @scoop.transform.D10_NativePairX direct
        Type NativePair
        PtrLoad NativePair
          Type Ptr<NativePair>
          Local $arg0
      Type Unit
      PtrStore NativePair
        Type Ptr<NativePair>
        Local $result
        Type NativePair
        Local $value
      return
  fun callback bridge for transform @scoop_callback_bridge_2($result: Ptr<NativeEnvelope>, $arg0: Ptr<NativeEnvelope>) -> Unit <no-gc>
    bb0 entry
      call $value: NativeEnvelope = @scoop.transform.D14_NativeEnvelopeX direct
        Type NativeEnvelope
        PtrLoad NativeEnvelope
          Type Ptr<NativeEnvelope>
          Local $arg0
      Type Unit
      PtrStore NativeEnvelope
        Type Ptr<NativeEnvelope>
        Local $result
        Type NativeEnvelope
        Local $value
      return
  coroutine_step cs0 CoroutineStep$I result=Int
  coroutine_fn cf0 @scoop.nativeInsideSuspend$suspend source_return=Int step=cs0 immediate
  coroutine_fn cf1 @scoop.SuspendTask.run$I$suspend source_return=Int step=cs0 immediate
  instance @scoop.println$I <- println
  instance @scoop.println$B <- println
  instance @scoop.Continuation.resume$I <- Continuation.resume
  instance @scoop.Continuation.resumeWithException$I <- Continuation.resumeWithException
  instance @scoop.SuspendTask.run$I$suspend <- SuspendTask.run
  instance @scoop.SuspendRegistration.register$I <- SuspendRegistration.register
  str @scoop.str.0 "\n"
  str @scoop.str.1 "\n"
  str @scoop.str.2 "unwrap on None"
  str @scoop.str.3 "invalid cast"
  str @scoop.str.4 "arithmetic error"
  str @scoop.str.5 "array index out of bounds"
  str @scoop.str.6 "illegal state"
  entry @scoop_main

== lir ==
Module
  global @scoop.str.0 = "\n"
  global @scoop.str.1 = "\n"
  global @scoop.str.2 = "unwrap on None"
  global @scoop.str.3 = "invalid cast"
  global @scoop.str.4 = "arithmetic error"
  global @scoop.str.5 = "array index out of bounds"
  global @scoop.str.6 = "illegal state"
  enum Option$S niche(payload_variant=0)
  enum Option$NIRIX niche(payload_variant=0)
  enum CoroutineStep$I tagged size=16 align=8 variants=(i64)@8+8 ()@8+0
  extern ef0 write @scoop_rt_write(ptr<managed>) -> {} <scoop managed nounwind>
  extern ef1 coreIntEquals @scoop_rt_int_equals(i64, i64) -> i1 <scoop managed nounwind>
  extern ef2 coreUIntEquals @scoop_rt_uint_equals(i64, i64) -> i1 <scoop managed nounwind>
  extern ef3 coreBooleanEquals @scoop_rt_bool_equals(i1, i1) -> i1 <scoop managed nounwind>
  extern ef4 coreStringEquals @scoop_rt_string_eq(ptr<managed>, ptr<managed>) -> i1 <scoop managed nounwind>
  extern ef5 coreIntToString @scoop_rt_int_to_string(i64) -> ptr<managed> <scoop managed nounwind>
  extern ef6 coreUIntToString @scoop_rt_uint_to_string(i64) -> ptr<managed> <scoop managed nounwind>
  extern ef7 coreBooleanToString @scoop_rt_bool_to_string(i1) -> ptr<managed> <scoop managed nounwind>
  extern ef8 coreIntHash @scoop_rt_int_hash(i64) -> i64 <scoop managed nounwind>
  extern ef9 coreUIntHash @scoop_rt_uint_hash(i64) -> i64 <scoop managed nounwind>
  extern ef10 coreBooleanHash @scoop_rt_bool_hash(i1) -> i64 <scoop managed nounwind>
  extern ef11 coreStringHash @scoop_rt_string_hash(ptr<managed>) -> i64 <scoop managed nounwind>
  extern ef12 nativeAdd @native_add(i64, i64) -> i64 <c bridge=@scoop_c_bridge_12 gc-leaf nounwind lib=fixture_native>
  extern ef13 nativeAddUnsigned @native_add_unsigned(i64, i64) -> i64 <c bridge=@scoop_c_bridge_13 gc-leaf nounwind lib=fixture_native>
  extern ef14 nativeDefault @nativeDefault(i64) -> i64 <c bridge=@scoop_c_bridge_14 gc-leaf nounwind lib=fixture_native>
  extern ef15 extraDelta @extra_delta(i64) -> i64 <c bridge=@scoop_c_bridge_15 gc-leaf nounwind lib=fixture_extra>
  extern ef16 nativeNot @native_not(i1) -> i1 <c bridge=@scoop_c_bridge_16 gc-leaf nounwind lib=fixture_native>
  extern ef17 nativeSwap @native_swap(struct0) -> struct0 <c bridge=@scoop_c_bridge_17 gc-leaf nounwind lib=fixture_native>
  extern ef18 nativeSink @native_sink(i64) -> {} <c bridge=@scoop_c_bridge_18 gc-leaf nounwind lib=fixture_native>
  extern ef19 nativeApply @native_apply(i64, ptr<code>) -> i64 <c bridge=@scoop_c_bridge_19 gc-leaf nounwind lib=fixture_native>
  extern ef20 nativeApplyPair @native_apply_pair(struct0, ptr<code>) -> struct0 <c bridge=@scoop_c_bridge_20 gc-leaf nounwind lib=fixture_native>
  extern ef21 nativeApplyOptional @native_apply_optional(i64, enum1) -> i64 <c bridge=@scoop_c_bridge_21 gc-leaf nounwind lib=fixture_native>
  extern ef22 nativeRoundTripEnvelope @native_round_trip_envelope(struct1, ptr<code>) -> struct1 <c bridge=@scoop_c_bridge_22 gc-leaf nounwind lib=fixture_native>
  callback cb0 transform @scoop_callback_bridge_0 -> @scoop_c_callback_0
  callback cb1 transform @scoop_callback_bridge_1 -> @scoop_c_callback_1
  callback cb2 transform @scoop_callback_bridge_2 -> @scoop_c_callback_2
  fun @scoop.Int.equals(i64, i64) -> i1
    local %0 $call.1: i1
  block entry
    poll managed-void-target0 sp60 live=[]
    call native-borrowed-direct-target0 sp1 roots=[] t0 = sig=direct0 (i64, i64) -> i1 extern1(param0, param1)
    store t0 -> local0
    ret local0
  fun @scoop.Int.toString(i64) -> ptr<managed>
    local %0 $call.1: ptr<managed>
    local %1 $sc.1: ptr<managed>
  block entry
    poll managed-void-target0 sp61 live=[]
    call native-borrowed-direct-target0 sp2 roots=[] result-root=local1:refs[0] t0 = sig=direct0 (i64) -> ptr<managed> extern5(param0)
    store t0 -> local0
    ret local0
  fun @scoop.Int.hash(i64) -> i64
    local %0 $call.1: i64
  block entry
    poll managed-void-target0 sp62 live=[]
    call native-borrowed-direct-target0 sp3 roots=[] t0 = sig=direct0 (i64) -> i64 extern8(param0)
    store t0 -> local0
    ret local0
  fun @scoop.UInt.equals(i64, i64) -> i1
    local %0 $call.1: i1
  block entry
    poll managed-void-target0 sp63 live=[]
    call native-borrowed-direct-target0 sp4 roots=[] t0 = sig=direct0 (i64, i64) -> i1 extern2(param0, param1)
    store t0 -> local0
    ret local0
  fun @scoop.UInt.toString(i64) -> ptr<managed>
    local %0 $call.1: ptr<managed>
    local %1 $sc.1: ptr<managed>
  block entry
    poll managed-void-target0 sp64 live=[]
    call native-borrowed-direct-target0 sp5 roots=[] result-root=local1:refs[0] t0 = sig=direct0 (i64) -> ptr<managed> extern6(param0)
    store t0 -> local0
    ret local0
  fun @scoop.UInt.hash(i64) -> i64
    local %0 $call.1: i64
  block entry
    poll managed-void-target0 sp65 live=[]
    call native-borrowed-direct-target0 sp6 roots=[] t0 = sig=direct0 (i64) -> i64 extern9(param0)
    store t0 -> local0
    ret local0
  fun @scoop.Boolean.equals(i1, i1) -> i1
    local %0 $call.1: i1
  block entry
    poll managed-void-target0 sp66 live=[]
    call native-borrowed-direct-target0 sp7 roots=[] t0 = sig=direct0 (i1, i1) -> i1 extern3(param0, param1)
    store t0 -> local0
    ret local0
  fun @scoop.Boolean.toString(i1) -> ptr<managed>
    local %0 $call.1: ptr<managed>
    local %1 $sc.1: ptr<managed>
  block entry
    poll managed-void-target0 sp67 live=[]
    call native-borrowed-direct-target0 sp8 roots=[] result-root=local1:refs[0] t0 = sig=direct0 (i1) -> ptr<managed> extern7(param0)
    store t0 -> local0
    ret local0
  fun @scoop.Boolean.hash(i1) -> i64
    local %0 $call.1: i64
  block entry
    poll managed-void-target0 sp68 live=[]
    call native-borrowed-direct-target0 sp9 roots=[] t0 = sig=direct0 (i1) -> i64 extern10(param0)
    store t0 -> local0
    ret local0
  fun @scoop.String.equals(ptr<managed>, ptr<managed>) -> i1
    local %0 $call.1: i1
  block entry
    poll managed-void-target0 sp69 live=[param0:ptr<managed>@0, param1:ptr<managed>@0]
    call native-borrowed-direct-target0 sp10 roots=[param0, param1] t0 = sig=direct0 (ptr<managed>, ptr<managed>) -> i1 extern4(param0, param1)
    store t0 -> local0
    ret local0
  fun @scoop.String.toString(ptr<managed>) -> ptr<managed>
  block entry
    poll managed-void-target0 sp70 live=[param0:ptr<managed>@0]
    ret param0
  fun @scoop.String.hash(ptr<managed>) -> i64
    local %0 $call.1: i64
  block entry
    poll managed-void-target0 sp71 live=[param0:ptr<managed>@0]
    call native-borrowed-direct-target0 sp11 roots=[param0] t0 = sig=direct0 (ptr<managed>) -> i64 extern11(param0)
    store t0 -> local0
    ret local0
  fun @scoop.transform.I(i64) -> i64 <no-gc>
  block entry
    t0 = Add param0, 1 : i64
    ret t0
  fun @scoop.transform.D10_NativePairX(struct0) -> struct0 <no-gc>
  block entry
    t0 = extract param0, 0 : i64
    t1 = Add t0, 10 : i64
    t2 = extract param0, 1 : i64
    t3 = Add t2, 20 : i64
    t4 = aggregate (t1, t3) : struct0
    ret t4
  fun @scoop.transform.D14_NativeEnvelopeX(struct1) -> struct1 <no-gc>
  block entry
    t0 = extract param0, 0 : i1
    t1 = Not t0 : i1
    t2 = extract param0, 1 : struct2
    t3 = extract t2, 0 : i1
    t4 = Not t3 : i1
    t5 = extract param0, 1 : struct2
    t6 = extract t5, 1 : i64
    t7 = Add t6, 10 : i64
    t8 = aggregate (t4, t7) : struct2
    t9 = extract param0, 2 : i64
    t10 = Add t9, 8 : i64
    t11 = aggregate (t1, t8, t10) : struct1
    ret t11
  fun @scoop.nativeInsideSuspend$suspend(ptr<managed>) -> enum2
    local %0 $call.1: i64
    local %1 $sc.1: i64
    local %2 $sc.2: i64
    local %3 $sc.3: i64
  block entry
    poll managed-void-target0 sp72 live=[]
    store 20 -> local1
    t0 = local_address local1 : ptr
    store 22 -> local2
    t1 = local_address local2 : ptr
    call native-safe-indirect-target0 sp12 roots=[] local3 = sig=indirect0 (sret i64, ptr<raw>, ptr<raw>) extern12(t0, t1)
    store local3 -> local0
    t2 = enum_wrap e2 v0 (local0) : enum2
    ret t2
  fun @scoop_main() -> void
    local %0 managed: ptr<managed>
    local %1 noCallback: enum1
    local %2 someCallback: enum1
    local %3 swapped: struct0
    local %4 shifted: struct0
    local %5 envelope: struct1
    local %6 $call.1: i64
    local %7 $call.2: i64
    local %8 $call.3: i64
    local %9 $call.4: i1
    local %10 $call.5: i64
    local %11 $call.6: i1
    local %12 $call.7: i64
    local %13 $call.8: i1
    local %14 $call.9: i64
    local %15 $call.10: i64
    local %16 $call.11: i64
    local %17 $call.12: i1
    local %18 $sc.1: i64
    local %19 $sc.2: i64
    local %20 $sc.3: i64
    local %21 $sc.4: i64
    local %22 $sc.5: i64
    local %23 $sc.6: i64
    local %24 $sc.7: i64
    local %25 $sc.8: i64
    local %26 $sc.9: i64
    local %27 $sc.10: i64
    local %28 $sc.11: i1
    local %29 $sc.12: i1
    local %30 $sc.13: struct0
    local %31 $sc.14: struct0
    local %32 $sc.15: i64
    local %33 $sc.16: i64
    local %34 $sc.17: ptr<code>
    local %35 $sc.18: i64
    local %36 $sc.19: i64
    local %37 $sc.20: enum1
    local %38 $sc.21: i64
    local %39 $sc.22: i64
    local %40 $sc.23: enum1
    local %41 $sc.24: i64
    local %42 $sc.25: struct0
    local %43 $sc.26: ptr<code>
    local %44 $sc.27: struct0
    local %45 $sc.28: struct1
    local %46 $sc.29: ptr<code>
    local %47 $sc.30: struct1
  block entry
    poll managed-void-target17 sp73 live=[]
    call managed-direct-target0 sp13 live=[] t0 = sig=direct0 (ptr<metadata>, i64) -> ptr<managed> runtime @scoop_rt_alloc(td16, 24)
    t1 = function_address @scoop.$reference.0 : ptr
    heap_store t0 +16 t1
    store t0 -> local0
    t2 = enum_wrap e1 v1 () : enum1
    store t2 -> local1
    t3 = function_address @scoop_c_callback_0 : ptr
    t4 = enum_wrap e1 v0 (t3) : enum1
    store t4 -> local2
    call managed-direct-target1 sp14 live=[local0:ptr<managed>@0] t5 = sig=direct1 (ptr<managed>, i64) -> i64 dispatch[Closure:2] local0(local0, 40)
    store t5 -> local6
    call managed-void-target0 sp15 live=[] sig=void0 (i64) local-fn17(local6)
    t6 = aggregate () : {}
    store 19 -> local18
    t7 = local_address local18 : ptr
    store 23 -> local19
    t8 = local_address local19 : ptr
    call native-safe-indirect-target0 sp16 roots=[] local20 = sig=indirect0 (sret i64, ptr<raw>, ptr<raw>) extern12(t7, t8)
    store local20 -> local7
    call managed-void-target1 sp17 live=[] sig=void1 (i64) local-fn17(local7)
    t9 = aggregate () : {}
    store 8 -> local21
    t10 = local_address local21 : ptr
    store 8 -> local22
    t11 = local_address local22 : ptr
    call native-safe-indirect-target1 sp18 roots=[] local23 = sig=indirect1 (sret i64, ptr<raw>, ptr<raw>) extern13(t10, t11)
    store local23 -> local8
    call managed-direct-target2 sp19 live=[] t12 = sig=direct2 (i64, i64) -> i1 local-fn3(local8, 16)
    store t12 -> local9
    call managed-void-target2 sp20 live=[] sig=void2 (i1) local-fn18(local9)
    t13 = aggregate () : {}
    store 8 -> local24
    t14 = local_address local24 : ptr
    call native-safe-indirect-target2 sp21 roots=[] local25 = sig=indirect2 (sret i64, ptr<raw>) extern14(t14)
    store local25 -> local10
    call managed-direct-target3 sp22 live=[] t15 = sig=direct3 (i64, i64) -> i1 local-fn3(local10, 16)
    store t15 -> local11
    call managed-void-target3 sp23 live=[] sig=void3 (i1) local-fn18(local11)
    t16 = aggregate () : {}
    store 47 -> local26
    t17 = local_address local26 : ptr
    call native-safe-indirect-target3 sp24 roots=[] local27 = sig=indirect3 (sret i64, ptr<raw>) extern15(t17)
    store local27 -> local12
    call managed-void-target4 sp25 live=[] sig=void4 (i64) local-fn17(local12)
    t18 = aggregate () : {}
    store false -> local28
    t19 = local_address local28 : ptr
    call native-safe-indirect-target4 sp26 roots=[] local29 = sig=indirect4 (sret i1, ptr<raw>) extern16(t19)
    store local29 -> local13
    call managed-void-target5 sp27 live=[] sig=void5 (i1) local-fn18(local13)
    t20 = aggregate () : {}
    t21 = aggregate (7, 11) : struct0
    store t21 -> local30
    t22 = local_address local30 : ptr
    call native-safe-indirect-target5 sp28 roots=[] local31 = sig=indirect5 (sret struct0, ptr<raw>) extern17(t22)
    store local31 -> local3
    t23 = extract local3, 0 : i64
    call managed-void-target6 sp29 live=[] sig=void6 (i64) local-fn17(t23)
    t24 = aggregate () : {}
    t25 = extract local3, 1 : i64
    call managed-void-target7 sp30 live=[] sig=void7 (i64) local-fn17(t25)
    t26 = aggregate () : {}
    store 1 -> local32
    t27 = local_address local32 : ptr
    call native-safe-void-target0 sp31 roots=[] sig=void8 (ptr<raw>) extern18(t27)
    t28 = aggregate () : {}
    t29 = function_address @scoop_c_callback_0 : ptr
    store 41 -> local33
    t30 = local_address local33 : ptr
    store t29 -> local34
    t31 = local_address local34 : ptr
    call native-safe-indirect-target6 sp32 roots=[] local35 = sig=indirect6 (sret i64, ptr<raw>, ptr<raw>) extern19(t30, t31)
    store local35 -> local14
    call managed-void-target8 sp33 live=[] sig=void9 (i64) local-fn17(local14)
    t32 = aggregate () : {}
    store 7 -> local36
    t33 = local_address local36 : ptr
    store local1 -> local37
    t34 = local_address local37 : ptr
    call native-safe-indirect-target7 sp34 roots=[] local38 = sig=indirect7 (sret i64, ptr<raw>, ptr<raw>) extern21(t33, t34)
    store local38 -> local15
    call managed-void-target9 sp35 live=[] sig=void10 (i64) local-fn17(local15)
    t35 = aggregate () : {}
    store 8 -> local39
    t36 = local_address local39 : ptr
    store local2 -> local40
    t37 = local_address local40 : ptr
    call native-safe-indirect-target8 sp36 roots=[] local41 = sig=indirect8 (sret i64, ptr<raw>, ptr<raw>) extern21(t36, t37)
    store local41 -> local16
    call managed-void-target10 sp37 live=[] sig=void11 (i64) local-fn17(local16)
    t38 = aggregate () : {}
    t39 = aggregate (3, 4) : struct0
    t40 = function_address @scoop_c_callback_1 : ptr
    store t39 -> local42
    t41 = local_address local42 : ptr
    store t40 -> local43
    t42 = local_address local43 : ptr
    call native-safe-indirect-target9 sp38 roots=[] local44 = sig=indirect9 (sret struct0, ptr<raw>, ptr<raw>) extern20(t41, t42)
    store local44 -> local4
    t43 = extract local4, 0 : i64
    call managed-void-target11 sp39 live=[] sig=void12 (i64) local-fn17(t43)
    t44 = aggregate () : {}
    t45 = extract local4, 1 : i64
    call managed-void-target12 sp40 live=[] sig=void13 (i64) local-fn17(t45)
    t46 = aggregate () : {}
    t47 = aggregate (false, 7) : struct2
    t48 = aggregate (true, t47, 32) : struct1
    t49 = function_address @scoop_c_callback_2 : ptr
    store t48 -> local45
    t50 = local_address local45 : ptr
    store t49 -> local46
    t51 = local_address local46 : ptr
    call native-safe-indirect-target10 sp41 roots=[] local47 = sig=indirect10 (sret struct1, ptr<raw>, ptr<raw>) extern22(t50, t51)
    store local47 -> local5
    t52 = extract local5, 0 : i1
    call managed-void-target13 sp42 live=[] sig=void14 (i1) local-fn18(t52)
    t53 = aggregate () : {}
    t54 = extract local5, 1 : struct2
    t55 = extract t54, 0 : i1
    call managed-void-target14 sp43 live=[] sig=void15 (i1) local-fn18(t55)
    t56 = aggregate () : {}
    t57 = extract local5, 1 : struct2
    t58 = extract t57, 1 : i64
    call managed-void-target15 sp44 live=[] sig=void16 (i64) local-fn17(t58)
    t59 = aggregate () : {}
    t60 = extract local5, 2 : i64
    t61 = Add 32, 8 : i64
    call managed-direct-target4 sp45 live=[] t62 = sig=direct4 (i64, i64) -> i1 local-fn3(t60, t61)
    store t62 -> local17
    call managed-void-target16 sp46 live=[] sig=void17 (i1) local-fn18(local17)
    t63 = aggregate () : {}
    ret
  fun @scoop.println$I(i64) -> void
    local %0 $call.1: ptr<managed>
  block entry
    poll managed-void-target0 sp74 live=[]
    call managed-direct-target0 sp47 live=[] t0 = sig=direct0 (i64) -> ptr<managed> local-fn1(param0)
    store t0 -> local0
    call native-borrowed-void-target0 sp48 roots=[local0] sig=void0 (ptr<managed>) extern0(local0)
    t1 = aggregate () : {}
    call native-borrowed-void-target1 sp49 roots=[] sig=void1 (ptr<managed>) extern0(global0)
    t2 = aggregate () : {}
    ret
  fun @scoop.println$B(i1) -> void
    local %0 $call.1: ptr<managed>
  block entry
    poll managed-void-target0 sp75 live=[]
    call managed-direct-target0 sp50 live=[] t0 = sig=direct0 (i1) -> ptr<managed> local-fn7(param0)
    store t0 -> local0
    call native-borrowed-void-target0 sp51 roots=[local0] sig=void0 (ptr<managed>) extern0(local0)
    t1 = aggregate () : {}
    call native-borrowed-void-target1 sp52 roots=[] sig=void1 (ptr<managed>) extern0(global1)
    t2 = aggregate () : {}
    ret
  fun @scoop.$reference.0(ptr<managed>, i64) -> i64
    local %0 $call.1: i64
  block entry
    poll managed-void-target0 sp76 live=[]
    call no-gc-direct-target0 t0 = sig=direct0 (i64) -> i64 local-fn12(param1)
    store t0 -> local0
    ret local0
  fun @scoop.ctor.Throwable() -> ptr<managed>
  block entry
    poll managed-void-target0 sp77 live=[]
    call managed-direct-target0 sp53 live=[] t0 = sig=direct0 (ptr<metadata>, i64) -> ptr<managed> runtime @scoop_rt_alloc(td8, 16)
    ret t0
  fun @scoop.ctor.Exception(enum0) -> ptr<managed>
  block entry
    poll managed-void-target0 sp78 live=[param0:enum0@0]
    call managed-direct-target0 sp54 live=[param0:enum0@0] t0 = sig=direct0 (ptr<metadata>, i64) -> ptr<managed> runtime @scoop_rt_alloc(td10, 24)
    heap_store t0 +16 param0
    ret t0
  fun @scoop.ctor.UnwrapException() -> ptr<managed>
    local %0 $argument.0: enum0
    local %1 $parameter.message: enum0
  block entry
    poll managed-void-target0 sp79 live=[]
    t0 = enum_wrap e0 v0 (global2) : enum0
    store t0 -> local0
    store local0 -> local1
    call managed-direct-target0 sp55 live=[local1:enum0@0] t1 = sig=direct0 (ptr<metadata>, i64) -> ptr<managed> runtime @scoop_rt_alloc(td11, 24)
    heap_store t1 +16 local1
    ret t1
  fun @scoop.ctor.ClassCastException() -> ptr<managed>
    local %0 $argument.0: enum0
    local %1 $parameter.message: enum0
  block entry
    poll managed-void-target0 sp80 live=[]
    t0 = enum_wrap e0 v0 (global3) : enum0
    store t0 -> local0
    store local0 -> local1
    call managed-direct-target0 sp56 live=[local1:enum0@0] t1 = sig=direct0 (ptr<metadata>, i64) -> ptr<managed> runtime @scoop_rt_alloc(td12, 24)
    heap_store t1 +16 local1
    ret t1
  fun @scoop.ctor.ArithmeticException() -> ptr<managed>
    local %0 $argument.0: enum0
    local %1 $parameter.message: enum0
  block entry
    poll managed-void-target0 sp81 live=[]
    t0 = enum_wrap e0 v0 (global4) : enum0
    store t0 -> local0
    store local0 -> local1
    call managed-direct-target0 sp57 live=[local1:enum0@0] t1 = sig=direct0 (ptr<metadata>, i64) -> ptr<managed> runtime @scoop_rt_alloc(td13, 24)
    heap_store t1 +16 local1
    ret t1
  fun @scoop.ctor.IndexOutOfBoundsException() -> ptr<managed>
    local %0 $argument.0: enum0
    local %1 $parameter.message: enum0
  block entry
    poll managed-void-target0 sp82 live=[]
    t0 = enum_wrap e0 v0 (global5) : enum0
    store t0 -> local0
    store local0 -> local1
    call managed-direct-target0 sp58 live=[local1:enum0@0] t1 = sig=direct0 (ptr<metadata>, i64) -> ptr<managed> runtime @scoop_rt_alloc(td14, 24)
    heap_store t1 +16 local1
    ret t1
  fun @scoop.ctor.IllegalStateException() -> ptr<managed>
    local %0 $argument.0: enum0
    local %1 $parameter.message: enum0
  block entry
    poll managed-void-target0 sp83 live=[]
    t0 = enum_wrap e0 v0 (global6) : enum0
    store t0 -> local0
    store local0 -> local1
    call managed-direct-target0 sp59 live=[local1:enum0@0] t1 = sig=direct0 (ptr<metadata>, i64) -> ptr<managed> runtime @scoop_rt_alloc(td15, 24)
    heap_store t1 +16 local1
    ret t1
  fun @scoop_callback_bridge_0(ptr<raw>, ptr<raw>) -> void <no-gc>
    local %0 $value: i64
  block entry
    t0 = raw_load param1 align 8 : i64
    call no-gc-direct-target0 t1 = sig=direct0 (i64) -> i64 local-fn12(t0)
    store t1 -> local0
    raw_store param0 local0 align 8
    t2 = aggregate () : {}
    ret
  fun @scoop_callback_bridge_1(ptr<raw>, ptr<raw>) -> void <no-gc>
    local %0 $value: struct0
    local %1 $sc.1: struct0
  block entry
    t0 = raw_load param1 align 8 : struct0
    call no-gc-indirect-target0 local1 = sig=indirect0 (sret struct0, struct0) local-fn13(t0)
    store local1 -> local0
    raw_store param0 local0 align 8
    t1 = aggregate () : {}
    ret
  fun @scoop_callback_bridge_2(ptr<raw>, ptr<raw>) -> void <no-gc>
    local %0 $value: struct1
    local %1 $sc.1: struct1
  block entry
    t0 = raw_load param1 align 16 : struct1
    call no-gc-indirect-target0 local1 = sig=indirect0 (sret struct1, struct1) local-fn14(t0)
    store local1 -> local0
    raw_store param0 local0 align 16
    t1 = aggregate () : {}
    ret
  td td0 ToString @scoop_td_ToString type-id=2 size=0 parent=none vtable=[] itables=[]
  td td1 Hash @scoop_td_Hash type-id=3 size=0 parent=none vtable=[] itables=[]
  td td2 Continuation$I @scoop_td_Continuation$I type-id=4 size=0 parent=none vtable=[] itables=[]
  td td3 SuspendTask$I @scoop_td_SuspendTask$I type-id=5 size=0 parent=none vtable=[] itables=[]
  td td4 SuspendRegistration$I @scoop_td_SuspendRegistration$I type-id=6 size=0 parent=none vtable=[] itables=[]
  td td5 function$FIRIX @scoop_td_function$FIRIX type-id=7 size=0 parent=none vtable=[] itables=[]
  td td6 function$FD10_NativePairXRD10_NativePairXX @scoop_td_function$FD10_NativePairXRD10_NativePairXX type-id=8 size=0 parent=none vtable=[] itables=[]
  td td7 function$FD14_NativeEnvelopeXRD14_NativeEnvelopeXX @scoop_td_function$FD14_NativeEnvelopeXRD14_NativeEnvelopeXX type-id=9 size=0 parent=none vtable=[] itables=[]
  td td8 Throwable @scoop_td_Throwable type-id=10 size=16 parent=none vtable=[] itables=[]
  td td10 Exception @scoop_td_Exception type-id=11 size=24 parent=td8 vtable=[] itables=[]
  td td11 UnwrapException @scoop_td_UnwrapException type-id=12 size=24 parent=td10 vtable=[] itables=[]
  td td12 ClassCastException @scoop_td_ClassCastException type-id=13 size=24 parent=td10 vtable=[] itables=[]
  td td13 ArithmeticException @scoop_td_ArithmeticException type-id=14 size=24 parent=td10 vtable=[] itables=[]
  td td14 IndexOutOfBoundsException @scoop_td_IndexOutOfBoundsException type-id=15 size=24 parent=td10 vtable=[] itables=[]
  td td15 IllegalStateException @scoop_td_IllegalStateException type-id=16 size=24 parent=td10 vtable=[] itables=[]
  td td16 $Closure$reference0 @scoop_td_$Closure$reference0 type-id=17 size=24 parent=td5 vtable=[] itables=[]
  layout String size=24 align=8 refs=[]
  layout Int size=8 align=8 refs=[]
  layout Boolean size=1 align=1 refs=[]
  layout NativePair size=16 align=8 refs=[]
  layout-meta NativePair c-layout(aligned=0,packed=0) fields=[0@8,8@8] interior-mutable=false
  layout NativeEnvelope size=32 align=16 refs=[]
  layout-meta NativeEnvelope c-layout(aligned=16,packed=0) fields=[0@1,8@8,24@8] interior-mutable=false
  layout NativePacked size=16 align=8 refs=[]
  layout-meta NativePacked c-layout(aligned=8,packed=1) fields=[0@1,1@1] interior-mutable=false
  layout Option$S size=8 align=8 enum-scan=refs[0]
  layout Option$NIRIX size=8 align=8 enum-scan=none
  layout CoroutineStep$I size=16 align=8 enum-scan=none
  layout Throwable size=16 align=8 refs=[]
  layout Exception size=24 align=8 refs=[16]
  layout UnwrapException size=24 align=8 refs=[16]
  layout ClassCastException size=24 align=8 refs=[16]
  layout ArithmeticException size=24 align=8 refs=[16]
  layout IndexOutOfBoundsException size=24 align=8 refs=[16]
  layout IllegalStateException size=24 align=8 refs=[16]
  layout $Closure$reference0 size=24 align=8 refs=[]
  entry @scoop_main

== run ==
41
42
true
true
42
true
11
7
42
7
9
13
24
false
true
17
true
