Module
  fun exercise<T>(value: T0): Int
    val local1
      Call external #0 : Int
        SingletonValue external 5a65a7ae2eb3532b4836102c2f8336701e2b7ffa47eb26503352bf49d6b6124f : Trace
    val local2
      Call external #1 : Int
        SingletonValue external 5a65a7ae2eb3532b4836102c2f8336701e2b7ffa47eb26503352bf49d6b6124f : Trace
    val local3
      Local value : T0
    val local4
      Local $dependency.argument.0 : T0
    val local5
      ImportedConstructorInit Receiver : Receiver<T0>
        Local $dependency.parameter.value : T0
    val local6
      Call referenceComputed<T0> : Int
        Local receiver : Receiver<T0>
    val local7
      IntegerLiteral 0 : Int
    val local8
      Local $dependency.argument.0 : Int
    val local9
      Call external #2 : Payload
        Local $dependency.parameter.value : Int
    val local10
      Local answer : Int
    val local11
      IntegerLiteral 42 : Int
    val local12
      Local $dependency.argument.0 : Int
    if
      Unary Not : Boolean
        IntegerOperation int.equals <no-gc> : Boolean
          Local $dependency.receiver : Int
          Local $dependency.parameter.other : Int
      val local16
        BoolLiteral true : Boolean
    else
      val local13
        Call external #3 : Int
          Local allocated : Payload
      val local14
        IntegerLiteral 0 : Int
      val local15
        Local $dependency.argument.0 : Int
      val local16
        Unary Not : Boolean
          IntegerOperation int.equals <no-gc> : Boolean
            Local $dependency.receiver : Int
            Local $dependency.parameter.other : Int
    if
      Local $shortCircuit.0 : Boolean
      return
        IntegerLiteral 1 : Int
    val local17
      Call referenceComputed<T0> : Int
        Local receiver : Receiver<T0>
    val local18
      IntegerLiteral 42 : Int
    val local19
      Local $dependency.argument.0 : Int
    if
      Unary Not : Boolean
        IntegerOperation int.equals <no-gc> : Boolean
          Local $dependency.receiver : Int
          Local $dependency.parameter.other : Int
      val local27
        BoolLiteral true : Boolean
    else
      val local23
        Call external #0 : Int
          SingletonValue external 5a65a7ae2eb3532b4836102c2f8336701e2b7ffa47eb26503352bf49d6b6124f : Trace
      val local20
        Local before : Int
      val local21
        IntegerLiteral 1 : Int
      val local22
        Local $dependency.argument.0 : Int
      val local24
        Local $equality.lhs : Int
      val local25
        IntegerOperation int.add <no-gc> : Int
          Local $dependency.receiver : Int
          Local $dependency.parameter.other : Int
      val local26
        Local $dependency.argument.0 : Int
      val local27
        Unary Not : Boolean
          IntegerOperation int.equals <no-gc> : Boolean
            Local $dependency.receiver : Int
            Local $dependency.parameter.other : Int
    if
      Local $shortCircuit.1 : Boolean
      return
        IntegerLiteral 2 : Int
    val local31
      Call external #1 : Int
        SingletonValue external 5a65a7ae2eb3532b4836102c2f8336701e2b7ffa47eb26503352bf49d6b6124f : Trace
    val local28
      Local beforeReceivers : Int
    val local29
      IntegerLiteral 1 : Int
    val local30
      Local $dependency.argument.0 : Int
    val local32
      Local $equality.lhs : Int
    val local33
      IntegerOperation int.add <no-gc> : Int
        Local $dependency.receiver : Int
        Local $dependency.parameter.other : Int
    val local34
      Local $dependency.argument.0 : Int
    if
      Unary Not : Boolean
        IntegerOperation int.equals <no-gc> : Boolean
          Local $dependency.receiver : Int
          Local $dependency.parameter.other : Int
      return
        IntegerLiteral 3 : Int
    return
      Local answer : Int
  fun result(): Int
    val local0
      IntegerLiteral 1 : Int
    val local1
      Local $argument.0 : Int
    return
      Call exercise<Int> : Int
        Local $parameter.value : Int
  output library
  instance exercise<Int>
