---
source: compiler/driver/tests/fixtures.rs
expression: snapshot
---
== diagnostics ==
m14-generics/errors/operator-equals.scoop:27:1: error: `operator` requires a member or extension receiver
m14-generics/errors/operator-equals.scoop:2:5: error: unknown operator role `compare`
m14-generics/errors/operator-equals.scoop:6:18: error: operator `equals` must have exactly one parameter, found 2
m14-generics/errors/operator-equals.scoop:10:18: error: operator `equals` must return Boolean, found Int
m14-generics/errors/operator-equals.scoop:14:22: error: operator `equals` must not declare type parameters
m14-generics/errors/operator-equals.scoop:18:26: error: operator `equals` must not be suspend
m14-generics/errors/operator-equals.scoop:31:5: error: type `Plain` has no member operator `equals` for `==`
m14-generics/errors/operator-equals.scoop:34:5: error: type `Any` has no member operator `equals` for `==`
m14-generics/errors/operator-equals.scoop:36:5: error: no applicable candidate for `println` in implicit-import candidate layer:
  - fun println<T : ToString>(value: T): Unit — type argument `MerelyNamed` for `T` must satisfy interface upper bound `ToString`
