code=b0bb4b8f885e4c1ba2bbf9dbda64d5e61db80ab77b76881b5d370f705b95be28 native=10 libraries=0
code=b0adfd6ad638c5bf3defa371069e3ce35f039bed96be6d8e4913fe12429059bd native=0 libraries=0
reject current Distribution
reject current OutputBranch
reject current ManifestCode
reject current OuterCode
reject current MatchingWrongCode
reject current NativeContractExtra
reject current NativeLibraryExtra
reject dependency Distribution
reject dependency OutputBranch
reject dependency ManifestCode
reject dependency OuterCode
reject dependency MatchingWrongCode
reject dependency NativeContractExtra
reject dependency NativeLibraryExtra
reject dependency NativeContractMissing
reject dependency NativeContractDuplicate
reject dependency NativeContractFingerprint
reject dependency NativeContractOrder
