dependency: owners=3088 uses=354 ordinary=0 shape=0 native=10 categories=[162, 0, 21, 171, 0, 0]
current: owners=56 uses=10 ordinary=0 shape=4 native=0 categories=[2, 0, 0, 4, 0, 0]
reject DefinedMissing
reject DefinedDuplicate
reject DefinedMember
reject LegacyMissing
reject LegacyWidth
reject ShapeMissing
reject ShapeDuplicate
reject ShapeIndex
reject UnknownRuntime
reject DependencyDefinedMember
reject CompileView
reject MixedView
