Module
  interface ToString
  interface Hash
  fun main @fn0() -> Unit
    bb0 entry
      val $dependency.receiver: String
        Type String
        StringConst @str0
      val $dependency.argument.0: String
        Type String
        StringConst @str1
      val $dependency.parameter.other: String
        Type String
        Local $dependency.argument.0
      call text: String = @scoop_rt_string_concat direct
        Type String
        Local $dependency.receiver
        Type String
        Local $dependency.parameter.other
      call @scoop_rt_gc_collect direct
      val $dependency.argument.0: String
        Type String
        Local text
      val $dependency.parameter.value: String
        Type String
        Local $dependency.argument.0
      call @fn1 direct
        Type String
        Local $dependency.parameter.value
      call $dependency.receiver: ULong = @scoop_rt_gc_stats direct
      val $dependency.argument.0: ULong
        Type ULong
        IntegerLiteral ULong value=0 bits=0x0000000000000000
      val $dependency.parameter.other: ULong
        Type ULong
        Local $dependency.argument.0
      val $dependency.argument.0: Boolean
        Type Boolean
        IntegerCompare greater-than operands=Long result=Boolean
          Type Long
          IntegerCompareTo operands=ULong result=Long
            Type ULong
            Local $dependency.receiver
            Type ULong
            Local $dependency.parameter.other
          Type Long
          IntegerLiteral Long value=0 bits=0x0000000000000000
      val $dependency.parameter.value: Boolean
        Type Boolean
        Local $dependency.argument.0
      call @fn2 direct
        Type Boolean
        Local $dependency.parameter.value
      return
  fun println @fn1(value: String) -> Unit
    bb0 entry
      val $dependency.local.1: String
        Type String
        Local value
      call $dependency.local.2: String = external1 direct
        Type String
        Local $dependency.local.1
      val $dependency.local.3: String
        Type String
        Local $dependency.local.2
      call external2 direct
        Type String
        Local $dependency.local.3
      val $dependency.local.4: String
        Type String
        StringConst @str2
      val $dependency.local.5: String
        Type String
        Local $dependency.local.4
      call external2 direct
        Type String
        Local $dependency.local.5
      return
  fun println @fn2(value: Boolean) -> Unit
    bb0 entry
      val $dependency.local.1: Boolean
        Type Boolean
        Local value
      call $dependency.local.2: String = external0 direct
        Type Boolean
        Local $dependency.local.1
      val $dependency.local.3: String
        Type String
        Local $dependency.local.2
      call external2 direct
        Type String
        Local $dependency.local.3
      val $dependency.local.4: String
        Type String
        StringConst @str3
      val $dependency.local.5: String
        Type String
        Local $dependency.local.4
      call external2 direct
        Type String
        Local $dependency.local.5
      return
  instance mi0 function=@fn1 <- println
  instance mi1 function=@fn2 <- println
  str @str0 "runtime-"
  str @str1 "alive"
  str @str2 "\n"
  str @str3 "\n"
  output executable @fn0

