Layout: nodes=246 inputs=0 patches=248
Scan: nodes=4 inputs=0 patches=6
LirDefinition: nodes=1246 inputs=0 patches=0
ObjectDefinition: nodes=2362 inputs=1151 patches=549
StackmapRecord: nodes=635 inputs=0 patches=635
OdrDefinition: nodes=1246 inputs=2772 patches=398
StrongRegistration: nodes=804 inputs=1748 patches=804
RuntimeImage: nodes=1 inputs=1202 patches=1
