hir n(c=scoop%3Ascoop.core%3A0.1.0;p=;o=-;k=E;x=SharedEqualityChoice): application=96bc75d65793372edf8fa25e7c09099fa058e0f5ef92e51a05aa15f54eaf66a3, strong=true, exported=true
hir n(c=scoop%3Ascoop.core%3A0.1.0;p=;o=-;k=S;x=SharedEqualityLeaf): application=cb251bbe3d508b40d3d19f619aa06dafbe890b8016da83bb91ed2cc4f76803fd, strong=true, exported=true
hir n(c=scoop%3Ascoop.core%3A0.1.0;p=;o=-;k=S;x=SharedEqualityOverloaded): application=76a016952c460a3afcc39e30ea1d819dfbef26caff76e281a65b017f7e2781d0, strong=true, exported=true
hir n(c=scoop%3Ascoop.core%3A0.1.0;p=;o=-;k=S;x=SharedEqualityPair): application=0403daba1eb7cafde52ae123e6fbb2f2cbdfb8020e0845cea7bb6cc869e3ed8c, strong=true, exported=true
hir n(c=scoop%3Ascoop.core%3A0.1.0;p=;o=-;k=S;x=SharedEqualityUsesManual): application=7caa26436c9bc0f2d827cce3d8c4438a750192f0f38956bc1be016151e056d66, strong=true, exported=true
hir n(c=scoop%3Ascoop.core%3A0.1.0;p=;o=-;k=S;x=SharedEqualityWithMarker): application=8530c3fef387b07137ae0f84b1d44dc52b22c45642127765775971c9e8a81165, strong=true, exported=true
mir n(c=scoop%3Ascoop.core%3A0.1.0;p=;o=-;k=E;x=SharedEqualityChoice): Managed Ordinary, receiver=n(c=scoop%3Ascoop.core%3A0.1.0;p=;o=-;k=E;x=SharedEqualityChoice), parameter=n(c=scoop%3Ascoop.core%3A0.1.0;p=;o=-;k=E;x=SharedEqualityChoice), result=n(c=scoop%3Ascoop.core%3A0.1.0;p=;o=-;k=S;x=Boolean)
mir n(c=scoop%3Ascoop.core%3A0.1.0;p=;o=-;k=S;x=SharedEqualityLeaf): Managed Ordinary, receiver=n(c=scoop%3Ascoop.core%3A0.1.0;p=;o=-;k=S;x=SharedEqualityLeaf), parameter=n(c=scoop%3Ascoop.core%3A0.1.0;p=;o=-;k=S;x=SharedEqualityLeaf), result=n(c=scoop%3Ascoop.core%3A0.1.0;p=;o=-;k=S;x=Boolean)
mir n(c=scoop%3Ascoop.core%3A0.1.0;p=;o=-;k=S;x=SharedEqualityOverloaded): Managed Ordinary, receiver=n(c=scoop%3Ascoop.core%3A0.1.0;p=;o=-;k=S;x=SharedEqualityOverloaded), parameter=n(c=scoop%3Ascoop.core%3A0.1.0;p=;o=-;k=S;x=SharedEqualityOverloaded), result=n(c=scoop%3Ascoop.core%3A0.1.0;p=;o=-;k=S;x=Boolean)
mir n(c=scoop%3Ascoop.core%3A0.1.0;p=;o=-;k=S;x=SharedEqualityPair): Managed Ordinary, receiver=n(c=scoop%3Ascoop.core%3A0.1.0;p=;o=-;k=S;x=SharedEqualityPair), parameter=n(c=scoop%3Ascoop.core%3A0.1.0;p=;o=-;k=S;x=SharedEqualityPair), result=n(c=scoop%3Ascoop.core%3A0.1.0;p=;o=-;k=S;x=Boolean)
mir n(c=scoop%3Ascoop.core%3A0.1.0;p=;o=-;k=S;x=SharedEqualityUsesManual): Managed Ordinary, receiver=n(c=scoop%3Ascoop.core%3A0.1.0;p=;o=-;k=S;x=SharedEqualityUsesManual), parameter=n(c=scoop%3Ascoop.core%3A0.1.0;p=;o=-;k=S;x=SharedEqualityUsesManual), result=n(c=scoop%3Ascoop.core%3A0.1.0;p=;o=-;k=S;x=Boolean)
mir n(c=scoop%3Ascoop.core%3A0.1.0;p=;o=-;k=S;x=SharedEqualityWithMarker): Managed Ordinary, receiver=n(c=scoop%3Ascoop.core%3A0.1.0;p=;o=-;k=S;x=SharedEqualityWithMarker), parameter=n(c=scoop%3Ascoop.core%3A0.1.0;p=;o=-;k=S;x=SharedEqualityWithMarker), result=n(c=scoop%3Ascoop.core%3A0.1.0;p=;o=-;k=S;x=Boolean)
