Module
  enum LocalChoice
    Ready()
  enum CoroutineStep<LocalChoice>
    Completed(value: LocalChoice)
    Suspended()
  enum CoroutineSlot<LocalChoice>
    Empty()
    Value(value: LocalChoice)
  enum CoroutineStep<LocalValue>
    Completed(value: LocalValue)
    Suspended()
  enum CoroutineSlot<LocalValue>
    Empty()
    Value(value: LocalValue)
  class Counter vtable=0 itables=0
  class box<LocalChoice> vtable=0 itables=2
  interface LocalValue : Valued
  interface Valued
  generated_exact_type get0 location=enum4 nominal_id=851a916d49eee659a9222a96c26c6461905f9c89e65f18a6c313a19576605e62 exact_id=8b0e1542ba15a4729f204ac3097d91d9a2df1eac483288df114b2e8a5d4d8090
  generated_exact_type get1 location=enum2 nominal_id=32053214b2e372e555062ef947c8c70aa4100729b7e384d45e7bdc78fb54d929 exact_id=95caf37e54ec1a524fe5f75051bb6f2eeefcfd5529a321b16cd8587eecfba5a7
  generated_exact_type get2 location=enum1 nominal_id=c7acfe061b5381d2b0cca8a794cf3416bb283052c3c96c11643d0a22491a82ef exact_id=9771c0a83a61155b648977ad3343c9fcfb631f5720b5c3a8cab1c718c9f7f486
  generated_exact_type get3 location=class1 nominal_id=a542ce44497ce077212cbf885ebdcf4a022bba714bf42043ea835e5059482fe1 exact_id=9aa122687514342cfd3f8e369541c22bb0555a9266e310c6e7feb82a46e53740
  generated_exact_type get4 location=enum3 nominal_id=98f504ed8c03f2205f9f02da64c0884d1d0e85efdaaba367a8dcea239f0681d0 exact_id=d0fb3cbe7bc1e99197f004b87222e1f40b97c0d1393563c396da733553bb67f0
  generated_callable gc0 function=@fn6 id=097e5204bddda44d035e3b13a2c44d76f943af385e35130b0187ca65cb563ae8
  generated_callable gc1 function=@fn5 id=5bce7fce36a0766fca80c12235ef059c19fd633bb65e33de4abc93bc300270df
  generated_callable gc2 function=@fn4 id=826d05dadacde5c7cc484e74b44a779599f92cf4c89224e204e86623173ecfe6
  fun LocalChoice.$get$value @fn0(this: LocalChoice) -> Long
    bb0 entry
      return
        Type Long
        IntegerLiteral Long value=21 bits=0x0000000000000015
  fun localValue @fn1() -> LocalValue
    bb0 entry
      return
        Type LocalValue
        Box
          Type LocalChoice
          VariantConstruct LocalChoice v0
  fun primary @fn2() -> Counter
    bb0 entry
      call $receiver: LocalValue = @fn1 direct
      call $dependency.argument.0: Long = @fn3 interface LocalValue[1]
        Type LocalValue
        Local $receiver
      val $dependency.parameter.value: Long
        Type Long
        Local $dependency.argument.0
      assign $new.1
        Type Counter
        ClassAlloc Counter
      call external0 direct
        Type Counter
        Local $new.1
        Type Long
        Local $dependency.parameter.value
      return
        Type Counter
        Local $new.1
  fun LocalValue.inherited @fn3(this: LocalValue) -> Long
    bb0 entry
      call $call.1: Long = external1 interface Valued[0]
        Type Valued
        Retype Valued
          Type LocalValue
          Local this
      return
        Type Long
        Local $call.1
  fun thunk<LocalChoice> LocalValue.value() @fn4(this: LocalValue) -> Long
    bb0 entry
      call $call.1: Long = @fn0 direct
        Type LocalChoice
        Unbox
          Type LocalValue
          Local this
      return
        Type Long
        Local $call.1
  fun thunk<LocalChoice> LocalValue.inherited() @fn5(this: LocalValue) -> Long
    bb0 entry
      call $call.1: Long = @fn3 direct
        Type LocalValue
        Retype LocalValue
          Type LocalValue
          Local this
      return
        Type Long
        Local $call.1
  fun thunk<LocalChoice> Valued.value() @fn6(this: Valued) -> Long
    bb0 entry
      call $call.1: Long = @fn0 direct
        Type LocalChoice
        Unbox
          Type Valued
          Local this
      return
        Type Long
        Local $call.1
  coroutine_step cs0 CoroutineStep<LocalChoice> result=LocalChoice
  coroutine_step cs1 CoroutineStep<LocalValue> result=LocalValue
  coroutine_slot cl0 CoroutineSlot<LocalChoice> value=LocalChoice
  coroutine_slot cl1 CoroutineSlot<LocalValue> value=LocalValue
  output library
