Module
  fun primary(): Counter
    val local0
      Box : Readable
        VariantConstruct ReadChoice.Ready : ReadChoice
    val local1
      Local value : Readable
    val local2
      IntegerLiteral 1 : Long
    val local3
      Call external #2 interface[1] : Long
        Local $dependency.receiver : Readable
        Local $dependency.parameter.extra : Long
    val local4
      Local $dependency.argument.0 : Long
    return
      Call external #3 : Counter
        Local $dependency.parameter.value : Long
  output library
