Module
  fun primary(): Counter
    val local0
      Box : ChildReader
        Call external #2 : ZeroReader
    val local1
      Box : Any
        Call external #2 : ZeroReader
    if
      Binary RefEq : Boolean
        Local first : ChildReader
        Local second : Any
      val local2
        IntegerLiteral 0 : Long
      val local3
        Local $dependency.argument.0 : Long
      return
        Call external #3 : Counter
          Local $dependency.parameter.value : Long
    val local4
      Local first : ChildReader
    val local5
      Call external #4 interface[1] : Long
        Local $dependency.receiver : ChildReader
    val local6
      Local $dependency.argument.0 : Long
    return
      Call external #3 : Counter
        Local $dependency.parameter.value : Long
  output library
