---
source: compiler/driver/tests/fixtures.rs
expression: snapshot
---
== diagnostics ==
m22-ranges/errors/contracts.scoop:6:26: error: no applicable candidate for `rangeTo` in member candidate layer:
  - fun Int.rangeTo(endpoint: Int): IntRange — argument for `endpoint` has type Long, which is not a subtype of Int
m22-ranges/errors/contracts.scoop:12:27: error: no applicable candidate for `rangeUntil` in member candidate layer:
  - fun UInt.rangeUntil(endpoint: UInt): UIntRange — argument for `endpoint` has type ULong, which is not a subtype of UInt
m22-ranges/errors/contracts.scoop:18:31: error: no applicable candidate for `until` in member candidate layer:
  - fun Int.until(endpoint: Int): IntRange — argument for `endpoint` has type UInt, which is not a subtype of Int
m22-ranges/errors/contracts.scoop:24:32: error: no applicable candidate for `downTo` in member candidate layer:
  - fun ULong.downTo(endpoint: ULong): ULongRange — argument for `endpoint` has type Long, which is not a subtype of ULong
m22-ranges/errors/contracts.scoop:30:35: error: initializer of `invalid` must be of type Iterable<Int8>, found IntRange; nominal application `Iterable` is invariant: first differing type argument 1 (`T`) is `Int` in `Iterable<Int>`, but `Int8` in `Iterable<Int8>`; construct the target application directly or convert explicitly
m22-ranges/errors/contracts.scoop:36:30: error: initializer of `invalid` must be of type LongRange, found IntRange
m22-ranges/errors/contracts.scoop:42:31: error: initializer of `invalid` must be of type ULongRange, found UIntRange
m22-ranges/errors/contracts.scoop:47:31: error: no applicable candidate for `step` in member candidate layer:
  - fun IntRange.step(value: Int): IntRange — argument for `value` has type Int8, which is not a subtype of Int
m22-ranges/errors/contracts.scoop:49:34: error: no applicable candidate for `step` in member candidate layer:
  - fun LongRange.step(value: Long): LongRange — argument for `value` has type Int, which is not a subtype of Long
m22-ranges/errors/contracts.scoop:54:35: error: no applicable candidate for `step` in member candidate layer:
  - fun UIntRange.step(value: UInt): UIntRange — argument for `value` has type ULong, which is not a subtype of UInt
m22-ranges/errors/contracts.scoop:59:31: error: no applicable candidate for `contains` in member candidate layer:
  - fun IntRange.contains(value: Int): Boolean — argument for `value` has type Int8, which is not a subtype of Int
m22-ranges/errors/contracts.scoop:61:35: error: no applicable candidate for `contains` in member candidate layer:
  - fun UIntRange.contains(value: UInt): Boolean — argument for `value` has type Int, which is not a subtype of UInt
m22-ranges/errors/contracts.scoop:66:35: error: initializer of `invalid` must be of type Iterator<Long>, found Iterator<Int>; nominal application `Iterator` is invariant: first differing type argument 1 (`T`) is `Int` in `Iterator<Int>`, but `Long` in `Iterator<Long>`; construct the target application directly or convert explicitly
m22-ranges/errors/contracts.scoop:70:19: error: no applicable candidate for `rangeTo` in member candidate layer:
  - fun Int.rangeTo(endpoint: Int): IntRange — has no parameter named `other`
m22-ranges/errors/contracts.scoop:74:22: error: constructor of type `IntRange` is not accessible here
m22-ranges/errors/contracts.scoop:75:23: error: constructor of type `LongRange` is not accessible here
m22-ranges/errors/contracts.scoop:76:23: error: constructor of type `UIntRange` is not accessible here
m22-ranges/errors/contracts.scoop:77:24: error: constructor of type `ULongRange` is not accessible here
