Module
  fun equalsDefault(check: (Int) -> Boolean): Boolean
    return
      CallableCall function_type0 : Boolean
        Local check : (Int) -> Boolean
        IntegerLiteral 42 : Int
  fun exercise<T>(value: T0): Int
    val local1
      IntegerLiteral 41 : Int
    val local2
      CallableReference reference1 target=intrinsic Integer(NoGcOperation { kind: IntegerKind { signedness: Signed, width: W32 }, operation: Add }) captures=0 : (Int) -> Int
        Local number : Int
    assign number
      IntegerLiteral 0 : Int
    val local3
      CallableReference reference2 target=intrinsic Integer(NoGcOperation { kind: IntegerKind { signedness: Signed, width: W32 }, operation: UnaryMinus }) captures=0 : () -> Int
        IntegerLiteral 42 : Int
    val local4
      CallableReference reference3 target=intrinsic Integer(NoGcOperation { kind: IntegerKind { signedness: Signed, width: W32 }, operation: CompareTo }) captures=0 : (Int) -> Long
        IntegerLiteral 42 : Int
    val local5
      CallableReference reference4 target=intrinsic Integer(Conversion { source: IntegerKind { signedness: Signed, width: W32 }, target_kind: IntegerKind { signedness: Signed, width: W64 } }) captures=0 : () -> Long
        IntegerLiteral 42 : Int
    val local6
      CallableReference reference5 target=intrinsic Integer(NoGcOperation { kind: IntegerKind { signedness: Signed, width: W32 }, operation: Shl }) captures=0 : (Long) -> Int
        IntegerLiteral 21 : Int
    val local7
      CallableReference reference6 target=intrinsic Integer(ManagedOperation { kind: IntegerKind { signedness: Signed, width: W32 }, operation: Div }) captures=0 : (Int) -> Int
        IntegerLiteral 84 : Int
    val local8
      CallableReference reference7 target=intrinsic Integer(ManagedOperation { kind: IntegerKind { signedness: Signed, width: W32 }, operation: Rem }) captures=0 : (Int) -> Int
        IntegerLiteral 85 : Int
    val local9
      IntegerLiteral -2147483648 : Int
    val local10
      CallableReference reference8 target=intrinsic Integer(ManagedOperation { kind: IntegerKind { signedness: Signed, width: W32 }, operation: Div }) captures=0 : (Int) -> Int
        Local minimum : Int
    val local11
      IntegerLiteral 84u : UInt
    val local12
      CallableReference reference9 target=intrinsic Integer(ManagedOperation { kind: IntegerKind { signedness: Unsigned, width: W32 }, operation: Div }) captures=0 : (UInt) -> UInt
        Local unsigned : UInt
    val local13
      CallableReference reference10 target=intrinsic Unary(BooleanNot) captures=0 : () -> Boolean
        BoolLiteral false : Boolean
    val local14
      CallableReference reference11 target=intrinsic Binary(StringConcat) captures=0 : (String) -> String
        StringLiteral "scoop" : String
    val local15
      CallableReference reference12 target=intrinsic Binary(StringCompareTo) captures=0 : (String) -> Long
        StringLiteral "scoop" : String
    val local16
      CallableCall function_type1 : Int
        Local add : (Int) -> Int
        IntegerLiteral 1 : Int
    val local17
      IntegerLiteral 42 : Int
    val local18
      Local $dependency.argument.0 : Int
    if
      Unary Not : Boolean
        IntegerOperation int.equals <no-gc> : Boolean
          Local $dependency.receiver : Int
          Local $dependency.parameter.other : Int
      val local22
        BoolLiteral true : Boolean
    else
      val local19
        Local number : Int
      val local20
        IntegerLiteral 0 : Int
      val local21
        Local $dependency.argument.0 : Int
      val local22
        Unary Not : Boolean
          IntegerOperation int.equals <no-gc> : Boolean
            Local $dependency.receiver : Int
            Local $dependency.parameter.other : Int
    if
      Local $shortCircuit.0 : Boolean
      val local26
        BoolLiteral true : Boolean
    else
      val local23
        CallableCall function_type2 : Int
          Local negate : () -> Int
      val local24
        IntegerLiteral -42 : Int
      val local25
        Local $dependency.argument.0 : Int
      val local26
        Unary Not : Boolean
          IntegerOperation int.equals <no-gc> : Boolean
            Local $dependency.receiver : Int
            Local $dependency.parameter.other : Int
    if
      Local $shortCircuit.1 : Boolean
      return
        IntegerLiteral 1 : Int
    val local27
      CallableCall function_type3 : Long
        Local compare : (Int) -> Long
        IntegerLiteral 42 : Int
    val local28
      IntegerLiteral 0 : Long
    val local29
      Local $dependency.argument.0 : Long
    if
      Unary Not : Boolean
        IntegerOperation long.equals <no-gc> : Boolean
          Local $dependency.receiver : Long
          Local $dependency.parameter.other : Long
      val local33
        BoolLiteral true : Boolean
    else
      val local30
        CallableCall function_type3 : Long
          Local compare : (Int) -> Long
          IntegerLiteral 1 : Int
      val local31
        IntegerLiteral 0 : Long
      val local32
        Local $dependency.argument.0 : Long
      val local33
        Binary Le : Boolean
          IntegerOperation long.compare_to <no-gc> : Long
            Local $dependency.receiver : Long
            Local $dependency.parameter.other : Long
          IntegerLiteral 0 : Long
    if
      Local $shortCircuit.2 : Boolean
      val local37
        BoolLiteral true : Boolean
    else
      val local34
        CallableCall function_type4 : Long
          Local widen : () -> Long
      val local35
        IntegerLiteral 42 : Long
      val local36
        Local $dependency.argument.0 : Long
      val local37
        Unary Not : Boolean
          IntegerOperation long.equals <no-gc> : Boolean
            Local $dependency.receiver : Long
            Local $dependency.parameter.other : Long
    if
      Local $shortCircuit.3 : Boolean
      return
        IntegerLiteral 2 : Int
    val local38
      CallableCall function_type5 : Int
        Local shift : (Long) -> Int
        IntegerLiteral 33 : Long
    val local39
      IntegerLiteral 42 : Int
    val local40
      Local $dependency.argument.0 : Int
    if
      Unary Not : Boolean
        IntegerOperation int.equals <no-gc> : Boolean
          Local $dependency.receiver : Int
          Local $dependency.parameter.other : Int
      val local44
        BoolLiteral true : Boolean
    else
      val local41
        CallableCall function_type1 : Int
          Local divide : (Int) -> Int
          IntegerLiteral 2 : Int
      val local42
        IntegerLiteral 42 : Int
      val local43
        Local $dependency.argument.0 : Int
      val local44
        Unary Not : Boolean
          IntegerOperation int.equals <no-gc> : Boolean
            Local $dependency.receiver : Int
            Local $dependency.parameter.other : Int
    if
      Local $shortCircuit.4 : Boolean
      val local48
        BoolLiteral true : Boolean
    else
      val local45
        CallableCall function_type1 : Int
          Local remainder : (Int) -> Int
          IntegerLiteral 2 : Int
      val local46
        IntegerLiteral 1 : Int
      val local47
        Local $dependency.argument.0 : Int
      val local48
        Unary Not : Boolean
          IntegerOperation int.equals <no-gc> : Boolean
            Local $dependency.receiver : Int
            Local $dependency.parameter.other : Int
    if
      Local $shortCircuit.5 : Boolean
      return
        IntegerLiteral 3 : Int
    val local49
      CallableCall function_type1 : Int
        Local boundary : (Int) -> Int
        IntegerLiteral -1 : Int
    val local50
      Local minimum : Int
    val local51
      Local $dependency.argument.0 : Int
    if
      Unary Not : Boolean
        IntegerOperation int.equals <no-gc> : Boolean
          Local $dependency.receiver : Int
          Local $dependency.parameter.other : Int
      val local55
        BoolLiteral true : Boolean
    else
      val local52
        CallableCall function_type6 : UInt
          Local unsignedDivide : (UInt) -> UInt
          IntegerLiteral 2u : UInt
      val local53
        IntegerLiteral 42u : UInt
      val local54
        Local $dependency.argument.0 : UInt
      val local55
        Unary Not : Boolean
          IntegerOperation uint.equals <no-gc> : Boolean
            Local $dependency.receiver : UInt
            Local $dependency.parameter.other : UInt
    if
      Local $shortCircuit.6 : Boolean
      return
        IntegerLiteral 4 : Int
    val local56
      CallableCall function_type7 : Boolean
        Local invert : () -> Boolean
    if
      PrimitiveUnary BooleanNot : Boolean
        Local $dependency.receiver : Boolean
      val local60
        BoolLiteral true : Boolean
    else
      val local57
        CallableCall function_type8 : String
          Local concat : (String) -> String
          StringLiteral "!" : String
      val local58
        StringLiteral "scoop!" : String
      val local59
        Local $dependency.argument.0 : String
      val local60
        Unary Not : Boolean
          Call external #0 : Boolean
            Local $dependency.receiver : String
            Local $dependency.parameter.other : String
    if
      Local $shortCircuit.7 : Boolean
      val local64
        BoolLiteral true : Boolean
    else
      val local61
        CallableCall function_type9 : Long
          Local compareString : (String) -> Long
          StringLiteral "scoop" : String
      val local62
        IntegerLiteral 0 : Long
      val local63
        Local $dependency.argument.0 : Long
      val local64
        Unary Not : Boolean
          IntegerOperation long.equals <no-gc> : Boolean
            Local $dependency.receiver : Long
            Local $dependency.parameter.other : Long
    if
      Local $shortCircuit.8 : Boolean
      return
        IntegerLiteral 5 : Int
    val local65
      CallableReference reference13 target=intrinsic Integer(NoGcOperation { kind: IntegerKind { signedness: Signed, width: W32 }, operation: Equals }) captures=0 : (Int) -> Boolean
        IntegerLiteral 42 : Int
    val local66
      Call equalsDefault : Boolean
        Local $parameter.check : (Int) -> Boolean
    if
      PrimitiveUnary BooleanNot : Boolean
        Local $dependency.receiver : Boolean
      return
        IntegerLiteral 6 : Int
    try
      CallableCall function_type1 : Int
        Local divide : (Int) -> Int
        IntegerLiteral 0 : Int
    catch error: ArithmeticException
      return
        IntegerLiteral 42 : Int
    return
      IntegerLiteral 7 : Int
  fun result(): Int
    val local0
      IntegerLiteral 0 : Int
    val local1
      Local $argument.0 : Int
    return
      Call exercise<Int> : Int
        Local $parameter.value : Int
  output library
  instance exercise<Int>
