Module
  class Later()
  fun exercise<T>(value: T0): Int
    val local1
      IntegerLiteral 40 : Int
    val local2
      Local $dependency.argument.0 : Int
    val local3
      Call external #0 : Point
        Local $dependency.parameter.number : Int
    val local4
      IntegerLiteral 2 : Int
    val local5
      Local $dependency.argument.0 : Int
    val local6
      ImportedConstructorInit Box : Box<Int>
        Local $dependency.parameter.value : Int
    val local7
      FieldAccess field 0 : Int
        Local point : Point
    val local8
      FieldAccess field 0 : Int
        Local box : Box<Int>
    val local9
      Local $dependency.argument.0 : Int
    val local10
      IntegerOperation int.add <no-gc> : Int
        Local $dependency.receiver : Int
        Local $dependency.parameter.other : Int
    val local11
      Local $dependency.argument.0 : Int
    val local12
      Call external #1 : Nested
        Local $dependency.parameter.number : Int
    val local13
      FieldAccess field 0 : Int
        Local nested : Nested
    val local14
      Call external #2 : Int
    val local15
      Local $dependency.argument.0 : Int
    return
      IntegerOperation int.add <no-gc> : Int
        Local $dependency.receiver : Int
        Local $dependency.parameter.other : Int
  fun check(): Int
    val local0
      ClassInit Later : Later
    val local1
      Local $argument.0 : Later
    return
      Call exercise<Later> : Int
        Local $parameter.value : Later
  output library
  instance exercise<Later>
