Module
  struct ValueItems<Int> (values: Array<Int>)
  struct ValueCursor<Int> (inner: Cursor<Int>)
  enum Option<String>
    Some(_0: String)
    None()
  enum Option<Int>
    Some(_0: Int)
    None()
  class Items<Int> vtable=0 itables=0
  class Cursor<Int> vtable=1 itables=1
  class ArrayIterator<Int> vtable=0 itables=1
  class IndexOutOfBoundsException vtable=0 itables=0
  class Exception vtable=0 itables=0
  class Throwable vtable=0 itables=0
  class box<ValueCursor<Int>> vtable=0 itables=1
  interface Iterable<Int>
  interface Iterator<Int>
  generated_exact_type get0 location=class7 nominal_id=58406229412dc999b74a0cb3905512e8f5828ffadeb0522f5128e6f173f118c5 exact_id=becd2bc86ca1b1cce4cc421222f15851e5e7a990a20ef42d418c833df18f8362
  generated_callable gc0 function=@fn15 id=5941f915eb8600343764ca8b4d7ac913749d9bfe15eb9ed295f83051291dd33f
  fun result @fn0() -> Int
    bb0 entry
      call external0 direct
      var sum: Int
        Type Int
        IntegerLiteral Int value=0 bits=0x00000000
      val $dependency.argument.0: Array<Int>
        Type Array<Int>
        ArrayLiteral Array<Int>
          Type Int
          IntegerLiteral Int value=20 bits=0x00000014
          Type Int
          IntegerLiteral Int value=22 bits=0x00000016
      val $dependency.parameter.values: Array<Int>
        Type Array<Int>
        Local $dependency.argument.0
      assign $new.1
        Type Items<Int>
        ClassAlloc Items<Int>
      call @fn10 direct
        Type Items<Int>
        Local $new.1
        Type Array<Int>
        Local $dependency.parameter.values
      val $for.source.0: Items<Int>
        Type Items<Int>
        Local $new.1
      val $dependency.receiver: Items<Int>
        Type Items<Int>
        Local $for.source.0
      call $for.iterator.result.1: Iterator<Int> = @fn4 direct
        Type Items<Int>
        Local $dependency.receiver
      val $for.iterator.2: Iterator<Int>
        Type Iterator<Int>
        Local $for.iterator.result.1
      goto bb1
    bb1 while.cond.1 <loop-header-poll>
      call $for.next.3: Option<Int> = @fn5 interface Iterator<Int>[0]
        Type Iterator<Int>
        Local $for.iterator.2
      branch bb3 bb2
        Type Boolean
        VariantTest Option<Int> v0
          Type Option<Int>
          Local $for.next.3
    bb2 while.exit.2
      val $dependency.receiver: Int
        Type Int
        Local sum
      val $dependency.argument.0: Int
        Type Int
        IntegerLiteral Int value=42 bits=0x0000002a
      val $dependency.parameter.other: Int
        Type Int
        Local $dependency.argument.0
      branch bb4 bb5
        Type Boolean
        Unary BoolNot
          Type Boolean
          IntegerCompare equal operands=Int result=Boolean
            Type Int
            Local $dependency.receiver
            Type Int
            Local $dependency.parameter.other
    bb3 while.body.3
      val $for.element.4: Int
        Type Int
        VariantPayloadProject Option<Int> v0 f0
          Type Option<Int>
          Local $for.next.3
      val value: Int
        Type Int
        Local $for.element.4
      val $dependency.receiver: Int
        Type Int
        Local sum
      val $dependency.argument.0: Int
        Type Int
        Local value
      val $dependency.parameter.other: Int
        Type Int
        Local $dependency.argument.0
      assign sum
        Type Int
        IntegerBinary add kind=Int
          Type Int
          Local $dependency.receiver
          Type Int
          Local $dependency.parameter.other
      goto bb1
    bb4 if.then.4
      val $shortCircuit.5: Boolean
        Type Boolean
        BoolLiteral true
      goto bb6
    bb5 if.else.5
      call $dependency.receiver: Int = external1 direct
      val $dependency.argument.0: Int
        Type Int
        IntegerLiteral Int value=1 bits=0x00000001
      val $dependency.parameter.other: Int
        Type Int
        Local $dependency.argument.0
      val $shortCircuit.5: Boolean
        Type Boolean
        Unary BoolNot
          Type Boolean
          IntegerCompare equal operands=Int result=Boolean
            Type Int
            Local $dependency.receiver
            Type Int
            Local $dependency.parameter.other
      goto bb6
    bb6 if.merge.6
      branch bb7 bb8
        Type Boolean
        Local $shortCircuit.5
    bb7 if.then.7
      val $shortCircuit.6: Boolean
        Type Boolean
        BoolLiteral true
      goto bb9
    bb8 if.else.8
      call $dependency.receiver: Int = external2 direct
      val $dependency.argument.0: Int
        Type Int
        IntegerLiteral Int value=3 bits=0x00000003
      val $dependency.parameter.other: Int
        Type Int
        Local $dependency.argument.0
      val $shortCircuit.6: Boolean
        Type Boolean
        Unary BoolNot
          Type Boolean
          IntegerCompare equal operands=Int result=Boolean
            Type Int
            Local $dependency.receiver
            Type Int
            Local $dependency.parameter.other
      goto bb9
    bb9 if.merge.9
      branch bb10 bb11
        Type Boolean
        Local $shortCircuit.6
    bb10 if.then.10
      return
        Type Int
        IntegerLiteral Int value=1 bits=0x00000001
    bb11 if.merge.11
      call external0 direct
      assign sum
        Type Int
        IntegerLiteral Int value=0 bits=0x00000000
      val $dependency.argument.0: Array<Int>
        Type Array<Int>
        ArrayLiteral Array<Int>
          Type Int
          IntegerLiteral Int value=20 bits=0x00000014
          Type Int
          IntegerLiteral Int value=22 bits=0x00000016
      val $dependency.parameter.values: Array<Int>
        Type Array<Int>
        Local $dependency.argument.0
      call $for.source.7: ValueItems<Int> = @fn13 direct
        Type Array<Int>
        Local $dependency.parameter.values
      val $dependency.receiver: ValueItems<Int>
        Type ValueItems<Int>
        Local $for.source.7
      call $for.iterator.result.8: ValueCursor<Int> = @fn6 direct
        Type ValueItems<Int>
        Local $dependency.receiver
      val $for.iterator.9: Iterator<Int>
        Type Iterator<Int>
        Box
          Type ValueCursor<Int>
          Local $for.iterator.result.8
      goto bb12
    bb12 while.cond.12 <loop-header-poll>
      call $for.next.10: Option<Int> = @fn5 interface Iterator<Int>[0]
        Type Iterator<Int>
        Local $for.iterator.9
      branch bb14 bb13
        Type Boolean
        VariantTest Option<Int> v0
          Type Option<Int>
          Local $for.next.10
    bb13 while.exit.13
      val $dependency.receiver: Int
        Type Int
        Local sum
      val $dependency.argument.0: Int
        Type Int
        IntegerLiteral Int value=42 bits=0x0000002a
      val $dependency.parameter.other: Int
        Type Int
        Local $dependency.argument.0
      branch bb15 bb16
        Type Boolean
        IntegerCompare equal operands=Int result=Boolean
          Type Int
          Local $dependency.receiver
          Type Int
          Local $dependency.parameter.other
    bb14 while.body.14
      val $for.element.11: Int
        Type Int
        VariantPayloadProject Option<Int> v0 f0
          Type Option<Int>
          Local $for.next.10
      val value: Int
        Type Int
        Local $for.element.11
      val $dependency.receiver: Int
        Type Int
        Local sum
      val $dependency.argument.0: Int
        Type Int
        Local value
      val $dependency.parameter.other: Int
        Type Int
        Local $dependency.argument.0
      assign sum
        Type Int
        IntegerBinary add kind=Int
          Type Int
          Local $dependency.receiver
          Type Int
          Local $dependency.parameter.other
      goto bb12
    bb15 if.then.15
      call $dependency.receiver: Int = external1 direct
      val $dependency.argument.0: Int
        Type Int
        IntegerLiteral Int value=1 bits=0x00000001
      val $dependency.parameter.other: Int
        Type Int
        Local $dependency.argument.0
      val $shortCircuit.12: Boolean
        Type Boolean
        IntegerCompare equal operands=Int result=Boolean
          Type Int
          Local $dependency.receiver
          Type Int
          Local $dependency.parameter.other
      goto bb17
    bb16 if.else.16
      val $shortCircuit.12: Boolean
        Type Boolean
        BoolLiteral false
      goto bb17
    bb17 if.merge.17
      branch bb18 bb19
        Type Boolean
        Local $shortCircuit.12
    bb18 if.then.18
      call $dependency.receiver: Int = external2 direct
      val $dependency.argument.0: Int
        Type Int
        IntegerLiteral Int value=3 bits=0x00000003
      val $dependency.parameter.other: Int
        Type Int
        Local $dependency.argument.0
      val $shortCircuit.13: Boolean
        Type Boolean
        IntegerCompare equal operands=Int result=Boolean
          Type Int
          Local $dependency.receiver
          Type Int
          Local $dependency.parameter.other
      goto bb20
    bb19 if.else.19
      val $shortCircuit.13: Boolean
        Type Boolean
        BoolLiteral false
      goto bb20
    bb20 if.merge.20
      branch bb21 bb22
        Type Boolean
        Local $shortCircuit.13
    bb21 if.then.21
      assign $result.14
        Type Int
        IntegerLiteral Int value=42 bits=0x0000002a
      goto bb23
    bb22 if.else.22
      assign $result.14
        Type Int
        IntegerLiteral Int value=2 bits=0x00000002
      goto bb23
    bb23 if.merge.23
      return
        Type Int
        Local $result.14
  fun iterator @fn1(this: Array<Int>) -> Iterator<Int>
    bb0 entry
      val $dependency.local.1: Array<Int>
        Type Array<Int>
        Local this
      val $dependency.local.2: Long
        Type Long
        IntegerLiteral Long value=0 bits=0x0000000000000000
      val $dependency.local.3: Array<Int>
        Type Array<Int>
        Local $dependency.local.1
      val $dependency.local.4: Long
        Type Long
        Local $dependency.local.2
      assign $new.1
        Type ArrayIterator<Int>
        ClassAlloc ArrayIterator<Int>
      call @fn11 direct
        Type ArrayIterator<Int>
        Local $new.1
        Type Array<Int>
        Local $dependency.local.3
        Type Long
        Local $dependency.local.4
      return
        Type Iterator<Int>
        Retype Iterator<Int>
          Type ArrayIterator<Int>
          Local $new.1
  fun next @fn2(this: Cursor<Int>) -> Option<Int>
    bb0 entry
      call $dependency.local.2: Int = external2 direct
      val $dependency.local.3: Int
        Type Int
        IntegerLiteral Int value=1 bits=0x00000001
      val $dependency.local.4: Int
        Type Int
        Local $dependency.local.3
      call external3 direct
        Type Int
        IntegerBinary add kind=Int
          Type Int
          Local $dependency.local.2
          Type Int
          Local $dependency.local.4
      val $dependency.local.5: Long
        Type Long
        FieldAccess 1
          Type Cursor<Int>
          Local this
      call $call.1: Array<Int> = @fn8 direct
        Type Cursor<Int>
        Local this
      val $dependency.local.6: Long
        Type Long
        ArrayLen Array<Int>
          Type Array<Int>
          Local $call.1
      val $dependency.local.7: Long
        Type Long
        Local $dependency.local.6
      branch bb1 bb2
        Type Boolean
        IntegerCompare less-than operands=Long result=Boolean
          Type Long
          IntegerCompareTo operands=Long result=Long
            Type Long
            Local $dependency.local.5
            Type Long
            Local $dependency.local.7
          Type Long
          IntegerLiteral Long value=0 bits=0x0000000000000000
    bb1 if.then.1
      call $dependency.local.8: Array<Int> = @fn8 direct
        Type Cursor<Int>
        Local this
      val $dependency.local.9: Long
        Type Long
        FieldAccess 1
          Type Cursor<Int>
          Local this
      val $dependency.local.10: Long
        Type Long
        Local $dependency.local.9
      val $arr.1: Array<Int>
        Type Array<Int>
        Local $dependency.local.8
      val $idx.2: Long
        Type Long
        Local $dependency.local.10
      branch bb4 bb3
        Type Boolean
        IntegerCompare less-than operands=Long result=Boolean
          Type Long
          Local $idx.2
          Type Long
          IntegerLiteral Long value=0 bits=0x0000000000000000
    bb2 if.merge.2
      return
        Type Option<Int>
        VariantConstruct Option<Int> v1
    bb3 logic.rhs.3
      assign $logic.2
        Type Boolean
        IntegerCompare greater-than-or-equal operands=Long result=Boolean
          Type Long
          Local $idx.2
          Type Long
          ArrayLen Array<Int>
            Type Array<Int>
            Local $arr.1
      goto bb5
    bb4 logic.short.4
      assign $logic.2
        Type Boolean
        BoolLiteral true
      goto bb5
    bb5 logic.merge.5
      branch bb6 bb7
        Type Boolean
        Local $logic.2
    bb6 if.then.6
      assign $new.3
        Type IndexOutOfBoundsException
        ClassAlloc IndexOutOfBoundsException
      call external5 direct
        Type IndexOutOfBoundsException
        Local $new.3
      throw
        Type IndexOutOfBoundsException
        Local $new.3
    bb7 if.merge.7
      val $dependency.local.1: Int
        Type Int
        ArrayGet Array<Int>
          Type Array<Int>
          Local $arr.1
          Type Long
          Local $idx.2
      val $dependency.local.11: Long
        Type Long
        FieldAccess 1
          Type Cursor<Int>
          Local this
      val $dependency.local.12: Long
        Type Long
        IntegerLiteral Long value=1 bits=0x0000000000000001
      val $dependency.local.13: Long
        Type Long
        Local $dependency.local.12
      field_set 1
        Type Cursor<Int>
        Local this
        Type Long
        IntegerBinary add kind=Long
          Type Long
          Local $dependency.local.11
          Type Long
          Local $dependency.local.13
      val $dependency.local.14: Int
        Type Int
        Local $dependency.local.1
      val $dependency.local.15: Int
        Type Int
        Local $dependency.local.14
      return
        Type Option<Int>
        VariantConstruct Option<Int> v0
          Type Int
          Local $dependency.local.15
  fun next @fn3(this: ValueCursor<Int>) -> Option<Int>
    bb0 entry
      val $dependency.local.1: Cursor<Int>
        Type Cursor<Int>
        FieldAccess 0
          Type ValueCursor<Int>
          Local this
      call $call.1: Option<Int> = @fn2 virtual[0]
        Type Cursor<Int>
        Local $dependency.local.1
      return
        Type Option<Int>
        Local $call.1
  fun $extension.iterator @fn4(this: Items<Int>) -> Iterator<Int>
    bb0 entry
      call $dependency.local.1: Int = external1 direct
      val $dependency.local.2: Int
        Type Int
        IntegerLiteral Int value=1 bits=0x00000001
      val $dependency.local.3: Int
        Type Int
        Local $dependency.local.2
      call external4 direct
        Type Int
        IntegerBinary add kind=Int
          Type Int
          Local $dependency.local.1
          Type Int
          Local $dependency.local.3
      call $dependency.local.4: Array<Int> = @fn9 direct
        Type Items<Int>
        Local this
      val $dependency.local.5: Array<Int>
        Type Array<Int>
        Local $dependency.local.4
      assign $new.1
        Type Cursor<Int>
        ClassAlloc Cursor<Int>
      call @fn12 direct
        Type Cursor<Int>
        Local $new.1
        Type Array<Int>
        Local $dependency.local.5
      return
        Type Iterator<Int>
        Retype Iterator<Int>
          Type Cursor<Int>
          Local $new.1
  fun next @fn5(this: Iterator<Int>) -> Option<Int>
    bb0 entry
      trap "call to abstract method `next`"
  fun $extension.iterator @fn6(this: ValueItems<Int>) -> ValueCursor<Int>
    bb0 entry
      call $dependency.local.1: Int = external1 direct
      val $dependency.local.2: Int
        Type Int
        IntegerLiteral Int value=1 bits=0x00000001
      val $dependency.local.3: Int
        Type Int
        Local $dependency.local.2
      call external4 direct
        Type Int
        IntegerBinary add kind=Int
          Type Int
          Local $dependency.local.1
          Type Int
          Local $dependency.local.3
      val $dependency.local.4: Array<Int>
        Type Array<Int>
        FieldAccess 0
          Type ValueItems<Int>
          Local this
      val $dependency.local.5: Array<Int>
        Type Array<Int>
        Local $dependency.local.4
      assign $new.1
        Type Cursor<Int>
        ClassAlloc Cursor<Int>
      call @fn12 direct
        Type Cursor<Int>
        Local $new.1
        Type Array<Int>
        Local $dependency.local.5
      val $dependency.local.6: Cursor<Int>
        Type Cursor<Int>
        Local $new.1
      val $dependency.local.7: Cursor<Int>
        Type Cursor<Int>
        Local $dependency.local.6
      call $call.2: ValueCursor<Int> = @fn14 direct
        Type Cursor<Int>
        Local $dependency.local.7
      return
        Type ValueCursor<Int>
        Local $call.2
  fun next @fn7(this: ArrayIterator<Int>) -> Option<Int>
    bb0 entry
      val $dependency.local.2: Long
        Type Long
        FieldAccess 1
          Type ArrayIterator<Int>
          Local this
      val $dependency.local.3: Long
        Type Long
        ArrayLen Array<Int>
          Type Array<Int>
          FieldAccess 0
            Type ArrayIterator<Int>
            Local this
      val $dependency.local.4: Long
        Type Long
        Local $dependency.local.3
      branch bb1 bb2
        Type Boolean
        IntegerCompare less-than operands=Long result=Boolean
          Type Long
          IntegerCompareTo operands=Long result=Long
            Type Long
            Local $dependency.local.2
            Type Long
            Local $dependency.local.4
          Type Long
          IntegerLiteral Long value=0 bits=0x0000000000000000
    bb1 if.then.1
      val $dependency.local.5: Array<Int>
        Type Array<Int>
        FieldAccess 0
          Type ArrayIterator<Int>
          Local this
      val $dependency.local.6: Long
        Type Long
        FieldAccess 1
          Type ArrayIterator<Int>
          Local this
      val $dependency.local.7: Long
        Type Long
        Local $dependency.local.6
      val $arr.1: Array<Int>
        Type Array<Int>
        Local $dependency.local.5
      val $idx.2: Long
        Type Long
        Local $dependency.local.7
      branch bb4 bb3
        Type Boolean
        IntegerCompare less-than operands=Long result=Boolean
          Type Long
          Local $idx.2
          Type Long
          IntegerLiteral Long value=0 bits=0x0000000000000000
    bb2 if.merge.2
      return
        Type Option<Int>
        VariantConstruct Option<Int> v1
    bb3 logic.rhs.3
      assign $logic.1
        Type Boolean
        IntegerCompare greater-than-or-equal operands=Long result=Boolean
          Type Long
          Local $idx.2
          Type Long
          ArrayLen Array<Int>
            Type Array<Int>
            Local $arr.1
      goto bb5
    bb4 logic.short.4
      assign $logic.1
        Type Boolean
        BoolLiteral true
      goto bb5
    bb5 logic.merge.5
      branch bb6 bb7
        Type Boolean
        Local $logic.1
    bb6 if.then.6
      assign $new.2
        Type IndexOutOfBoundsException
        ClassAlloc IndexOutOfBoundsException
      call external5 direct
        Type IndexOutOfBoundsException
        Local $new.2
      throw
        Type IndexOutOfBoundsException
        Local $new.2
    bb7 if.merge.7
      val $dependency.local.1: Int
        Type Int
        ArrayGet Array<Int>
          Type Array<Int>
          Local $arr.1
          Type Long
          Local $idx.2
      val $dependency.local.8: Long
        Type Long
        FieldAccess 1
          Type ArrayIterator<Int>
          Local this
      val $dependency.local.9: Long
        Type Long
        IntegerLiteral Long value=1 bits=0x0000000000000001
      val $dependency.local.10: Long
        Type Long
        Local $dependency.local.9
      field_set 1
        Type ArrayIterator<Int>
        Local this
        Type Long
        IntegerBinary add kind=Long
          Type Long
          Local $dependency.local.8
          Type Long
          Local $dependency.local.10
      val $dependency.local.11: Int
        Type Int
        Local $dependency.local.1
      val $dependency.local.12: Int
        Type Int
        Local $dependency.local.11
      return
        Type Option<Int>
        VariantConstruct Option<Int> v0
          Type Int
          Local $dependency.local.12
  fun values @fn8(this: Cursor<Int>) -> Array<Int>
    bb0 entry
      return
        Type Array<Int>
        FieldAccess 0
          Type Cursor<Int>
          Local this
  fun values @fn9(this: Items<Int>) -> Array<Int>
    bb0 entry
      return
        Type Array<Int>
        FieldAccess 0
          Type Items<Int>
          Local this
  fun init.Items.$c0 @fn10(this: Items<Int>, values: Array<Int>) -> Unit
    bb0 entry
      field_set 0
        Type Items<Int>
        Local this
        Type Array<Int>
        Local values
      return
  fun init.ArrayIterator.$c6 @fn11(this: ArrayIterator<Int>, source: Array<Int>, index: Long) -> Unit
    bb0 entry
      field_set 0
        Type ArrayIterator<Int>
        Local this
        Type Array<Int>
        Local source
      field_set 1
        Type ArrayIterator<Int>
        Local this
        Type Long
        Local index
      return
  fun init.Cursor.$c3 @fn12(this: Cursor<Int>, values: Array<Int>) -> Unit
    bb0 entry
      field_set 0
        Type Cursor<Int>
        Local this
        Type Array<Int>
        Local values
      field_set 1
        Type Cursor<Int>
        Local this
        Type Long
        IntegerLiteral Long value=0 bits=0x0000000000000000
      return
  fun ctor.ValueItems.$c1 @fn13(values: Array<Int>) -> ValueItems<Int> <no-gc>
    bb0 entry
      return
        Type ValueItems<Int>
        StructInit ValueItems<Int>
          Type Array<Int>
          Local values
  fun ctor.ValueCursor.$c4 @fn14(inner: Cursor<Int>) -> ValueCursor<Int> <no-gc>
    bb0 entry
      return
        Type ValueCursor<Int>
        StructInit ValueCursor<Int>
          Type Cursor<Int>
          Local inner
  fun thunk<ValueCursor<Int>> Iterator.next() @fn15(this: Iterator<Int>) -> Option<Int>
    bb0 entry
      call $call.1: Option<Int> = @fn3 direct
        Type ValueCursor<Int>
        Unbox
          Type Iterator<Int>
          Local this
      return
        Type Option<Int>
        Local $call.1
  instance mi0 function=@fn1 <- iterator
  instance mi1 function=@fn2 <- next
  instance mi2 function=@fn3 <- next
  instance mi3 function=@fn4 <- $extension.iterator
  instance mi4 function=@fn5 <- next
  instance mi5 function=@fn6 <- $extension.iterator
  instance mi6 function=@fn7 <- next
  instance mi7 function=@fn8 <- values
  instance mi8 function=@fn9 <- values
  output library
