Module
  property0 var counter: Int getter0=storage setter0=storage <native-storage global0>
  property1 val limit: Int getter1=storage <native-storage global1>
  property2 var tlsInitial: Int getter2=storage setter1=storage <native-storage global2>
  property3 var tlsZero: Int getter3=storage setter2=storage <native-storage global3>
  var counter: Int <global0 extern symbol=m23_counter lib=m23_storage>
  val limit: Int <global1 extern symbol=m23_limit lib=m23_storage>
  var tlsInitial: Int <global2 extern symbol=m23_tls_initial lib=m23_storage thread_local>
  var tlsZero: Int <global3 extern symbol=m23_tls_zero lib=m23_storage thread_local>
  fun increment(arg1: Ptr<Int>): Int <unsafe no-gc cdecl> <extern0 abi=c symbol=m23_increment lib=m23_storage>
  fun main(): Unit
    val local0
      GlobalRead counter : Int
    val local1
      Local $dependency.argument.0 : Int
    Call println<Int> : Unit
      Local $dependency.parameter.value : Int
    val local2
      GlobalRead counter : Int
    val local3
      Local $old.0 : Int
    val local4
      IntegerLiteral 10 : Int
    val local5
      Local $dependency.argument.0 : Int
    assign global counter
      IntegerOperation int.add <no-gc> : Int
        Local $dependency.receiver : Int
        Local $dependency.parameter.other : Int
    val local6
      GlobalRead counter : Int
    val local7
      Local $old.1 : Int
    val local8
      IntegerOperation int.inc <no-gc> : Int
        Local $dependency.receiver : Int
    assign global counter
      Local $new.2 : Int
    val local9
      Local $old.1 : Int
    val local10
      Local $dependency.argument.0 : Int
    Call println<Int> : Unit
      Local $dependency.parameter.value : Int
    val local11
      AddressOf global counter : Ptr<Int>
    val local12
      IntegerLiteral 42 : Int
    val local13
      Local $dependency.argument.0 : Int
    PtrStore : Unit
      Local $dependency.receiver : Ptr<Int>
      Local $dependency.parameter.value : Int
    val local14
      AddressOf global counter : Ptr<Int>
    val local15
      Local $argument.0 : Ptr<Int>
    val local16
      Call increment : Int
        Local $parameter.pointer : Ptr<Int>
    val local17
      Local $dependency.argument.0 : Int
    Call println<Int> : Unit
      Local $dependency.parameter.value : Int
    val local18
      GlobalRead limit : Int
    val local19
      Local $dependency.argument.0 : Int
    Call println<Int> : Unit
      Local $dependency.parameter.value : Int
    val local20
      GlobalRead tlsInitial : Int
    val local21
      Local $dependency.argument.0 : Int
    Call println<Int> : Unit
      Local $dependency.parameter.value : Int
    val local22
      GlobalRead tlsZero : Int
    val local23
      Local $dependency.argument.0 : Int
    Call println<Int> : Unit
      Local $dependency.parameter.value : Int
    val local24
      AddressOf global tlsInitial : Ptr<Int>
    val local25
      IntegerLiteral 33 : Int
    val local26
      Local $dependency.argument.0 : Int
    PtrStore : Unit
      Local $dependency.receiver : Ptr<Int>
      Local $dependency.parameter.value : Int
    assign global tlsZero
      IntegerLiteral 34 : Int
    val local27
      GlobalRead tlsInitial : Int
    val local28
      Local $dependency.argument.0 : Int
    Call println<Int> : Unit
      Local $dependency.parameter.value : Int
    val local29
      GlobalRead tlsZero : Int
    val local30
      Local $dependency.argument.0 : Int
    Call println<Int> : Unit
      Local $dependency.parameter.value : Int
  output executable main

